Archive member included to satisfy reference by file (symbol)

/opt/Atollic_TrueSTUDIO_for_STM32_x86_64_9.0.1/ARMTools/bin/../lib/gcc/arm-atollic-eabi/6.3.1/../../../../arm-atollic-eabi/lib/armv7e-m/fpu/libc_nano.a(lib_a-init.o)
                              startup/startup_stm32f446xx.o (__libc_init_array)
/opt/Atollic_TrueSTUDIO_for_STM32_x86_64_9.0.1/ARMTools/bin/../lib/gcc/arm-atollic-eabi/6.3.1/../../../../arm-atollic-eabi/lib/armv7e-m/fpu/libc_nano.a(lib_a-memcpy-stub.o)
                              Middlewares/Third_Party/FreeRTOS/Source/queue.o (memcpy)
/opt/Atollic_TrueSTUDIO_for_STM32_x86_64_9.0.1/ARMTools/bin/../lib/gcc/arm-atollic-eabi/6.3.1/../../../../arm-atollic-eabi/lib/armv7e-m/fpu/libc_nano.a(lib_a-memset.o)
                              Src/adc.o (memset)
/opt/Atollic_TrueSTUDIO_for_STM32_x86_64_9.0.1/ARMTools/bin/../lib/gcc/arm-atollic-eabi/6.3.1/armv7e-m/fpu/libgcc.a(_aeabi_uldivmod.o)
                              Drivers/STM32F4xx_HAL_Driver/Src/stm32f4xx_hal_rcc.o (__aeabi_uldivmod)
/opt/Atollic_TrueSTUDIO_for_STM32_x86_64_9.0.1/ARMTools/bin/../lib/gcc/arm-atollic-eabi/6.3.1/armv7e-m/fpu/libgcc.a(_udivmoddi4.o)
                              /opt/Atollic_TrueSTUDIO_for_STM32_x86_64_9.0.1/ARMTools/bin/../lib/gcc/arm-atollic-eabi/6.3.1/armv7e-m/fpu/libgcc.a(_aeabi_uldivmod.o) (__udivmoddi4)
/opt/Atollic_TrueSTUDIO_for_STM32_x86_64_9.0.1/ARMTools/bin/../lib/gcc/arm-atollic-eabi/6.3.1/armv7e-m/fpu/libgcc.a(_dvmd_tls.o)
                              /opt/Atollic_TrueSTUDIO_for_STM32_x86_64_9.0.1/ARMTools/bin/../lib/gcc/arm-atollic-eabi/6.3.1/armv7e-m/fpu/libgcc.a(_aeabi_uldivmod.o) (__aeabi_ldiv0)

Allocating common symbols
Common symbol       size              file

hdma_sdio_rx        0x60              Src/sdio.o
retSD               0x1               Src/fatfs.o
defaultTaskHandle   0x4               Src/freertos.o
hi2c3               0x54              Src/i2c.o
hdma_i2c3_rx        0x60              Src/i2c.o
hspi2               0x58              Src/spi.o
htim4               0x3c              Src/tim.o
hdma_usart3_rx      0x60              Src/usart.o
huart3              0x40              Src/usart.o
secondEventStartTime
                    0x4               Src/Misc/physical_iface.o
currentState        0x1               Src/Misc/physical_iface.o
uwTick              0x4               Drivers/STM32F4xx_HAL_Driver/Src/stm32f4xx_hal.o
xQueueRegistry      0x40              Middlewares/Third_Party/FreeRTOS/Source/queue.o
hdma_usart3_tx      0x60              Src/usart.o
pFlash              0x20              Drivers/STM32F4xx_HAL_Driver/Src/stm32f4xx_hal_flash.o
htim5               0x3c              Src/tim.o
htim3               0x3c              Src/tim.o
LIFTOFF_TIME        0x4               Src/Misc/physical_iface.o
airbrakes_angle     0x4               Src/Misc/physical_iface.o
huart1              0x40              Src/usart.o
SDPath              0x4               Src/fatfs.o
firstEventStartTime
                    0x4               Src/Misc/physical_iface.o
hdma_sdio_tx        0x60              Src/sdio.o
TxData              0x8               Src/CAN_communication.o
htim1               0x3c              Src/tim.o
flight_status       0x4               Src/Misc/physical_iface.o
readCANHandle       0x4               Src/freertos.o
hsd                 0x84              Src/sdio.o
TxMailbox           0x4               Src/CAN_communication.o
buzzerStartTime     0x4               Src/Misc/physical_iface.o
huart6              0x40              Src/usart.o
RxData              0x8               Src/CAN_communication.o
htim2               0x3c              Src/tim.o
state_machineHandle
                    0x4               Src/freertos.o
SDFile              0x230             Src/fatfs.o
calib_initial_altitude
                    0x4               Src/Misc/state_machine.o
hcan1               0x28              Src/can.o
TxHeader            0x18              Src/CAN_communication.o
RxHeader            0x1c              Src/CAN_communication.o
SDFatFS             0x234             Src/fatfs.o
current_msg         0x10              Src/CAN_communication.o
hqspi               0x4c              Src/quadspi.o

Discarded input sections

 .text          0x0000000000000000        0x0 /opt/Atollic_TrueSTUDIO_for_STM32_x86_64_9.0.1/ARMTools/bin/../lib/gcc/arm-atollic-eabi/6.3.1/armv7e-m/fpu/crti.o
 .data          0x0000000000000000        0x0 /opt/Atollic_TrueSTUDIO_for_STM32_x86_64_9.0.1/ARMTools/bin/../lib/gcc/arm-atollic-eabi/6.3.1/armv7e-m/fpu/crti.o
 .bss           0x0000000000000000        0x0 /opt/Atollic_TrueSTUDIO_for_STM32_x86_64_9.0.1/ARMTools/bin/../lib/gcc/arm-atollic-eabi/6.3.1/armv7e-m/fpu/crti.o
 .data          0x0000000000000000        0x4 /opt/Atollic_TrueSTUDIO_for_STM32_x86_64_9.0.1/ARMTools/bin/../lib/gcc/arm-atollic-eabi/6.3.1/armv7e-m/fpu/crtbegin.o
 .text          0x0000000000000000        0x0 Drivers/STM32F4xx_HAL_Driver/Src/stm32f4xx_hal.o
[...]
Memory Configuration

Name             Origin             Length             Attributes
RAM              0x0000000020000000 0x0000000000020000 xrw
FLASH            0x0000000008000000 0x0000000000080000 xr
*default*        0x0000000000000000 0xffffffffffffffff

Linker script and memory map

LOAD /opt/Atollic_TrueSTUDIO_for_STM32_x86_64_9.0.1/ARMTools/bin/../lib/gcc/arm-atollic-eabi/6.3.1/armv7e-m/fpu/crti.o
LOAD /opt/Atollic_TrueSTUDIO_for_STM32_x86_64_9.0.1/ARMTools/bin/../lib/gcc/arm-atollic-eabi/6.3.1/armv7e-m/fpu/crtbegin.o
LOAD Drivers/STM32F4xx_HAL_Driver/Src/stm32f4xx_hal.o
LOAD Drivers/STM32F4xx_HAL_Driver/Src/stm32f4xx_hal_can.o
LOAD Drivers/STM32F4xx_HAL_Driver/Src/stm32f4xx_hal_cortex.o
LOAD Drivers/STM32F4xx_HAL_Driver/Src/stm32f4xx_hal_dma.o
LOAD Drivers/STM32F4xx_HAL_Driver/Src/stm32f4xx_hal_dma_ex.o
LOAD Drivers/STM32F4xx_HAL_Driver/Src/stm32f4xx_hal_flash.o
LOAD Drivers/STM32F4xx_HAL_Driver/Src/stm32f4xx_hal_flash_ex.o
LOAD Drivers/STM32F4xx_HAL_Driver/Src/stm32f4xx_hal_flash_ramfunc.o
LOAD Drivers/STM32F4xx_HAL_Driver/Src/stm32f4xx_hal_gpio.o
LOAD Drivers/STM32F4xx_HAL_Driver/Src/stm32f4xx_hal_i2c.o
LOAD Drivers/STM32F4xx_HAL_Driver/Src/stm32f4xx_hal_i2c_ex.o
LOAD Drivers/STM32F4xx_HAL_Driver/Src/stm32f4xx_hal_pwr.o
LOAD Drivers/STM32F4xx_HAL_Driver/Src/stm32f4xx_hal_pwr_ex.o
LOAD Drivers/STM32F4xx_HAL_Driver/Src/stm32f4xx_hal_qspi.o
LOAD Drivers/STM32F4xx_HAL_Driver/Src/stm32f4xx_hal_rcc.o
LOAD Drivers/STM32F4xx_HAL_Driver/Src/stm32f4xx_hal_rcc_ex.o
LOAD Drivers/STM32F4xx_HAL_Driver/Src/stm32f4xx_hal_sd.o
LOAD Drivers/STM32F4xx_HAL_Driver/Src/stm32f4xx_hal_spi.o
LOAD Drivers/STM32F4xx_HAL_Driver/Src/stm32f4xx_hal_tim.o
LOAD Drivers/STM32F4xx_HAL_Driver/Src/stm32f4xx_hal_tim_ex.o
LOAD Drivers/STM32F4xx_HAL_Driver/Src/stm32f4xx_hal_uart.o
LOAD Drivers/STM32F4xx_HAL_Driver/Src/stm32f4xx_ll_adc.o
LOAD Drivers/STM32F4xx_HAL_Driver/Src/stm32f4xx_ll_dma.o
LOAD Drivers/STM32F4xx_HAL_Driver/Src/stm32f4xx_ll_exti.o
LOAD Drivers/STM32F4xx_HAL_Driver/Src/stm32f4xx_ll_gpio.o
LOAD Drivers/STM32F4xx_HAL_Driver/Src/stm32f4xx_ll_rcc.o
LOAD Drivers/STM32F4xx_HAL_Driver/Src/stm32f4xx_ll_sdmmc.o
LOAD Drivers/STM32F4xx_HAL_Driver/Src/stm32f4xx_ll_tim.o
LOAD Drivers/STM32F4xx_HAL_Driver/Src/stm32f4xx_ll_utils.o
LOAD Middlewares/Third_Party/FatFs/src/diskio.o
LOAD Middlewares/Third_Party/FatFs/src/ff.o
LOAD Middlewares/Third_Party/FatFs/src/ff_gen_drv.o
LOAD Middlewares/Third_Party/FatFs/src/option/syscall.o
LOAD Middlewares/Third_Party/FreeRTOS/Source/CMSIS_RTOS/cmsis_os.o
LOAD Middlewares/Third_Party/FreeRTOS/Source/croutine.o
LOAD Middlewares/Third_Party/FreeRTOS/Source/event_groups.o
LOAD Middlewares/Third_Party/FreeRTOS/Source/list.o
LOAD Middlewares/Third_Party/FreeRTOS/Source/portable/GCC/ARM_CM4F/port.o
LOAD Middlewares/Third_Party/FreeRTOS/Source/portable/MemMang/heap_4.o
LOAD Middlewares/Third_Party/FreeRTOS/Source/queue.o
LOAD Middlewares/Third_Party/FreeRTOS/Source/tasks.o
LOAD Middlewares/Third_Party/FreeRTOS/Source/timers.o
LOAD Src/CAN_communication.o
LOAD Src/CAN_master.o
LOAD Src/Misc/physical_iface.o
LOAD Src/Misc/state_machine.o
LOAD Src/adc.o
LOAD Src/bsp_driver_sd.o
LOAD Src/can.o
LOAD Src/dma.o
LOAD Src/fatfs.o
LOAD Src/freertos.o
LOAD Src/gpio.o
LOAD Src/i2c.o
LOAD Src/led.o
LOAD Src/main.o
LOAD Src/quadspi.o
LOAD Src/sd_diskio.o
LOAD Src/sdio.o
LOAD Src/spi.o
LOAD Src/stm32f4xx_hal_msp.o
LOAD Src/stm32f4xx_it.o
LOAD Src/system_stm32f4xx.o
LOAD Src/tim.o
LOAD Src/usart.o
LOAD startup/startup_stm32f446xx.o
                0x0000000000000080                malloc_getpagesize_P = 0x80
START GROUP
LOAD /opt/Atollic_TrueSTUDIO_for_STM32_x86_64_9.0.1/ARMTools/bin/../lib/gcc/arm-atollic-eabi/6.3.1/../../../../arm-atollic-eabi/lib/armv7e-m/fpu/libc_nano.a
LOAD /opt/Atollic_TrueSTUDIO_for_STM32_x86_64_9.0.1/ARMTools/bin/../lib/gcc/arm-atollic-eabi/6.3.1/../../../../arm-atollic-eabi/lib/armv7e-m/fpu/libm.a
END GROUP
START GROUP
LOAD /opt/Atollic_TrueSTUDIO_for_STM32_x86_64_9.0.1/ARMTools/bin/../lib/gcc/arm-atollic-eabi/6.3.1/armv7e-m/fpu/libgcc.a
LOAD /opt/Atollic_TrueSTUDIO_for_STM32_x86_64_9.0.1/ARMTools/bin/../lib/gcc/arm-atollic-eabi/6.3.1/../../../../arm-atollic-eabi/lib/armv7e-m/fpu/libc_nano.a
END GROUP
START GROUP
LOAD /opt/Atollic_TrueSTUDIO_for_STM32_x86_64_9.0.1/ARMTools/bin/../lib/gcc/arm-atollic-eabi/6.3.1/armv7e-m/fpu/libgcc.a
LOAD /opt/Atollic_TrueSTUDIO_for_STM32_x86_64_9.0.1/ARMTools/bin/../lib/gcc/arm-atollic-eabi/6.3.1/../../../../arm-atollic-eabi/lib/armv7e-m/fpu/libc_nano.a
LOAD /opt/Atollic_TrueSTUDIO_for_STM32_x86_64_9.0.1/ARMTools/bin/../lib/gcc/arm-atollic-eabi/6.3.1/../../../../arm-atollic-eabi/lib/armv7e-m/fpu/libnosys.a
END GROUP
START GROUP
LOAD /opt/Atollic_TrueSTUDIO_for_STM32_x86_64_9.0.1/ARMTools/bin/../lib/gcc/arm-atollic-eabi/6.3.1/armv7e-m/fpu/libgcc.a
LOAD /opt/Atollic_TrueSTUDIO_for_STM32_x86_64_9.0.1/ARMTools/bin/../lib/gcc/arm-atollic-eabi/6.3.1/../../../../arm-atollic-eabi/lib/armv7e-m/fpu/libc_nano.a
LOAD /opt/Atollic_TrueSTUDIO_for_STM32_x86_64_9.0.1/ARMTools/bin/../lib/gcc/arm-atollic-eabi/6.3.1/../../../../arm-atollic-eabi/lib/armv7e-m/fpu/libnosys.a
END GROUP
LOAD /opt/Atollic_TrueSTUDIO_for_STM32_x86_64_9.0.1/ARMTools/bin/../lib/gcc/arm-atollic-eabi/6.3.1/armv7e-m/fpu/crtend.o
LOAD /opt/Atollic_TrueSTUDIO_for_STM32_x86_64_9.0.1/ARMTools/bin/../lib/gcc/arm-atollic-eabi/6.3.1/armv7e-m/fpu/crtn.o
                0x0000000020020000                _estack = 0x20020000
                0x0000000000000200                _Min_Heap_Size = 0x200
                0x0000000000000400                _Min_Stack_Size = 0x400

.isr_vector     0x0000000008000000      0x1c4
                0x0000000008000000                . = ALIGN (0x4)
 *(.isr_vector)
 .isr_vector    0x0000000008000000      0x1c4 startup/startup_stm32f446xx.o
                0x0000000008000000                g_pfnVectors
                0x00000000080001c4                . = ALIGN (0x4)

.text           0x00000000080001d0     0x6d18
                0x00000000080001d0                . = ALIGN (0x4)
 *(.text)
 .text          0x00000000080001d0       0x40 /opt/Atollic_TrueSTUDIO_for_STM32_x86_64_9.0.1/ARMTools/bin/../lib/gcc/arm-atollic-eabi/6.3.1/armv7e-m/fpu/crtbegin.o
 .text          0x0000000008000210       0x30 /opt/Atollic_TrueSTUDIO_for_STM32_x86_64_9.0.1/ARMTools/bin/../lib/gcc/arm-atollic-eabi/6.3.1/armv7e-m/fpu/libgcc.a(_aeabi_uldivmod.o)
                0x0000000008000210                __aeabi_uldivmod
 .text          0x0000000008000240      0x2dc /opt/Atollic_TrueSTUDIO_for_STM32_x86_64_9.0.1/ARMTools/bin/../lib/gcc/arm-atollic-eabi/6.3.1/armv7e-m/fpu/libgcc.a(_udivmoddi4.o)
                0x0000000008000240                __udivmoddi4
 .text          0x000000000800051c        0x4 /opt/Atollic_TrueSTUDIO_for_STM32_x86_64_9.0.1/ARMTools/bin/../lib/gcc/arm-atollic-eabi/6.3.1/armv7e-m/fpu/libgcc.a(_dvmd_tls.o)
                0x000000000800051c                __aeabi_ldiv0
                0x000000000800051c                __aeabi_idiv0
 *(.text*)
 .text.HAL_InitTick
                0x0000000008000520       0x48 Drivers/STM32F4xx_HAL_Driver/Src/stm32f4xx_hal.o
                0x0000000008000520                HAL_InitTick
 .text.HAL_Init
                0x0000000008000568       0x34 Drivers/STM32F4xx_HAL_Driver/Src/stm32f4xx_hal.o
                0x0000000008000568                HAL_Init
 .text.HAL_IncTick
                0x000000000800059c       0x18 Drivers/STM32F4xx_HAL_Driver/Src/stm32f4xx_hal.o
                0x000000000800059c                HAL_IncTick
 .text.HAL_GetTick
                0x00000000080005b4        0xc Drivers/STM32F4xx_HAL_Driver/Src/stm32f4xx_hal.o
                0x00000000080005b4                HAL_GetTick
 .text.HAL_Delay
                0x00000000080005c0       0x28 Drivers/STM32F4xx_HAL_Driver/Src/stm32f4xx_hal.o
                0x00000000080005c0                HAL_Delay
 .text.HAL_CAN_Init
                0x00000000080005e8       0xf6 Drivers/STM32F4xx_HAL_Driver/Src/stm32f4xx_hal_can.o
                0x00000000080005e8                HAL_CAN_Init
 *fill*         0x00000000080006de        0x2 
 .text.HAL_CAN_ConfigFilter
                0x00000000080006e0      0x114 Drivers/STM32F4xx_HAL_Driver/Src/stm32f4xx_hal_can.o
                0x00000000080006e0                HAL_CAN_ConfigFilter
 .text.HAL_CAN_Start
                0x00000000080007f4       0x56 Drivers/STM32F4xx_HAL_Driver/Src/stm32f4xx_hal_can.o
                0x00000000080007f4                HAL_CAN_Start
 .text.HAL_CAN_AddTxMessage
                0x000000000800084a       0x9e Drivers/STM32F4xx_HAL_Driver/Src/stm32f4xx_hal_can.o
                0x000000000800084a                HAL_CAN_AddTxMessage
 .text.HAL_CAN_GetRxMessage
                0x00000000080008e8       0xfc Drivers/STM32F4xx_HAL_Driver/Src/stm32f4xx_hal_can.o
                0x00000000080008e8                HAL_CAN_GetRxMessage
 .text.HAL_CAN_GetRxFifoFillLevel
                0x00000000080009e4       0x24 Drivers/STM32F4xx_HAL_Driver/Src/stm32f4xx_hal_can.o
                0x00000000080009e4                HAL_CAN_GetRxFifoFillLevel
 .text.HAL_NVIC_SetPriorityGrouping
                0x0000000008000a08       0x24 Drivers/STM32F4xx_HAL_Driver/Src/stm32f4xx_hal_cortex.o
                0x0000000008000a08                HAL_NVIC_SetPriorityGrouping
 .text.HAL_NVIC_SetPriority
                0x0000000008000a2c       0x68 Drivers/STM32F4xx_HAL_Driver/Src/stm32f4xx_hal_cortex.o
                0x0000000008000a2c                HAL_NVIC_SetPriority
 .text.HAL_NVIC_EnableIRQ
                0x0000000008000a94       0x18 Drivers/STM32F4xx_HAL_Driver/Src/stm32f4xx_hal_cortex.o
                0x0000000008000a94                HAL_NVIC_EnableIRQ
 .text.HAL_SYSTICK_Config
                0x0000000008000aac       0x2c Drivers/STM32F4xx_HAL_Driver/Src/stm32f4xx_hal_cortex.o
                0x0000000008000aac                HAL_SYSTICK_Config
 .text.DMA_CalcBaseAndBitshift
                0x0000000008000ad8       0x2c Drivers/STM32F4xx_HAL_Driver/Src/stm32f4xx_hal_dma.o
 .text.HAL_DMA_Init
                0x0000000008000b04       0xfc Drivers/STM32F4xx_HAL_Driver/Src/stm32f4xx_hal_dma.o
                0x0000000008000b04                HAL_DMA_Init
 .text.HAL_DMA_Start_IT
                0x0000000008000c00       0x7c Drivers/STM32F4xx_HAL_Driver/Src/stm32f4xx_hal_dma.o
                0x0000000008000c00                HAL_DMA_Start_IT
 .text.HAL_DMA_Abort_IT
                0x0000000008000c7c       0x24 Drivers/STM32F4xx_HAL_Driver/Src/stm32f4xx_hal_dma.o
                0x0000000008000c7c                HAL_DMA_Abort_IT
 .text.HAL_DMA_IRQHandler
                0x0000000008000ca0      0x174 Drivers/STM32F4xx_HAL_Driver/Src/stm32f4xx_hal_dma.o
                0x0000000008000ca0                HAL_DMA_IRQHandler
 .text.HAL_GPIO_Init
                0x0000000008000e14      0x1b4 Drivers/STM32F4xx_HAL_Driver/Src/stm32f4xx_hal_gpio.o
                0x0000000008000e14                HAL_GPIO_Init
 .text.HAL_I2C_Init
                0x0000000008000fc8       0xdc Drivers/STM32F4xx_HAL_Driver/Src/stm32f4xx_hal_i2c.o
                0x0000000008000fc8                HAL_I2C_Init
 .text.QSPI_WaitFlagStateUntilTimeout
                0x00000000080010a4       0x4c Drivers/STM32F4xx_HAL_Driver/Src/stm32f4xx_hal_qspi.o
 .text.HAL_QSPI_Init
                0x00000000080010f0       0xb8 Drivers/STM32F4xx_HAL_Driver/Src/stm32f4xx_hal_qspi.o
                0x00000000080010f0                HAL_QSPI_Init
 .text.HAL_RCC_ClockConfig
                0x00000000080011a8      0x134 Drivers/STM32F4xx_HAL_Driver/Src/stm32f4xx_hal_rcc.o
                0x00000000080011a8                HAL_RCC_ClockConfig
 .text.HAL_RCC_GetPCLK1Freq
                0x00000000080012dc       0x20 Drivers/STM32F4xx_HAL_Driver/Src/stm32f4xx_hal_rcc.o
                0x00000000080012dc                HAL_RCC_GetPCLK1Freq
 .text.HAL_RCC_GetPCLK2Freq
                0x00000000080012fc       0x20 Drivers/STM32F4xx_HAL_Driver/Src/stm32f4xx_hal_rcc.o
                0x00000000080012fc                HAL_RCC_GetPCLK2Freq
 .text.HAL_RCCEx_PeriphCLKConfig
                0x000000000800131c      0x410 Drivers/STM32F4xx_HAL_Driver/Src/stm32f4xx_hal_rcc_ex.o
                0x000000000800131c                HAL_RCCEx_PeriphCLKConfig
 .text.HAL_RCC_GetSysClockFreq
                0x000000000800172c       0x90 Drivers/STM32F4xx_HAL_Driver/Src/stm32f4xx_hal_rcc_ex.o
                0x000000000800172c                HAL_RCC_GetSysClockFreq
 .text.HAL_RCC_OscConfig
                0x00000000080017bc      0x334 Drivers/STM32F4xx_HAL_Driver/Src/stm32f4xx_hal_rcc_ex.o
                0x00000000080017bc                HAL_RCC_OscConfig
 .text.SD_DMATransmitCplt
                0x0000000008001af0        0xe Drivers/STM32F4xx_HAL_Driver/Src/stm32f4xx_hal_sd.o
 .text.SD_FindSCR
                0x0000000008001afe       0xca Drivers/STM32F4xx_HAL_Driver/Src/stm32f4xx_hal_sd.o
 .text.HAL_SD_ReadBlocks_DMA
                0x0000000008001bc8      0x10c Drivers/STM32F4xx_HAL_Driver/Src/stm32f4xx_hal_sd.o
                0x0000000008001bc8                HAL_SD_ReadBlocks_DMA
 .text.HAL_SD_WriteBlocks_DMA
                0x0000000008001cd4      0x100 Drivers/STM32F4xx_HAL_Driver/Src/stm32f4xx_hal_sd.o
                0x0000000008001cd4                HAL_SD_WriteBlocks_DMA
 .text.HAL_SD_ErrorCallback
                0x0000000008001dd4        0x2 Drivers/STM32F4xx_HAL_Driver/Src/stm32f4xx_hal_sd.o
                0x0000000008001dd4                HAL_SD_ErrorCallback
 .text.SD_DMAReceiveCplt
                0x0000000008001dd6       0x3c Drivers/STM32F4xx_HAL_Driver/Src/stm32f4xx_hal_sd.o
 .text.HAL_SD_GetCardCSD
                0x0000000008001e12      0x1be Drivers/STM32F4xx_HAL_Driver/Src/stm32f4xx_hal_sd.o
                0x0000000008001e12                HAL_SD_GetCardCSD
 .text.HAL_SD_InitCard
                0x0000000008001fd0      0x1dc Drivers/STM32F4xx_HAL_Driver/Src/stm32f4xx_hal_sd.o
                0x0000000008001fd0                HAL_SD_InitCard
 .text.HAL_SD_Init
                0x00000000080021ac       0x34 Drivers/STM32F4xx_HAL_Driver/Src/stm32f4xx_hal_sd.o
                0x00000000080021ac                HAL_SD_Init
 .text.HAL_SD_GetCardInfo
                0x00000000080021e0       0x24 Drivers/STM32F4xx_HAL_Driver/Src/stm32f4xx_hal_sd.o
                0x00000000080021e0                HAL_SD_GetCardInfo
 .text.HAL_SD_ConfigWideBusOperation
                0x0000000008002204      0x108 Drivers/STM32F4xx_HAL_Driver/Src/stm32f4xx_hal_sd.o
                0x0000000008002204                HAL_SD_ConfigWideBusOperation
 .text.HAL_SD_GetCardState
                0x000000000800230c       0x28 Drivers/STM32F4xx_HAL_Driver/Src/stm32f4xx_hal_sd.o
                0x000000000800230c                HAL_SD_GetCardState
 .text.SD_DMAError
                0x0000000008002334       0x54 Drivers/STM32F4xx_HAL_Driver/Src/stm32f4xx_hal_sd.o
 .text.SD_DMATxAbort
                0x0000000008002388       0x44 Drivers/STM32F4xx_HAL_Driver/Src/stm32f4xx_hal_sd.o
 .text.SD_DMARxAbort
                0x00000000080023cc       0x44 Drivers/STM32F4xx_HAL_Driver/Src/stm32f4xx_hal_sd.o
 .text.HAL_SD_IRQHandler
                0x0000000008002410      0x1a8 Drivers/STM32F4xx_HAL_Driver/Src/stm32f4xx_hal_sd.o
                0x0000000008002410                HAL_SD_IRQHandler
 .text.HAL_SPI_Init
                0x00000000080025b8       0x7a Drivers/STM32F4xx_HAL_Driver/Src/stm32f4xx_hal_spi.o
                0x00000000080025b8                HAL_SPI_Init
 *fill*         0x0000000008002632        0x2 
 .text.TIM_OC1_SetConfig
                0x0000000008002634       0x58 Drivers/STM32F4xx_HAL_Driver/Src/stm32f4xx_hal_tim.o
 .text.TIM_OC3_SetConfig
                0x000000000800268c       0x60 Drivers/STM32F4xx_HAL_Driver/Src/stm32f4xx_hal_tim.o
 .text.TIM_OC4_SetConfig
                0x00000000080026ec       0x50 Drivers/STM32F4xx_HAL_Driver/Src/stm32f4xx_hal_tim.o
 .text.TIM_SlaveTimer_SetConfig
                0x000000000800273c       0xaa Drivers/STM32F4xx_HAL_Driver/Src/stm32f4xx_hal_tim.o
 .text.HAL_TIM_OC_MspInit
                0x00000000080027e6        0x2 Drivers/STM32F4xx_HAL_Driver/Src/stm32f4xx_hal_tim.o
                0x00000000080027e6                HAL_TIM_OC_MspInit
 .text.HAL_TIM_IC_MspInit
                0x00000000080027e8        0x2 Drivers/STM32F4xx_HAL_Driver/Src/stm32f4xx_hal_tim.o
                0x00000000080027e8                HAL_TIM_IC_MspInit
 .text.HAL_TIM_ConfigClockSource
                0x00000000080027ea      0x172 Drivers/STM32F4xx_HAL_Driver/Src/stm32f4xx_hal_tim.o
                0x00000000080027ea                HAL_TIM_ConfigClockSource
 .text.HAL_TIM_SlaveConfigSynchronization
                0x000000000800295c       0x40 Drivers/STM32F4xx_HAL_Driver/Src/stm32f4xx_hal_tim.o
                0x000000000800295c                HAL_TIM_SlaveConfigSynchronization
 .text.TIM_Base_SetConfig
                0x000000000800299c       0xc8 Drivers/STM32F4xx_HAL_Driver/Src/stm32f4xx_hal_tim.o
                0x000000000800299c                TIM_Base_SetConfig
 .text.HAL_TIM_Base_Init
                0x0000000008002a64       0x34 Drivers/STM32F4xx_HAL_Driver/Src/stm32f4xx_hal_tim.o
                0x0000000008002a64                HAL_TIM_Base_Init
 .text.HAL_TIM_OC_Init
                0x0000000008002a98       0x34 Drivers/STM32F4xx_HAL_Driver/Src/stm32f4xx_hal_tim.o
                0x0000000008002a98                HAL_TIM_OC_Init
 .text.HAL_TIM_IC_Init
                0x0000000008002acc       0x34 Drivers/STM32F4xx_HAL_Driver/Src/stm32f4xx_hal_tim.o
                0x0000000008002acc                HAL_TIM_IC_Init
 .text.TIM_TI1_SetConfig
                0x0000000008002b00       0x74 Drivers/STM32F4xx_HAL_Driver/Src/stm32f4xx_hal_tim.o
                0x0000000008002b00                TIM_TI1_SetConfig
 .text.HAL_TIM_IC_ConfigChannel
                0x0000000008002b74      0x110 Drivers/STM32F4xx_HAL_Driver/Src/stm32f4xx_hal_tim.o
                0x0000000008002b74                HAL_TIM_IC_ConfigChannel
 .text.TIM_OC2_SetConfig
                0x0000000008002c84       0x60 Drivers/STM32F4xx_HAL_Driver/Src/stm32f4xx_hal_tim.o
                0x0000000008002c84                TIM_OC2_SetConfig
 .text.HAL_TIM_OC_ConfigChannel
                0x0000000008002ce4       0x5c Drivers/STM32F4xx_HAL_Driver/Src/stm32f4xx_hal_tim.o
                0x0000000008002ce4                HAL_TIM_OC_ConfigChannel
 .text.HAL_TIMEx_MasterConfigSynchronization
                0x0000000008002d40       0x44 Drivers/STM32F4xx_HAL_Driver/Src/stm32f4xx_hal_tim_ex.o
                0x0000000008002d40                HAL_TIMEx_MasterConfigSynchronization
 .text.HAL_TIMEx_ConfigBreakDeadTime
                0x0000000008002d84       0x4c Drivers/STM32F4xx_HAL_Driver/Src/stm32f4xx_hal_tim_ex.o
                0x0000000008002d84                HAL_TIMEx_ConfigBreakDeadTime
 .text.UART_SetConfig
                0x0000000008002dd0      0x234 Drivers/STM32F4xx_HAL_Driver/Src/stm32f4xx_hal_uart.o
 .text.HAL_UART_Init
                0x0000000008003004       0x5c Drivers/STM32F4xx_HAL_Driver/Src/stm32f4xx_hal_uart.o
                0x0000000008003004                HAL_UART_Init
 .text.LL_ADC_CommonInit
                0x0000000008003060       0x48 Drivers/STM32F4xx_HAL_Driver/Src/stm32f4xx_ll_adc.o
                0x0000000008003060                LL_ADC_CommonInit
 .text.LL_ADC_Init
                0x00000000080030a8       0x30 Drivers/STM32F4xx_HAL_Driver/Src/stm32f4xx_ll_adc.o
                0x00000000080030a8                LL_ADC_Init
 .text.LL_ADC_REG_Init
                0x00000000080030d8       0x48 Drivers/STM32F4xx_HAL_Driver/Src/stm32f4xx_ll_adc.o
                0x00000000080030d8                LL_ADC_REG_Init
 .text.LL_GPIO_Init
                0x0000000008003120      0x144 Drivers/STM32F4xx_HAL_Driver/Src/stm32f4xx_ll_gpio.o
                0x0000000008003120                LL_GPIO_Init
 .text.SDMMC_GetCmdResp2
                0x0000000008003264       0x4c Drivers/STM32F4xx_HAL_Driver/Src/stm32f4xx_ll_sdmmc.o
 .text.SDMMC_GetCmdResp3
                0x00000000080032b0       0x40 Drivers/STM32F4xx_HAL_Driver/Src/stm32f4xx_ll_sdmmc.o
 .text.SDIO_Init
                0x00000000080032f0       0x38 Drivers/STM32F4xx_HAL_Driver/Src/stm32f4xx_ll_sdmmc.o
                0x00000000080032f0                SDIO_Init
 .text.SDIO_ReadFIFO
                0x0000000008003328        0x6 Drivers/STM32F4xx_HAL_Driver/Src/stm32f4xx_ll_sdmmc.o
                0x0000000008003328                SDIO_ReadFIFO
 .text.SDIO_WriteFIFO
                0x000000000800332e        0xa Drivers/STM32F4xx_HAL_Driver/Src/stm32f4xx_ll_sdmmc.o
                0x000000000800332e                SDIO_WriteFIFO
 .text.SDIO_PowerState_ON
                0x0000000008003338        0x8 Drivers/STM32F4xx_HAL_Driver/Src/stm32f4xx_ll_sdmmc.o
                0x0000000008003338                SDIO_PowerState_ON
 .text.SDIO_GetPowerState
                0x0000000008003340        0x8 Drivers/STM32F4xx_HAL_Driver/Src/stm32f4xx_ll_sdmmc.o
                0x0000000008003340                SDIO_GetPowerState
 .text.SDIO_SendCommand
                0x0000000008003348       0x26 Drivers/STM32F4xx_HAL_Driver/Src/stm32f4xx_ll_sdmmc.o
                0x0000000008003348                SDIO_SendCommand
 .text.SDIO_GetResponse
                0x000000000800336e       0x14 Drivers/STM32F4xx_HAL_Driver/Src/stm32f4xx_ll_sdmmc.o
                0x000000000800336e                SDIO_GetResponse
 *fill*         0x0000000008003382        0x2 
 .text.SDMMC_GetCmdResp1
                0x0000000008003384      0x120 Drivers/STM32F4xx_HAL_Driver/Src/stm32f4xx_ll_sdmmc.o
 .text.SDIO_ConfigData
                0x00000000080034a4       0x26 Drivers/STM32F4xx_HAL_Driver/Src/stm32f4xx_ll_sdmmc.o
                0x00000000080034a4                SDIO_ConfigData
 .text.SDMMC_CmdBlockLength
                0x00000000080034ca       0x30 Drivers/STM32F4xx_HAL_Driver/Src/stm32f4xx_ll_sdmmc.o
                0x00000000080034ca                SDMMC_CmdBlockLength
 .text.SDMMC_CmdReadSingleBlock
                0x00000000080034fa       0x30 Drivers/STM32F4xx_HAL_Driver/Src/stm32f4xx_ll_sdmmc.o
                0x00000000080034fa                SDMMC_CmdReadSingleBlock
 .text.SDMMC_CmdReadMultiBlock
                0x000000000800352a       0x30 Drivers/STM32F4xx_HAL_Driver/Src/stm32f4xx_ll_sdmmc.o
                0x000000000800352a                SDMMC_CmdReadMultiBlock
 .text.SDMMC_CmdWriteSingleBlock
                0x000000000800355a       0x30 Drivers/STM32F4xx_HAL_Driver/Src/stm32f4xx_ll_sdmmc.o
                0x000000000800355a                SDMMC_CmdWriteSingleBlock
 .text.SDMMC_CmdWriteMultiBlock
                0x000000000800358a       0x30 Drivers/STM32F4xx_HAL_Driver/Src/stm32f4xx_ll_sdmmc.o
                0x000000000800358a                SDMMC_CmdWriteMultiBlock
 *fill*         0x00000000080035ba        0x2 
 .text.SDMMC_CmdStopTransfer
                0x00000000080035bc       0x34 Drivers/STM32F4xx_HAL_Driver/Src/stm32f4xx_ll_sdmmc.o
                0x00000000080035bc                SDMMC_CmdStopTransfer
 .text.SDMMC_CmdSelDesel
                0x00000000080035f0       0x30 Drivers/STM32F4xx_HAL_Driver/Src/stm32f4xx_ll_sdmmc.o
                0x00000000080035f0                SDMMC_CmdSelDesel
 .text.SDMMC_CmdGoIdleState
                0x0000000008003620       0x50 Drivers/STM32F4xx_HAL_Driver/Src/stm32f4xx_ll_sdmmc.o
                0x0000000008003620                SDMMC_CmdGoIdleState
 .text.SDMMC_CmdOperCond
                0x0000000008003670       0x70 Drivers/STM32F4xx_HAL_Driver/Src/stm32f4xx_ll_sdmmc.o
                0x0000000008003670                SDMMC_CmdOperCond
 .text.SDMMC_CmdAppCommand
                0x00000000080036e0       0x30 Drivers/STM32F4xx_HAL_Driver/Src/stm32f4xx_ll_sdmmc.o
                0x00000000080036e0                SDMMC_CmdAppCommand
 .text.SDMMC_CmdAppOperCommand
                0x0000000008003710       0x32 Drivers/STM32F4xx_HAL_Driver/Src/stm32f4xx_ll_sdmmc.o
                0x0000000008003710                SDMMC_CmdAppOperCommand
 .text.SDMMC_CmdSendSCR
                0x0000000008003742       0x30 Drivers/STM32F4xx_HAL_Driver/Src/stm32f4xx_ll_sdmmc.o
                0x0000000008003742                SDMMC_CmdSendSCR
 .text.SDMMC_CmdSendCID
                0x0000000008003772       0x2a Drivers/STM32F4xx_HAL_Driver/Src/stm32f4xx_ll_sdmmc.o
                0x0000000008003772                SDMMC_CmdSendCID
 .text.SDMMC_CmdSendCSD
                0x000000000800379c       0x2a Drivers/STM32F4xx_HAL_Driver/Src/stm32f4xx_ll_sdmmc.o
                0x000000000800379c                SDMMC_CmdSendCSD
 *fill*         0x00000000080037c6        0x2 
 .text.SDMMC_CmdSetRelAdd
                0x00000000080037c8       0xa8 Drivers/STM32F4xx_HAL_Driver/Src/stm32f4xx_ll_sdmmc.o
                0x00000000080037c8                SDMMC_CmdSetRelAdd
 .text.SDMMC_CmdSendStatus
                0x0000000008003870       0x30 Drivers/STM32F4xx_HAL_Driver/Src/stm32f4xx_ll_sdmmc.o
                0x0000000008003870                SDMMC_CmdSendStatus
 .text.SDMMC_CmdSwitch
                0x00000000080038a0       0x30 Drivers/STM32F4xx_HAL_Driver/Src/stm32f4xx_ll_sdmmc.o
                0x00000000080038a0                SDMMC_CmdSwitch
 .text.SDMMC_CmdBusWidth
                0x00000000080038d0        0x4 Drivers/STM32F4xx_HAL_Driver/Src/stm32f4xx_ll_sdmmc.o
                0x00000000080038d0                SDMMC_CmdBusWidth
 .text.LL_TIM_Init
                0x00000000080038d4       0xc8 Drivers/STM32F4xx_HAL_Driver/Src/stm32f4xx_ll_tim.o
                0x00000000080038d4                LL_TIM_Init
 .text.LL_TIM_OC_Init
                0x000000000800399c      0x1b0 Drivers/STM32F4xx_HAL_Driver/Src/stm32f4xx_ll_tim.o
                0x000000000800399c                LL_TIM_OC_Init
 .text.LL_TIM_BDTR_Init
                0x0000000008003b4c       0x34 Drivers/STM32F4xx_HAL_Driver/Src/stm32f4xx_ll_tim.o
                0x0000000008003b4c                LL_TIM_BDTR_Init
 .text.FATFS_LinkDriverEx
                0x0000000008003b80       0x44 Middlewares/Third_Party/FatFs/src/ff_gen_drv.o
                0x0000000008003b80                FATFS_LinkDriverEx
 .text.FATFS_LinkDriver
                0x0000000008003bc4        0x6 Middlewares/Third_Party/FatFs/src/ff_gen_drv.o
                0x0000000008003bc4                FATFS_LinkDriver
 .text.osKernelStart
                0x0000000008003bca        0xa Middlewares/Third_Party/FreeRTOS/Source/CMSIS_RTOS/cmsis_os.o
                0x0000000008003bca                osKernelStart
 .text.osKernelRunning
                0x0000000008003bd4       0x10 Middlewares/Third_Party/FreeRTOS/Source/CMSIS_RTOS/cmsis_os.o
                0x0000000008003bd4                osKernelRunning
 .text.osKernelSysTick
                0x0000000008003be4        0xe Middlewares/Third_Party/FreeRTOS/Source/CMSIS_RTOS/cmsis_os.o
                0x0000000008003be4                osKernelSysTick
 .text.osThreadCreate
                0x0000000008003bf2       0x30 Middlewares/Third_Party/FreeRTOS/Source/CMSIS_RTOS/cmsis_os.o
                0x0000000008003bf2                osThreadCreate
 .text.osDelay  0x0000000008003c22       0x10 Middlewares/Third_Party/FreeRTOS/Source/CMSIS_RTOS/cmsis_os.o
                0x0000000008003c22                osDelay
 .text.osMessageCreate
                0x0000000008003c32        0x8 Middlewares/Third_Party/FreeRTOS/Source/CMSIS_RTOS/cmsis_os.o
                0x0000000008003c32                osMessageCreate
 *fill*         0x0000000008003c3a        0x2 
 .text.osMessagePut
                0x0000000008003c3c       0x50 Middlewares/Third_Party/FreeRTOS/Source/CMSIS_RTOS/cmsis_os.o
                0x0000000008003c3c                osMessagePut
 .text.osMessageGet
                0x0000000008003c8c       0x74 Middlewares/Third_Party/FreeRTOS/Source/CMSIS_RTOS/cmsis_os.o
                0x0000000008003c8c                osMessageGet
 .text.osSystickHandler
                0x0000000008003d00       0x14 Middlewares/Third_Party/FreeRTOS/Source/CMSIS_RTOS/cmsis_os.o
                0x0000000008003d00                osSystickHandler
 .text.vListInitialise
                0x0000000008003d14       0x16 Middlewares/Third_Party/FreeRTOS/Source/list.o
                0x0000000008003d14                vListInitialise
 .text.vListInitialiseItem
                0x0000000008003d2a        0x6 Middlewares/Third_Party/FreeRTOS/Source/list.o
                0x0000000008003d2a                vListInitialiseItem
 .text.vListInsertEnd
                0x0000000008003d30       0x18 Middlewares/Third_Party/FreeRTOS/Source/list.o
                0x0000000008003d30                vListInsertEnd
 .text.vListInsert
                0x0000000008003d48       0x2e Middlewares/Third_Party/FreeRTOS/Source/list.o
                0x0000000008003d48                vListInsert
 .text.uxListRemove
                0x0000000008003d76       0x20 Middlewares/Third_Party/FreeRTOS/Source/list.o
                0x0000000008003d76                uxListRemove
 *fill*         0x0000000008003d96        0x2 
 .text.prvTaskExitError
                0x0000000008003d98       0x30 Middlewares/Third_Party/FreeRTOS/Source/portable/GCC/ARM_CM4F/port.o
 .text.prvPortStartFirstTask
                0x0000000008003dc8       0x20 Middlewares/Third_Party/FreeRTOS/Source/portable/GCC/ARM_CM4F/port.o
 .text.vPortEnableVFP
                0x0000000008003de8       0x14 Middlewares/Third_Party/FreeRTOS/Source/portable/GCC/ARM_CM4F/port.o
 .text.pxPortInitialiseStack
                0x0000000008003dfc       0x2c Middlewares/Third_Party/FreeRTOS/Source/portable/GCC/ARM_CM4F/port.o
                0x0000000008003dfc                pxPortInitialiseStack
 *fill*         0x0000000008003e28        0x8 
 .text.SVC_Handler
                0x0000000008003e30       0x24 Middlewares/Third_Party/FreeRTOS/Source/portable/GCC/ARM_CM4F/port.o
                0x0000000008003e30                SVC_Handler
 .text.vPortEnterCritical
                0x0000000008003e54       0x44 Middlewares/Third_Party/FreeRTOS/Source/portable/GCC/ARM_CM4F/port.o
                0x0000000008003e54                vPortEnterCritical
 .text.vPortExitCritical
                0x0000000008003e98       0x28 Middlewares/Third_Party/FreeRTOS/Source/portable/GCC/ARM_CM4F/port.o
                0x0000000008003e98                vPortExitCritical
 .text.PendSV_Handler
                0x0000000008003ec0       0x64 Middlewares/Third_Party/FreeRTOS/Source/portable/GCC/ARM_CM4F/port.o
                0x0000000008003ec0                PendSV_Handler
 .text.xPortSysTickHandler
                0x0000000008003f24       0x2c Middlewares/Third_Party/FreeRTOS/Source/portable/GCC/ARM_CM4F/port.o
                0x0000000008003f24                xPortSysTickHandler
 .text.vPortSetupTimerInterrupt
                0x0000000008003f50       0x28 Middlewares/Third_Party/FreeRTOS/Source/portable/GCC/ARM_CM4F/port.o
                0x0000000008003f50                vPortSetupTimerInterrupt
 .text.xPortStartScheduler
                0x0000000008003f78       0xec Middlewares/Third_Party/FreeRTOS/Source/portable/GCC/ARM_CM4F/port.o
                0x0000000008003f78                xPortStartScheduler
 .text.vPortValidateInterruptPriority
                0x0000000008004064       0x5c Middlewares/Third_Party/FreeRTOS/Source/portable/GCC/ARM_CM4F/port.o
                0x0000000008004064                vPortValidateInterruptPriority
 .text.unlikely.prvInsertBlockIntoFreeList
                0x00000000080040c0       0x48 Middlewares/Third_Party/FreeRTOS/Source/portable/MemMang/heap_4.o
 .text.pvPortMalloc
                0x0000000008004108      0x11c Middlewares/Third_Party/FreeRTOS/Source/portable/MemMang/heap_4.o
                0x0000000008004108                pvPortMalloc
 .text.vPortFree
                0x0000000008004224       0x70 Middlewares/Third_Party/FreeRTOS/Source/portable/MemMang/heap_4.o
                0x0000000008004224                vPortFree
 .text.unlikely.prvCopyDataToQueue
                0x0000000008004294       0x66 Middlewares/Third_Party/FreeRTOS/Source/queue.o
 .text.unlikely.prvCopyDataFromQueue
                0x00000000080042fa       0x2a Middlewares/Third_Party/FreeRTOS/Source/queue.o
 .text.prvUnlockQueue
                0x0000000008004324       0x70 Middlewares/Third_Party/FreeRTOS/Source/queue.o
 .text.xQueueGenericReset
                0x0000000008004394       0x80 Middlewares/Third_Party/FreeRTOS/Source/queue.o
                0x0000000008004394                xQueueGenericReset
 .text.xQueueGenericCreate
                0x0000000008004414       0x42 Middlewares/Third_Party/FreeRTOS/Source/queue.o
                0x0000000008004414                xQueueGenericCreate
 *fill*         0x0000000008004456        0x2 
 .text.xQueueGenericSend
                0x0000000008004458      0x16c Middlewares/Third_Party/FreeRTOS/Source/queue.o
                0x0000000008004458                xQueueGenericSend
 .text.xQueueGenericSendFromISR
                0x00000000080045c4       0xc4 Middlewares/Third_Party/FreeRTOS/Source/queue.o
                0x00000000080045c4                xQueueGenericSendFromISR
 .text.xQueueGenericReceive
                0x0000000008004688      0x188 Middlewares/Third_Party/FreeRTOS/Source/queue.o
                0x0000000008004688                xQueueGenericReceive
 .text.xQueueReceiveFromISR
                0x0000000008004810       0xa0 Middlewares/Third_Party/FreeRTOS/Source/queue.o
                0x0000000008004810                xQueueReceiveFromISR
 .text.prvResetNextTaskUnblockTime
                0x00000000080048b0       0x24 Middlewares/Third_Party/FreeRTOS/Source/tasks.o
 .text.prvAddCurrentTaskToDelayedList
                0x00000000080048d4       0x8c Middlewares/Third_Party/FreeRTOS/Source/tasks.o
 .text.vTaskSetTimeOutState.part.5
                0x0000000008004960       0x12 Middlewares/Third_Party/FreeRTOS/Source/tasks.o
 *fill*         0x0000000008004972        0x2 
 .text.xTaskCreate
                0x0000000008004974      0x1a0 Middlewares/Third_Party/FreeRTOS/Source/tasks.o
                0x0000000008004974                xTaskCreate
 .text.vTaskStartScheduler
                0x0000000008004b14       0x78 Middlewares/Third_Party/FreeRTOS/Source/tasks.o
                0x0000000008004b14                vTaskStartScheduler
 .text.vTaskSuspendAll
                0x0000000008004b8c       0x10 Middlewares/Third_Party/FreeRTOS/Source/tasks.o
                0x0000000008004b8c                vTaskSuspendAll
 .text.xTaskGetTickCount
                0x0000000008004b9c        0xc Middlewares/Third_Party/FreeRTOS/Source/tasks.o
                0x0000000008004b9c                xTaskGetTickCount
 .text.xTaskGetTickCountFromISR
                0x0000000008004ba8       0x10 Middlewares/Third_Party/FreeRTOS/Source/tasks.o
                0x0000000008004ba8                xTaskGetTickCountFromISR
 .text.xTaskIncrementTick
                0x0000000008004bb8      0x124 Middlewares/Third_Party/FreeRTOS/Source/tasks.o
                0x0000000008004bb8                xTaskIncrementTick
 .text.xTaskResumeAll
                0x0000000008004cdc       0xf0 Middlewares/Third_Party/FreeRTOS/Source/tasks.o
                0x0000000008004cdc                xTaskResumeAll
 .text.vTaskDelay
                0x0000000008004dcc       0x48 Middlewares/Third_Party/FreeRTOS/Source/tasks.o
                0x0000000008004dcc                vTaskDelay
 .text.prvIdleTask
                0x0000000008004e14       0x74 Middlewares/Third_Party/FreeRTOS/Source/tasks.o
 .text.vTaskSwitchContext
                0x0000000008004e88       0x74 Middlewares/Third_Party/FreeRTOS/Source/tasks.o
                0x0000000008004e88                vTaskSwitchContext
 .text.vTaskPlaceOnEventList
                0x0000000008004efc       0x34 Middlewares/Third_Party/FreeRTOS/Source/tasks.o
                0x0000000008004efc                vTaskPlaceOnEventList
 .text.xTaskRemoveFromEventList
                0x0000000008004f30       0x84 Middlewares/Third_Party/FreeRTOS/Source/tasks.o
                0x0000000008004f30                xTaskRemoveFromEventList
 .text.vTaskSetTimeOutState
                0x0000000008004fb4       0x20 Middlewares/Third_Party/FreeRTOS/Source/tasks.o
                0x0000000008004fb4                vTaskSetTimeOutState
 .text.xTaskCheckForTimeOut
                0x0000000008004fd4       0x74 Middlewares/Third_Party/FreeRTOS/Source/tasks.o
                0x0000000008004fd4                xTaskCheckForTimeOut
 .text.vTaskMissedYield
                0x0000000008005048        0xc Middlewares/Third_Party/FreeRTOS/Source/tasks.o
                0x0000000008005048                vTaskMissedYield
 .text.xTaskGetSchedulerState
                0x0000000008005054       0x20 Middlewares/Third_Party/FreeRTOS/Source/tasks.o
                0x0000000008005054                xTaskGetSchedulerState
 .text.vTaskPriorityInherit
                0x0000000008005074       0x8c Middlewares/Third_Party/FreeRTOS/Source/tasks.o
                0x0000000008005074                vTaskPriorityInherit
 .text.xTaskPriorityDisinherit
                0x0000000008005100       0xa0 Middlewares/Third_Party/FreeRTOS/Source/tasks.o
                0x0000000008005100                xTaskPriorityDisinherit
 .text.pvTaskIncrementMutexHeldCount
                0x00000000080051a0       0x18 Middlewares/Third_Party/FreeRTOS/Source/tasks.o
                0x00000000080051a0                pvTaskIncrementMutexHeldCount
 .text.CAN_Config
                0x00000000080051b8       0x78 Src/CAN_communication.o
                0x00000000080051b8                CAN_Config
 .text.setFrame
                0x0000000008005230       0x54 Src/CAN_communication.o
                0x0000000008005230                setFrame
 .text.readFrame
                0x0000000008005284       0x58 Src/CAN_communication.o
                0x0000000008005284                readFrame
 .text.longBip  0x00000000080052dc        0x2 Src/Misc/physical_iface.o
                0x00000000080052dc                longBip
 *fill*         0x00000000080052de        0x2 
 .text.TK_state_machine
                0x00000000080052e0      0x314 Src/Misc/state_machine.o
                0x00000000080052e0                TK_state_machine
 .text.LL_AHB1_GRP1_EnableClock
                0x00000000080055f4       0x1c Src/adc.o
 .text.LL_ADC_SetChannelSamplingTime.constprop.0
                0x0000000008005610       0x42 Src/adc.o
 *fill*         0x0000000008005652        0x2 
 .text.MX_ADC1_Init
                0x0000000008005654       0xfc Src/adc.o
                0x0000000008005654                MX_ADC1_Init
 .text.MX_ADC2_Init
                0x0000000008005750       0xe0 Src/adc.o
                0x0000000008005750                MX_ADC2_Init
 .text.BSP_SD_Init
                0x0000000008005830       0x34 Src/bsp_driver_sd.o
                0x0000000008005830                BSP_SD_Init
 .text.BSP_SD_ReadBlocks_DMA
                0x0000000008005864       0x1c Src/bsp_driver_sd.o
                0x0000000008005864                BSP_SD_ReadBlocks_DMA
 .text.BSP_SD_WriteBlocks_DMA
                0x0000000008005880       0x1c Src/bsp_driver_sd.o
                0x0000000008005880                BSP_SD_WriteBlocks_DMA
 .text.BSP_SD_GetCardState
                0x000000000800589c       0x14 Src/bsp_driver_sd.o
                0x000000000800589c                BSP_SD_GetCardState
 .text.BSP_SD_GetCardInfo
                0x00000000080058b0        0xc Src/bsp_driver_sd.o
                0x00000000080058b0                BSP_SD_GetCardInfo
 .text.BSP_SD_AbortCallback
                0x00000000080058bc        0x2 Src/bsp_driver_sd.o
                0x00000000080058bc                BSP_SD_AbortCallback
 .text.HAL_SD_AbortCallback
                0x00000000080058be        0x8 Src/bsp_driver_sd.o
                0x00000000080058be                HAL_SD_AbortCallback
 .text.HAL_SD_TxCpltCallback
                0x00000000080058c6        0x8 Src/bsp_driver_sd.o
                0x00000000080058c6                HAL_SD_TxCpltCallback
 .text.HAL_SD_RxCpltCallback
                0x00000000080058ce        0x8 Src/bsp_driver_sd.o
                0x00000000080058ce                HAL_SD_RxCpltCallback
 *fill*         0x00000000080058d6        0x2 
 .text.HAL_CAN_MspInit
                0x00000000080058d8       0x9c Src/can.o
                0x00000000080058d8                HAL_CAN_MspInit
 .text.MX_DMA_Init
                0x0000000008005974       0x88 Src/dma.o
                0x0000000008005974                MX_DMA_Init
 .text.MX_FATFS_Init
                0x00000000080059fc       0x1c Src/fatfs.o
                0x00000000080059fc                MX_FATFS_Init
 .text.StartDefaultTask
                0x0000000008005a18        0xe Src/freertos.o
                0x0000000008005a18                StartDefaultTask
 *fill*         0x0000000008005a26        0x2 
 .text.StartReadCAN
                0x0000000008005a28      0x118 Src/freertos.o
                0x0000000008005a28                StartReadCAN
 .text.MX_FREERTOS_Init
                0x0000000008005b40       0x64 Src/freertos.o
                0x0000000008005b40                MX_FREERTOS_Init
 .text.MX_GPIO_Init
                0x0000000008005ba4       0x74 Src/gpio.o
                0x0000000008005ba4                MX_GPIO_Init
 .text.MX_I2C3_Init
                0x0000000008005c18       0x40 Src/i2c.o
                0x0000000008005c18                MX_I2C3_Init
 .text.HAL_I2C_MspInit
                0x0000000008005c58       0xec Src/i2c.o
                0x0000000008005c58                HAL_I2C_MspInit
 .text.led_set_rgb
                0x0000000008005d44       0x10 Src/led.o
                0x0000000008005d44                led_set_rgb
 .text.led_init
                0x0000000008005d54       0x54 Src/led.o
                0x0000000008005d54                led_init
 .text.SystemClock_Config
                0x0000000008005da8       0xb0 Src/main.o
                0x0000000008005da8                SystemClock_Config
 .text.startup.main
                0x0000000008005e58       0x62 Src/main.o
                0x0000000008005e58                main
 .text.Error_Handler
                0x0000000008005eba        0x2 Src/main.o
                0x0000000008005eba                Error_Handler
 .text.MX_QUADSPI_Init
                0x0000000008005ebc       0x38 Src/quadspi.o
                0x0000000008005ebc                MX_QUADSPI_Init
 .text.HAL_QSPI_MspInit
                0x0000000008005ef4       0xb0 Src/quadspi.o
                0x0000000008005ef4                HAL_QSPI_MspInit
 .text.SD_CheckStatus.isra.0
                0x0000000008005fa4       0x20 Src/sd_diskio.o
 .text.SD_initialize
                0x0000000008005fc4       0x48 Src/sd_diskio.o
                0x0000000008005fc4                SD_initialize
 .text.SD_status
                0x000000000800600c        0x4 Src/sd_diskio.o
                0x000000000800600c                SD_status
 .text.SD_write.part.2
                0x0000000008006010       0x22 Src/sd_diskio.o
 *fill*         0x0000000008006032        0x2 
 .text.SD_read  0x0000000008006034       0x40 Src/sd_diskio.o
                0x0000000008006034                SD_read
 .text.SD_write
                0x0000000008006074       0x40 Src/sd_diskio.o
                0x0000000008006074                SD_write
 .text.SD_ioctl
                0x00000000080060b4       0x50 Src/sd_diskio.o
                0x00000000080060b4                SD_ioctl
 .text.BSP_SD_WriteCpltCallback
                0x0000000008006104       0x14 Src/sd_diskio.o
                0x0000000008006104                BSP_SD_WriteCpltCallback
 .text.BSP_SD_ReadCpltCallback
                0x0000000008006118       0x14 Src/sd_diskio.o
                0x0000000008006118                BSP_SD_ReadCpltCallback
 .text.MX_SDIO_SD_Init
                0x000000000800612c       0x20 Src/sdio.o
                0x000000000800612c                MX_SDIO_SD_Init
 .text.HAL_SD_MspInit
                0x000000000800614c      0x190 Src/sdio.o
                0x000000000800614c                HAL_SD_MspInit
 .text.MX_SPI2_Init
                0x00000000080062dc       0x44 Src/spi.o
                0x00000000080062dc                MX_SPI2_Init
 .text.HAL_SPI_MspInit
                0x0000000008006320       0x9c Src/spi.o
                0x0000000008006320                HAL_SPI_MspInit
 .text.HAL_MspInit
                0x00000000080063bc       0x44 Src/stm32f4xx_hal_msp.o
                0x00000000080063bc                HAL_MspInit
 .text.NMI_Handler
                0x0000000008006400        0x2 Src/stm32f4xx_it.o
                0x0000000008006400                NMI_Handler
 .text.HardFault_Handler
                0x0000000008006402        0x2 Src/stm32f4xx_it.o
                0x0000000008006402                HardFault_Handler
 .text.MemManage_Handler
                0x0000000008006404        0x2 Src/stm32f4xx_it.o
                0x0000000008006404                MemManage_Handler
 .text.BusFault_Handler
                0x0000000008006406        0x2 Src/stm32f4xx_it.o
                0x0000000008006406                BusFault_Handler
 .text.UsageFault_Handler
                0x0000000008006408        0x2 Src/stm32f4xx_it.o
                0x0000000008006408                UsageFault_Handler
 .text.DebugMon_Handler
                0x000000000800640a        0x2 Src/stm32f4xx_it.o
                0x000000000800640a                DebugMon_Handler
 .text.SysTick_Handler
                0x000000000800640c        0xe Src/stm32f4xx_it.o
                0x000000000800640c                SysTick_Handler
 *fill*         0x000000000800641a        0x2 
 .text.DMA1_Stream1_IRQHandler
                0x000000000800641c        0xc Src/stm32f4xx_it.o
                0x000000000800641c                DMA1_Stream1_IRQHandler
 .text.DMA1_Stream2_IRQHandler
                0x0000000008006428        0xc Src/stm32f4xx_it.o
                0x0000000008006428                DMA1_Stream2_IRQHandler
 .text.DMA1_Stream4_IRQHandler
                0x0000000008006434        0xc Src/stm32f4xx_it.o
                0x0000000008006434                DMA1_Stream4_IRQHandler
 .text.SDIO_IRQHandler
                0x0000000008006440        0xc Src/stm32f4xx_it.o
                0x0000000008006440                SDIO_IRQHandler
 .text.DMA2_Stream3_IRQHandler
                0x000000000800644c        0xc Src/stm32f4xx_it.o
                0x000000000800644c                DMA2_Stream3_IRQHandler
 .text.DMA2_Stream6_IRQHandler
                0x0000000008006458        0xc Src/stm32f4xx_it.o
                0x0000000008006458                DMA2_Stream6_IRQHandler
 .text.SystemInit
                0x0000000008006464       0x4c Src/system_stm32f4xx.o
                0x0000000008006464                SystemInit
 .text.MX_TIM3_Init
                0x00000000080064b0       0x98 Src/tim.o
                0x00000000080064b0                MX_TIM3_Init
 .text.MX_TIM8_Init
                0x0000000008006548      0x170 Src/tim.o
                0x0000000008006548                MX_TIM8_Init
 .text.HAL_TIM_Base_MspInit
                0x00000000080066b8      0x120 Src/tim.o
                0x00000000080066b8                HAL_TIM_Base_MspInit
 .text.HAL_TIM_MspPostInit
                0x00000000080067d8      0x114 Src/tim.o
                0x00000000080067d8                HAL_TIM_MspPostInit
 .text.MX_TIM1_Init
                0x00000000080068ec       0xc8 Src/tim.o
                0x00000000080068ec                MX_TIM1_Init
 .text.MX_TIM2_Init
                0x00000000080069b4       0xa4 Src/tim.o
                0x00000000080069b4                MX_TIM2_Init
 .text.MX_TIM4_Init
                0x0000000008006a58       0x98 Src/tim.o
                0x0000000008006a58                MX_TIM4_Init
 .text.MX_TIM5_Init
                0x0000000008006af0       0xa8 Src/tim.o
                0x0000000008006af0                MX_TIM5_Init
 .text.MX_USART1_UART_Init
                0x0000000008006b98       0x38 Src/usart.o
                0x0000000008006b98                MX_USART1_UART_Init
 .text.MX_USART3_UART_Init
                0x0000000008006bd0       0x38 Src/usart.o
                0x0000000008006bd0                MX_USART3_UART_Init
 .text.MX_USART6_UART_Init
                0x0000000008006c08       0x38 Src/usart.o
                0x0000000008006c08                MX_USART6_UART_Init
 .text.HAL_UART_MspInit
                0x0000000008006c40      0x1cc Src/usart.o
                0x0000000008006c40                HAL_UART_MspInit
 .text.Reset_Handler
                0x0000000008006e0c       0x50 startup/startup_stm32f446xx.o
                0x0000000008006e0c                Reset_Handler
 .text.Default_Handler
                0x0000000008006e5c        0x2 startup/startup_stm32f446xx.o
                0x0000000008006e5c                RTC_Alarm_IRQHandler
                0x0000000008006e5c                EXTI2_IRQHandler
                0x0000000008006e5c                TIM8_CC_IRQHandler
                0x0000000008006e5c                SPI4_IRQHandler
                0x0000000008006e5c                TIM1_CC_IRQHandler
                0x0000000008006e5c                DMA2_Stream5_IRQHandler
                0x0000000008006e5c                DMA1_Stream5_IRQHandler
                0x0000000008006e5c                PVD_IRQHandler
                0x0000000008006e5c                TAMP_STAMP_IRQHandler
                0x0000000008006e5c                CAN2_RX1_IRQHandler
                0x0000000008006e5c                EXTI3_IRQHandler
                0x0000000008006e5c                TIM8_TRG_COM_TIM14_IRQHandler
                0x0000000008006e5c                TIM1_UP_TIM10_IRQHandler
                0x0000000008006e5c                TIM8_UP_TIM13_IRQHandler
                0x0000000008006e5c                I2C3_ER_IRQHandler
                0x0000000008006e5c                FMPI2C1_Event_IRQHandler
                0x0000000008006e5c                EXTI0_IRQHandler
                0x0000000008006e5c                I2C2_EV_IRQHandler
                0x0000000008006e5c                CAN1_RX0_IRQHandler
                0x0000000008006e5c                FPU_IRQHandler
                0x0000000008006e5c                OTG_HS_WKUP_IRQHandler
                0x0000000008006e5c                CAN2_SCE_IRQHandler
                0x0000000008006e5c                DMA2_Stream2_IRQHandler
                0x0000000008006e5c                SPI1_IRQHandler
                0x0000000008006e5c                TIM6_DAC_IRQHandler
                0x0000000008006e5c                TIM1_BRK_TIM9_IRQHandler
                0x0000000008006e5c                DCMI_IRQHandler
                0x0000000008006e5c                CAN2_RX0_IRQHandler
                0x0000000008006e5c                SAI2_IRQHandler
                0x0000000008006e5c                USART6_IRQHandler
                0x0000000008006e5c                USART3_IRQHandler
                0x0000000008006e5c                CAN1_RX1_IRQHandler
                0x0000000008006e5c                UART5_IRQHandler
                0x0000000008006e5c                DMA2_Stream0_IRQHandler
                0x0000000008006e5c                TIM4_IRQHandler
                0x0000000008006e5c                QUADSPI_IRQHandler
                0x0000000008006e5c                I2C1_EV_IRQHandler
                0x0000000008006e5c                DMA1_Stream6_IRQHandler
                0x0000000008006e5c                UART4_IRQHandler
                0x0000000008006e5c                TIM3_IRQHandler
                0x0000000008006e5c                RCC_IRQHandler
                0x0000000008006e5c                TIM8_BRK_TIM12_IRQHandler
                0x0000000008006e5c                Default_Handler
                0x0000000008006e5c                CEC_IRQHandler
                0x0000000008006e5c                EXTI15_10_IRQHandler
                0x0000000008006e5c                ADC_IRQHandler
                0x0000000008006e5c                DMA1_Stream7_IRQHandler
                0x0000000008006e5c                TIM7_IRQHandler
                0x0000000008006e5c                CAN2_TX_IRQHandler
                0x0000000008006e5c                TIM5_IRQHandler
                0x0000000008006e5c                DMA2_Stream7_IRQHandler
                0x0000000008006e5c                I2C3_EV_IRQHandler
                0x0000000008006e5c                EXTI9_5_IRQHandler
                0x0000000008006e5c                RTC_WKUP_IRQHandler
                0x0000000008006e5c                SPDIF_RX_IRQHandler
                0x0000000008006e5c                SPI2_IRQHandler
                0x0000000008006e5c                OTG_HS_EP1_IN_IRQHandler
                0x0000000008006e5c                DMA1_Stream0_IRQHandler
                0x0000000008006e5c                CAN1_TX_IRQHandler
                0x0000000008006e5c                EXTI4_IRQHandler
                0x0000000008006e5c                OTG_HS_EP1_OUT_IRQHandler
                0x0000000008006e5c                WWDG_IRQHandler
                0x0000000008006e5c                TIM2_IRQHandler
                0x0000000008006e5c                OTG_FS_WKUP_IRQHandler
                0x0000000008006e5c                TIM1_TRG_COM_TIM11_IRQHandler
                0x0000000008006e5c                OTG_HS_IRQHandler
                0x0000000008006e5c                EXTI1_IRQHandler
                0x0000000008006e5c                USART2_IRQHandler
                0x0000000008006e5c                I2C2_ER_IRQHandler
                0x0000000008006e5c                DMA2_Stream1_IRQHandler
                0x0000000008006e5c                CAN1_SCE_IRQHandler
                0x0000000008006e5c                FLASH_IRQHandler
                0x0000000008006e5c                DMA2_Stream4_IRQHandler
                0x0000000008006e5c                USART1_IRQHandler
                0x0000000008006e5c                OTG_FS_IRQHandler
                0x0000000008006e5c                SPI3_IRQHandler
                0x0000000008006e5c                I2C1_ER_IRQHandler
                0x0000000008006e5c                FMC_IRQHandler
                0x0000000008006e5c                SAI1_IRQHandler
                0x0000000008006e5c                DMA1_Stream3_IRQHandler
                0x0000000008006e5c                FMPI2C1_Error_IRQHandler
 *fill*         0x0000000008006e5e        0x2 
 .text.__libc_init_array
                0x0000000008006e60       0x48 /opt/Atollic_TrueSTUDIO_for_STM32_x86_64_9.0.1/ARMTools/bin/../lib/gcc/arm-atollic-eabi/6.3.1/../../../../arm-atollic-eabi/lib/armv7e-m/fpu/libc_nano.a(lib_a-init.o)
                0x0000000008006e60                __libc_init_array
 .text.memcpy   0x0000000008006ea8       0x16 /opt/Atollic_TrueSTUDIO_for_STM32_x86_64_9.0.1/ARMTools/bin/../lib/gcc/arm-atollic-eabi/6.3.1/../../../../arm-atollic-eabi/lib/armv7e-m/fpu/libc_nano.a(lib_a-memcpy-stub.o)
                0x0000000008006ea8                memcpy
 .text.memset   0x0000000008006ebe       0x10 /opt/Atollic_TrueSTUDIO_for_STM32_x86_64_9.0.1/ARMTools/bin/../lib/gcc/arm-atollic-eabi/6.3.1/../../../../arm-atollic-eabi/lib/armv7e-m/fpu/libc_nano.a(lib_a-memset.o)
                0x0000000008006ebe                memset
 *(.glue_7)
 .glue_7        0x0000000008006ece        0x0 linker stubs
 *(.glue_7t)
 .glue_7t       0x0000000008006ece        0x0 linker stubs
 *(.eh_frame)
 *fill*         0x0000000008006ece        0x2 
 .eh_frame      0x0000000008006ed0        0x0 /opt/Atollic_TrueSTUDIO_for_STM32_x86_64_9.0.1/ARMTools/bin/../lib/gcc/arm-atollic-eabi/6.3.1/armv7e-m/fpu/crtbegin.o
 *(.init)
 .init          0x0000000008006ed0        0x4 /opt/Atollic_TrueSTUDIO_for_STM32_x86_64_9.0.1/ARMTools/bin/../lib/gcc/arm-atollic-eabi/6.3.1/armv7e-m/fpu/crti.o
                0x0000000008006ed0                _init
 .init          0x0000000008006ed4        0x8 /opt/Atollic_TrueSTUDIO_for_STM32_x86_64_9.0.1/ARMTools/bin/../lib/gcc/arm-atollic-eabi/6.3.1/armv7e-m/fpu/crtn.o
 *(.fini)
 .fini          0x0000000008006edc        0x4 /opt/Atollic_TrueSTUDIO_for_STM32_x86_64_9.0.1/ARMTools/bin/../lib/gcc/arm-atollic-eabi/6.3.1/armv7e-m/fpu/crti.o
                0x0000000008006edc                _fini
 .fini          0x0000000008006ee0        0x8 /opt/Atollic_TrueSTUDIO_for_STM32_x86_64_9.0.1/ARMTools/bin/../lib/gcc/arm-atollic-eabi/6.3.1/armv7e-m/fpu/crtn.o
                0x0000000008006ee8                . = ALIGN (0x4)
                0x0000000008006ee8                _etext = .

.vfp11_veneer   0x0000000008006ee8        0x0
 .vfp11_veneer  0x0000000008006ee8        0x0 linker stubs

.v4_bx          0x0000000008006ee8        0x0
 .v4_bx         0x0000000008006ee8        0x0 linker stubs

.iplt           0x0000000008006ee8        0x0
 .iplt          0x0000000008006ee8        0x0 /opt/Atollic_TrueSTUDIO_for_STM32_x86_64_9.0.1/ARMTools/bin/../lib/gcc/arm-atollic-eabi/6.3.1/armv7e-m/fpu/crtbegin.o

.rodata         0x0000000008006ee8       0xa0
                0x0000000008006ee8                . = ALIGN (0x4)
 *(.rodata)
 .rodata        0x0000000008006ee8       0x3c Src/freertos.o
 .rodata        0x0000000008006f24        0x8 Src/sd_diskio.o
 *(.rodata*)
 .rodata.flagBitshiftOffset.9838
                0x0000000008006f2c        0x8 Drivers/STM32F4xx_HAL_Driver/Src/stm32f4xx_hal_dma.o
 .rodata.vTaskStartScheduler.str1.1
                0x0000000008006f34        0x5 Middlewares/Third_Party/FreeRTOS/Source/tasks.o
 .rodata.str1.1
                0x0000000008006f39       0x22 Src/freertos.o
 *fill*         0x0000000008006f5b        0x1 
 .rodata.SD_Driver
                0x0000000008006f5c       0x14 Src/sd_diskio.o
                0x0000000008006f5c                SD_Driver
 .rodata.AHBPrescTable
                0x0000000008006f70       0x10 Src/system_stm32f4xx.o
                0x0000000008006f70                AHBPrescTable
 .rodata.APBPrescTable
                0x0000000008006f80        0x8 Src/system_stm32f4xx.o
                0x0000000008006f80                APBPrescTable
                0x0000000008006f88                . = ALIGN (0x4)

.ARM.extab
 *(.ARM.extab* .gnu.linkonce.armextab.*)

.ARM            0x0000000008006f88        0x8
                0x0000000008006f88                __exidx_start = .
 *(.ARM.exidx*)
 .ARM.exidx     0x0000000008006f88        0x8 /opt/Atollic_TrueSTUDIO_for_STM32_x86_64_9.0.1/ARMTools/bin/../lib/gcc/arm-atollic-eabi/6.3.1/armv7e-m/fpu/libgcc.a(_udivmoddi4.o)
                0x0000000008006f90                __exidx_end = .

.rel.dyn        0x0000000008006f90        0x0
 .rel.iplt      0x0000000008006f90        0x0 /opt/Atollic_TrueSTUDIO_for_STM32_x86_64_9.0.1/ARMTools/bin/../lib/gcc/arm-atollic-eabi/6.3.1/armv7e-m/fpu/crtbegin.o

.preinit_array  0x0000000008006f90        0x0
                0x0000000008006f90                PROVIDE (__preinit_array_start, .)
 *(.preinit_array*)
                0x0000000008006f90                PROVIDE (__preinit_array_end, .)

.init_array     0x0000000008006f90        0x4
                0x0000000008006f90                PROVIDE (__init_array_start, .)
 *(SORT(.init_array.*))
 *(.init_array*)
 .init_array    0x0000000008006f90        0x4 /opt/Atollic_TrueSTUDIO_for_STM32_x86_64_9.0.1/ARMTools/bin/../lib/gcc/arm-atollic-eabi/6.3.1/armv7e-m/fpu/crtbegin.o
                0x0000000008006f94                PROVIDE (__init_array_end, .)

.fini_array     0x0000000008006f94        0x4
                [!provide]                        PROVIDE (__fini_array_start, .)
 *(SORT(.fini_array.*))
 *(.fini_array*)
 .fini_array    0x0000000008006f94        0x4 /opt/Atollic_TrueSTUDIO_for_STM32_x86_64_9.0.1/ARMTools/bin/../lib/gcc/arm-atollic-eabi/6.3.1/armv7e-m/fpu/crtbegin.o
                [!provide]                        PROVIDE (__fini_array_end, .)
                0x0000000008006f98                _sidata = LOADADDR (.data)

.data           0x0000000020000000       0x14 load address 0x0000000008006f98
                0x0000000020000000                . = ALIGN (0x4)
                0x0000000020000000                _sdata = .
 *(.data)
 *(.data*)
 .data.uwTickFreq
                0x0000000020000000        0x1 Drivers/STM32F4xx_HAL_Driver/Src/stm32f4xx_hal.o
                0x0000000020000000                uwTickFreq
 *fill*         0x0000000020000001        0x3 
 .data.uwTickPrio
                0x0000000020000004        0x4 Drivers/STM32F4xx_HAL_Driver/Src/stm32f4xx_hal.o
                0x0000000020000004                uwTickPrio
 .data.uxCriticalNesting
                0x0000000020000008        0x4 Middlewares/Third_Party/FreeRTOS/Source/portable/GCC/ARM_CM4F/port.o
 .data.Stat     0x000000002000000c        0x1 Src/sd_diskio.o
 *fill*         0x000000002000000d        0x3 
 .data.SystemCoreClock
                0x0000000020000010        0x4 Src/system_stm32f4xx.o
                0x0000000020000010                SystemCoreClock
                0x0000000020000014                . = ALIGN (0x4)
                0x0000000020000014                _edata = .

.igot.plt       0x0000000020000014        0x0 load address 0x0000000008006fac
 .igot.plt      0x0000000020000014        0x0 /opt/Atollic_TrueSTUDIO_for_STM32_x86_64_9.0.1/ARMTools/bin/../lib/gcc/arm-atollic-eabi/6.3.1/armv7e-m/fpu/crtbegin.o

.ccmram         0x0000000020000014      0x1a0 load address 0x0000000008006fac
 .ccmram        0x0000000020000014      0x1a0 Src/freertos.o
                0x0000000020000014                IMU_buffer
                0x0000000020000154                BARO_buffer
                0x00000000200001b4                . = ALIGN (0x4)

.bss            0x00000000200001b4     0x47e4 load address 0x000000000800714c
                0x00000000200001b4                _sbss = .
                0x00000000200001b4                __bss_start__ = _sbss
 *(.bss)
 .bss           0x00000000200001b4       0x1c /opt/Atollic_TrueSTUDIO_for_STM32_x86_64_9.0.1/ARMTools/bin/../lib/gcc/arm-atollic-eabi/6.3.1/armv7e-m/fpu/crtbegin.o
 *(.bss*)
 .bss.disk      0x00000000200001d0        0xc Middlewares/Third_Party/FatFs/src/ff_gen_drv.o
                0x00000000200001d0                disk
 .bss.ucMaxSysCallPriority
                0x00000000200001dc        0x1 Middlewares/Third_Party/FreeRTOS/Source/portable/GCC/ARM_CM4F/port.o
 *fill*         0x00000000200001dd        0x3 
 .bss.ulMaxPRIGROUPValue
                0x00000000200001e0        0x4 Middlewares/Third_Party/FreeRTOS/Source/portable/GCC/ARM_CM4F/port.o
 .bss.pxEnd     0x00000000200001e4        0x4 Middlewares/Third_Party/FreeRTOS/Source/portable/MemMang/heap_4.o
 .bss.ucHeap    0x00000000200001e8     0x3c00 Middlewares/Third_Party/FreeRTOS/Source/portable/MemMang/heap_4.o
 .bss.xBlockAllocatedBit
                0x0000000020003de8        0x4 Middlewares/Third_Party/FreeRTOS/Source/portable/MemMang/heap_4.o
 .bss.xFreeBytesRemaining
                0x0000000020003dec        0x4 Middlewares/Third_Party/FreeRTOS/Source/portable/MemMang/heap_4.o
 .bss.xMinimumEverFreeBytesRemaining
                0x0000000020003df0        0x4 Middlewares/Third_Party/FreeRTOS/Source/portable/MemMang/heap_4.o
 .bss.xStart    0x0000000020003df4        0x8 Middlewares/Third_Party/FreeRTOS/Source/portable/MemMang/heap_4.o
 .bss.pxCurrentTCB
                0x0000000020003dfc        0x4 Middlewares/Third_Party/FreeRTOS/Source/tasks.o
                0x0000000020003dfc                pxCurrentTCB
 .bss.pxDelayedTaskList
                0x0000000020003e00        0x4 Middlewares/Third_Party/FreeRTOS/Source/tasks.o
 .bss.pxOverflowDelayedTaskList
                0x0000000020003e04        0x4 Middlewares/Third_Party/FreeRTOS/Source/tasks.o
 .bss.pxReadyTasksLists
                0x0000000020003e08       0x8c Middlewares/Third_Party/FreeRTOS/Source/tasks.o
 .bss.uxCurrentNumberOfTasks
                0x0000000020003e94        0x4 Middlewares/Third_Party/FreeRTOS/Source/tasks.o
 .bss.uxDeletedTasksWaitingCleanUp
                0x0000000020003e98        0x4 Middlewares/Third_Party/FreeRTOS/Source/tasks.o
 .bss.uxPendedTicks
                0x0000000020003e9c        0x4 Middlewares/Third_Party/FreeRTOS/Source/tasks.o
 .bss.uxSchedulerSuspended
                0x0000000020003ea0        0x4 Middlewares/Third_Party/FreeRTOS/Source/tasks.o
 .bss.uxTaskNumber
                0x0000000020003ea4        0x4 Middlewares/Third_Party/FreeRTOS/Source/tasks.o
 .bss.uxTopReadyPriority
                0x0000000020003ea8        0x4 Middlewares/Third_Party/FreeRTOS/Source/tasks.o
 .bss.xDelayedTaskList1
                0x0000000020003eac       0x14 Middlewares/Third_Party/FreeRTOS/Source/tasks.o
 .bss.xDelayedTaskList2
                0x0000000020003ec0       0x14 Middlewares/Third_Party/FreeRTOS/Source/tasks.o
 .bss.xIdleTaskHandle
                0x0000000020003ed4        0x4 Middlewares/Third_Party/FreeRTOS/Source/tasks.o
 .bss.xNextTaskUnblockTime
                0x0000000020003ed8        0x4 Middlewares/Third_Party/FreeRTOS/Source/tasks.o
 .bss.xNumOfOverflows
                0x0000000020003edc        0x4 Middlewares/Third_Party/FreeRTOS/Source/tasks.o
 .bss.xPendingReadyList
                0x0000000020003ee0       0x14 Middlewares/Third_Party/FreeRTOS/Source/tasks.o
 .bss.xSchedulerRunning
                0x0000000020003ef4        0x4 Middlewares/Third_Party/FreeRTOS/Source/tasks.o
 .bss.xSuspendedTaskList
                0x0000000020003ef8       0x14 Middlewares/Third_Party/FreeRTOS/Source/tasks.o
 .bss.xTasksWaitingTermination
                0x0000000020003f0c       0x14 Middlewares/Third_Party/FreeRTOS/Source/tasks.o
 .bss.xTickCount
                0x0000000020003f20        0x4 Middlewares/Third_Party/FreeRTOS/Source/tasks.o
 .bss.xYieldPending
                0x0000000020003f24        0x4 Middlewares/Third_Party/FreeRTOS/Source/tasks.o
 .bss.currentBaroSeqNumber
                0x0000000020003f28        0x4 Src/Misc/state_machine.o
                0x0000000020003f28                currentBaroSeqNumber
 .bss.currentImuSeqNumber
                0x0000000020003f2c        0x4 Src/Misc/state_machine.o
                0x0000000020003f2c                currentImuSeqNumber
 .bss.SDQueueID
                0x0000000020003f30        0x4 Src/sd_diskio.o
 *(COMMON)
 COMMON         0x0000000020003f34        0x4 Drivers/STM32F4xx_HAL_Driver/Src/stm32f4xx_hal.o
                0x0000000020003f34                uwTick
 COMMON         0x0000000020003f38       0x58 Src/CAN_communication.o
                0x0000000020003f38                TxData
                0x0000000020003f40                TxMailbox
                0x0000000020003f44                RxData
                0x0000000020003f4c                TxHeader
                0x0000000020003f64                RxHeader
                0x0000000020003f80                current_msg
 COMMON         0x0000000020003f90       0x1c Src/Misc/physical_iface.o
                0x0000000020003f90                secondEventStartTime
                0x0000000020003f94                currentState
                0x0000000020003f98                LIFTOFF_TIME
                0x0000000020003f9c                airbrakes_angle
                0x0000000020003fa0                firstEventStartTime
                0x0000000020003fa4                flight_status
                0x0000000020003fa8                buzzerStartTime
 COMMON         0x0000000020003fac        0x4 Src/Misc/state_machine.o
                0x0000000020003fac                calib_initial_altitude
 COMMON         0x0000000020003fb0       0x28 Src/can.o
                0x0000000020003fb0                hcan1
 COMMON         0x0000000020003fd8      0x46c Src/fatfs.o
                0x0000000020003fd8                retSD
                0x0000000020003fd9                SDPath
                0x0000000020003fe0                SDFile
                0x0000000020004210                SDFatFS
 COMMON         0x0000000020004444        0xc Src/freertos.o
                0x0000000020004444                defaultTaskHandle
                0x0000000020004448                readCANHandle
                0x000000002000444c                state_machineHandle
 COMMON         0x0000000020004450       0xb4 Src/i2c.o
                0x0000000020004450                hi2c3
                0x00000000200044a4                hdma_i2c3_rx
 COMMON         0x0000000020004504       0x4c Src/quadspi.o
                0x0000000020004504                hqspi
 COMMON         0x0000000020004550      0x144 Src/sdio.o
                0x0000000020004550                hdma_sdio_rx
                0x00000000200045b0                hdma_sdio_tx
                0x0000000020004610                hsd
 COMMON         0x0000000020004694       0x58 Src/spi.o
                0x0000000020004694                hspi2
 COMMON         0x00000000200046ec      0x12c Src/tim.o
                0x00000000200046ec                htim4
                0x0000000020004728                htim5
                0x0000000020004764                htim3
                0x00000000200047a0                htim1
                0x00000000200047dc                htim2
 COMMON         0x0000000020004818      0x180 Src/usart.o
                0x0000000020004818                hdma_usart3_rx
                0x0000000020004878                huart3
                0x00000000200048b8                hdma_usart3_tx
                0x0000000020004918                huart1
                0x0000000020004958                huart6
                0x0000000020004998                . = ALIGN (0x4)
                0x0000000020004998                _ebss = .
                0x0000000020004998                __bss_end__ = _ebss

._user_heap_stack
                0x0000000020004998      0x600 load address 0x000000000800714c
                0x0000000020004998                . = ALIGN (0x4)
                [!provide]                        PROVIDE (end, .)
                [!provide]                        PROVIDE (_end, .)
                0x0000000020004b98                . = (. + _Min_Heap_Size)
 *fill*         0x0000000020004998      0x200 
                0x0000000020004f98                . = (. + _Min_Stack_Size)
 *fill*         0x0000000020004b98      0x400 
                0x0000000020004f98                . = ALIGN (0x4)

/DISCARD/
 libc.a(*)
 libm.a(*)
 libgcc.a(*)

.ARM.attributes
                0x0000000000000000       0x30
 *(.ARM.attributes)
 .ARM.attributes
                0x0000000000000000       0x22 /opt/Atollic_TrueSTUDIO_for_STM32_x86_64_9.0.1/ARMTools/bin/../lib/gcc/arm-atollic-eabi/6.3.1/armv7e-m/fpu/crti.o
 .ARM.attributes
                0x0000000000000022       0x34 /opt/Atollic_TrueSTUDIO_for_STM32_x86_64_9.0.1/ARMTools/bin/../lib/gcc/arm-atollic-eabi/6.3.1/armv7e-m/fpu/crtbegin.o
 .ARM.attributes
                0x0000000000000056       0x39 Drivers/STM32F4xx_HAL_Driver/Src/stm32f4xx_hal.o
 .ARM.attributes
                0x000000000000008f       0x39 Drivers/STM32F4xx_HAL_Driver/Src/stm32f4xx_hal_can.o
 .ARM.attributes
                0x00000000000000c8       0x39 Drivers/STM32F4xx_HAL_Driver/Src/stm32f4xx_hal_cortex.o
 .ARM.attributes
                0x0000000000000101       0x39 Drivers/STM32F4xx_HAL_Driver/Src/stm32f4xx_hal_dma.o
 .ARM.attributes
                0x000000000000013a       0x39 Drivers/STM32F4xx_HAL_Driver/Src/stm32f4xx_hal_gpio.o
 .ARM.attributes
                0x0000000000000173       0x39 Drivers/STM32F4xx_HAL_Driver/Src/stm32f4xx_hal_i2c.o
 .ARM.attributes
                0x00000000000001ac       0x39 Drivers/STM32F4xx_HAL_Driver/Src/stm32f4xx_hal_qspi.o
 .ARM.attributes
                0x00000000000001e5       0x39 Drivers/STM32F4xx_HAL_Driver/Src/stm32f4xx_hal_rcc.o
 .ARM.attributes
                0x000000000000021e       0x39 Drivers/STM32F4xx_HAL_Driver/Src/stm32f4xx_hal_rcc_ex.o
 .ARM.attributes
                0x0000000000000257       0x39 Drivers/STM32F4xx_HAL_Driver/Src/stm32f4xx_hal_sd.o
 .ARM.attributes
                0x0000000000000290       0x39 Drivers/STM32F4xx_HAL_Driver/Src/stm32f4xx_hal_spi.o
 .ARM.attributes
                0x00000000000002c9       0x39 Drivers/STM32F4xx_HAL_Driver/Src/stm32f4xx_hal_tim.o
 .ARM.attributes
                0x0000000000000302       0x39 Drivers/STM32F4xx_HAL_Driver/Src/stm32f4xx_hal_tim_ex.o
 .ARM.attributes
                0x000000000000033b       0x39 Drivers/STM32F4xx_HAL_Driver/Src/stm32f4xx_hal_uart.o
 .ARM.attributes
                0x0000000000000374       0x39 Drivers/STM32F4xx_HAL_Driver/Src/stm32f4xx_ll_adc.o
 .ARM.attributes
                0x00000000000003ad       0x39 Drivers/STM32F4xx_HAL_Driver/Src/stm32f4xx_ll_gpio.o
 .ARM.attributes
                0x00000000000003e6       0x39 Drivers/STM32F4xx_HAL_Driver/Src/stm32f4xx_ll_sdmmc.o
 .ARM.attributes
                0x000000000000041f       0x39 Drivers/STM32F4xx_HAL_Driver/Src/stm32f4xx_ll_tim.o
 .ARM.attributes
                0x0000000000000458       0x39 Middlewares/Third_Party/FatFs/src/ff_gen_drv.o
 .ARM.attributes
                0x0000000000000491       0x39 Middlewares/Third_Party/FreeRTOS/Source/CMSIS_RTOS/cmsis_os.o
 .ARM.attributes
                0x00000000000004ca       0x39 Middlewares/Third_Party/FreeRTOS/Source/list.o
 .ARM.attributes
                0x0000000000000503       0x39 Middlewares/Third_Party/FreeRTOS/Source/portable/GCC/ARM_CM4F/port.o
 .ARM.attributes
                0x000000000000053c       0x39 Middlewares/Third_Party/FreeRTOS/Source/portable/MemMang/heap_4.o
 .ARM.attributes
                0x0000000000000575       0x39 Middlewares/Third_Party/FreeRTOS/Source/queue.o
 .ARM.attributes
                0x00000000000005ae       0x39 Middlewares/Third_Party/FreeRTOS/Source/tasks.o
 .ARM.attributes
                0x00000000000005e7       0x39 Src/CAN_communication.o
 .ARM.attributes
                0x0000000000000620       0x39 Src/Misc/physical_iface.o
 .ARM.attributes
                0x0000000000000659       0x39 Src/Misc/state_machine.o
 .ARM.attributes
                0x0000000000000692       0x39 Src/adc.o
 .ARM.attributes
                0x00000000000006cb       0x39 Src/bsp_driver_sd.o
 .ARM.attributes
                0x0000000000000704       0x39 Src/can.o
 .ARM.attributes
                0x000000000000073d       0x39 Src/dma.o
 .ARM.attributes
                0x0000000000000776       0x39 Src/fatfs.o
 .ARM.attributes
                0x00000000000007af       0x39 Src/freertos.o
 .ARM.attributes
                0x00000000000007e8       0x39 Src/gpio.o
 .ARM.attributes
                0x0000000000000821       0x39 Src/i2c.o
 .ARM.attributes
                0x000000000000085a       0x39 Src/led.o
 .ARM.attributes
                0x0000000000000893       0x39 Src/main.o
 .ARM.attributes
                0x00000000000008cc       0x39 Src/quadspi.o
 .ARM.attributes
                0x0000000000000905       0x39 Src/sd_diskio.o
 .ARM.attributes
                0x000000000000093e       0x39 Src/sdio.o
 .ARM.attributes
                0x0000000000000977       0x39 Src/spi.o
 .ARM.attributes
                0x00000000000009b0       0x39 Src/stm32f4xx_hal_msp.o
 .ARM.attributes
                0x00000000000009e9       0x39 Src/stm32f4xx_it.o
 .ARM.attributes
                0x0000000000000a22       0x39 Src/system_stm32f4xx.o
 .ARM.attributes
                0x0000000000000a5b       0x39 Src/tim.o
 .ARM.attributes
                0x0000000000000a94       0x39 Src/usart.o
 .ARM.attributes
                0x0000000000000acd       0x21 startup/startup_stm32f446xx.o
 .ARM.attributes
                0x0000000000000aee       0x34 /opt/Atollic_TrueSTUDIO_for_STM32_x86_64_9.0.1/ARMTools/bin/../lib/gcc/arm-atollic-eabi/6.3.1/../../../../arm-atollic-eabi/lib/armv7e-m/fpu/libc_nano.a(lib_a-init.o)
 .ARM.attributes
                0x0000000000000b22       0x34 /opt/Atollic_TrueSTUDIO_for_STM32_x86_64_9.0.1/ARMTools/bin/../lib/gcc/arm-atollic-eabi/6.3.1/../../../../arm-atollic-eabi/lib/armv7e-m/fpu/libc_nano.a(lib_a-memcpy-stub.o)
 .ARM.attributes
                0x0000000000000b56       0x34 /opt/Atollic_TrueSTUDIO_for_STM32_x86_64_9.0.1/ARMTools/bin/../lib/gcc/arm-atollic-eabi/6.3.1/../../../../arm-atollic-eabi/lib/armv7e-m/fpu/libc_nano.a(lib_a-memset.o)
 .ARM.attributes
                0x0000000000000b8a       0x22 /opt/Atollic_TrueSTUDIO_for_STM32_x86_64_9.0.1/ARMTools/bin/../lib/gcc/arm-atollic-eabi/6.3.1/armv7e-m/fpu/libgcc.a(_aeabi_uldivmod.o)
 .ARM.attributes
                0x0000000000000bac       0x34 /opt/Atollic_TrueSTUDIO_for_STM32_x86_64_9.0.1/ARMTools/bin/../lib/gcc/arm-atollic-eabi/6.3.1/armv7e-m/fpu/libgcc.a(_udivmoddi4.o)
 .ARM.attributes
                0x0000000000000be0       0x22 /opt/Atollic_TrueSTUDIO_for_STM32_x86_64_9.0.1/ARMTools/bin/../lib/gcc/arm-atollic-eabi/6.3.1/armv7e-m/fpu/libgcc.a(_dvmd_tls.o)
 .ARM.attributes
                0x0000000000000c02       0x22 /opt/Atollic_TrueSTUDIO_for_STM32_x86_64_9.0.1/ARMTools/bin/../lib/gcc/arm-atollic-eabi/6.3.1/armv7e-m/fpu/crtn.o
OUTPUT(new_ioc_test.elf elf32-littlearm)

.debug_info     0x0000000000000000    0x449af
 .debug_info    0x0000000000000000     0x123e Drivers/STM32F4xx_HAL_Driver/Src/stm32f4xx_hal.o
 .debug_info    0x000000000000123e     0x17e0 Drivers/STM32F4xx_HAL_Driver/Src/stm32f4xx_hal_can.o
 .debug_info    0x0000000000002a1e     0x1762 Drivers/STM32F4xx_HAL_Driver/Src/stm32f4xx_hal_cortex.o
 .debug_info    0x0000000000004180     0x125c Drivers/STM32F4xx_HAL_Driver/Src/stm32f4xx_hal_dma.o
 .debug_info    0x00000000000053dc      0xfd6 Drivers/STM32F4xx_HAL_Driver/Src/stm32f4xx_hal_gpio.o
 .debug_info    0x00000000000063b2     0x3799 Drivers/STM32F4xx_HAL_Driver/Src/stm32f4xx_hal_i2c.o
 .debug_info    0x0000000000009b4b     0x1edd Drivers/STM32F4xx_HAL_Driver/Src/stm32f4xx_hal_qspi.o
 .debug_info    0x000000000000ba28     0x12a9 Drivers/STM32F4xx_HAL_Driver/Src/stm32f4xx_hal_rcc.o
 .debug_info    0x000000000000ccd1     0x1404 Drivers/STM32F4xx_HAL_Driver/Src/stm32f4xx_hal_rcc_ex.o
 .debug_info    0x000000000000e0d5     0x2aa1 Drivers/STM32F4xx_HAL_Driver/Src/stm32f4xx_hal_sd.o
 .debug_info    0x0000000000010b76     0x23d2 Drivers/STM32F4xx_HAL_Driver/Src/stm32f4xx_hal_spi.o
 .debug_info    0x0000000000012f48     0x3ba2 Drivers/STM32F4xx_HAL_Driver/Src/stm32f4xx_hal_tim.o
 .debug_info    0x0000000000016aea     0x19a5 Drivers/STM32F4xx_HAL_Driver/Src/stm32f4xx_hal_tim_ex.o
 .debug_info    0x000000000001848f     0x1ea3 Drivers/STM32F4xx_HAL_Driver/Src/stm32f4xx_hal_uart.o
 .debug_info    0x000000000001a332     0x1282 Drivers/STM32F4xx_HAL_Driver/Src/stm32f4xx_ll_adc.o
 .debug_info    0x000000000001b5b4     0x1248 Drivers/STM32F4xx_HAL_Driver/Src/stm32f4xx_ll_gpio.o
 .debug_info    0x000000000001c7fc     0x1ee5 Drivers/STM32F4xx_HAL_Driver/Src/stm32f4xx_ll_sdmmc.o
 .debug_info    0x000000000001e6e1     0x1b37 Drivers/STM32F4xx_HAL_Driver/Src/stm32f4xx_ll_tim.o
 .debug_info    0x0000000000020218      0xd87 Middlewares/Third_Party/FatFs/src/ff_gen_drv.o
 .debug_info    0x0000000000020f9f     0x2504 Middlewares/Third_Party/FreeRTOS/Source/CMSIS_RTOS/cmsis_os.o
 .debug_info    0x00000000000234a3      0xac0 Middlewares/Third_Party/FreeRTOS/Source/list.o
 .debug_info    0x0000000000023f63      0x531 Middlewares/Third_Party/FreeRTOS/Source/portable/GCC/ARM_CM4F/port.o
 .debug_info    0x0000000000024494      0xca5 Middlewares/Third_Party/FreeRTOS/Source/portable/MemMang/heap_4.o
 .debug_info    0x0000000000025139     0x1fe1 Middlewares/Third_Party/FreeRTOS/Source/queue.o
 .debug_info    0x000000000002711a     0x2997 Middlewares/Third_Party/FreeRTOS/Source/tasks.o
 .debug_info    0x0000000000029ab1     0x1166 Src/CAN_communication.o
 .debug_info    0x000000000002ac17      0xb83 Src/Misc/physical_iface.o
 .debug_info    0x000000000002b79a      0xf05 Src/Misc/state_machine.o
 .debug_info    0x000000000002c69f     0x154f Src/adc.o
 .debug_info    0x000000000002dbee     0x146e Src/bsp_driver_sd.o
 .debug_info    0x000000000002f05c     0x1229 Src/can.o
 .debug_info    0x0000000000030285      0xf33 Src/dma.o
 .debug_info    0x00000000000311b8      0xe0a Src/fatfs.o
 .debug_info    0x0000000000031fc2     0x1375 Src/freertos.o
 .debug_info    0x0000000000033337      0xc35 Src/gpio.o
 .debug_info    0x0000000000033f6c     0x13b4 Src/i2c.o
 .debug_info    0x0000000000035320     0x13a5 Src/led.o
 .debug_info    0x00000000000366c5     0x2c3a Src/main.o
 .debug_info    0x00000000000392ff     0x132e Src/quadspi.o
 .debug_info    0x000000000003a62d     0x1286 Src/sd_diskio.o
 .debug_info    0x000000000003b8b3     0x1753 Src/sdio.o
 .debug_info    0x000000000003d006     0x132d Src/spi.o
 .debug_info    0x000000000003e333      0xe4c Src/stm32f4xx_hal_msp.o
 .debug_info    0x000000000003f17f     0x1101 Src/stm32f4xx_it.o
 .debug_info    0x0000000000040280      0xd50 Src/system_stm32f4xx.o
 .debug_info    0x0000000000040fd0     0x24ff Src/tim.o
 .debug_info    0x00000000000434cf     0x1467 Src/usart.o
 .debug_info    0x0000000000044936       0x79 startup/startup_stm32f446xx.o

.debug_abbrev   0x0000000000000000     0x8844
 .debug_abbrev  0x0000000000000000      0x308 Drivers/STM32F4xx_HAL_Driver/Src/stm32f4xx_hal.o
 .debug_abbrev  0x0000000000000308      0x380 Drivers/STM32F4xx_HAL_Driver/Src/stm32f4xx_hal_can.o
 .debug_abbrev  0x0000000000000688      0x399 Drivers/STM32F4xx_HAL_Driver/Src/stm32f4xx_hal_cortex.o
 .debug_abbrev  0x0000000000000a21      0x34a Drivers/STM32F4xx_HAL_Driver/Src/stm32f4xx_hal_dma.o
 .debug_abbrev  0x0000000000000d6b      0x268 Drivers/STM32F4xx_HAL_Driver/Src/stm32f4xx_hal_gpio.o
 .debug_abbrev  0x0000000000000fd3      0x3b4 Drivers/STM32F4xx_HAL_Driver/Src/stm32f4xx_hal_i2c.o
 .debug_abbrev  0x0000000000001387      0x39b Drivers/STM32F4xx_HAL_Driver/Src/stm32f4xx_hal_qspi.o
 .debug_abbrev  0x0000000000001722      0x353 Drivers/STM32F4xx_HAL_Driver/Src/stm32f4xx_hal_rcc.o
 .debug_abbrev  0x0000000000001a75      0x2ae Drivers/STM32F4xx_HAL_Driver/Src/stm32f4xx_hal_rcc_ex.o
 .debug_abbrev  0x0000000000001d23      0x3bc Drivers/STM32F4xx_HAL_Driver/Src/stm32f4xx_hal_sd.o
 .debug_abbrev  0x00000000000020df      0x3ac Drivers/STM32F4xx_HAL_Driver/Src/stm32f4xx_hal_spi.o
 .debug_abbrev  0x000000000000248b      0x3ac Drivers/STM32F4xx_HAL_Driver/Src/stm32f4xx_hal_tim.o
 .debug_abbrev  0x0000000000002837      0x300 Drivers/STM32F4xx_HAL_Driver/Src/stm32f4xx_hal_tim_ex.o
 .debug_abbrev  0x0000000000002b37      0x397 Drivers/STM32F4xx_HAL_Driver/Src/stm32f4xx_hal_uart.o
 .debug_abbrev  0x0000000000002ece      0x287 Drivers/STM32F4xx_HAL_Driver/Src/stm32f4xx_ll_adc.o
 .debug_abbrev  0x0000000000003155      0x303 Drivers/STM32F4xx_HAL_Driver/Src/stm32f4xx_ll_gpio.o
 .debug_abbrev  0x0000000000003458      0x345 Drivers/STM32F4xx_HAL_Driver/Src/stm32f4xx_ll_sdmmc.o
 .debug_abbrev  0x000000000000379d      0x348 Drivers/STM32F4xx_HAL_Driver/Src/stm32f4xx_ll_tim.o
 .debug_abbrev  0x0000000000003ae5      0x2b4 Middlewares/Third_Party/FatFs/src/ff_gen_drv.o
 .debug_abbrev  0x0000000000003d99      0x450 Middlewares/Third_Party/FreeRTOS/Source/CMSIS_RTOS/cmsis_os.o
 .debug_abbrev  0x00000000000041e9      0x1e3 Middlewares/Third_Party/FreeRTOS/Source/list.o
 .debug_abbrev  0x00000000000043cc      0x211 Middlewares/Third_Party/FreeRTOS/Source/portable/GCC/ARM_CM4F/port.o
 .debug_abbrev  0x00000000000045dd      0x314 Middlewares/Third_Party/FreeRTOS/Source/portable/MemMang/heap_4.o
 .debug_abbrev  0x00000000000048f1      0x3b6 Middlewares/Third_Party/FreeRTOS/Source/queue.o
 .debug_abbrev  0x0000000000004ca7      0x419 Middlewares/Third_Party/FreeRTOS/Source/tasks.o
 .debug_abbrev  0x00000000000050c0      0x2b0 Src/CAN_communication.o
 .debug_abbrev  0x0000000000005370      0x223 Src/Misc/physical_iface.o
 .debug_abbrev  0x0000000000005593      0x31c Src/Misc/state_machine.o
 .debug_abbrev  0x00000000000058af      0x2ea Src/adc.o
 .debug_abbrev  0x0000000000005b99      0x355 Src/bsp_driver_sd.o
 .debug_abbrev  0x0000000000005eee      0x287 Src/can.o
 .debug_abbrev  0x0000000000006175      0x20f Src/dma.o
 .debug_abbrev  0x0000000000006384      0x213 Src/fatfs.o
 .debug_abbrev  0x0000000000006597      0x297 Src/freertos.o
 .debug_abbrev  0x000000000000682e      0x1b7 Src/gpio.o
 .debug_abbrev  0x00000000000069e5      0x25f Src/i2c.o
 .debug_abbrev  0x0000000000006c44      0x264 Src/led.o
 .debug_abbrev  0x0000000000006ea8      0x2e0 Src/main.o
 .debug_abbrev  0x0000000000007188      0x25c Src/quadspi.o
 .debug_abbrev  0x00000000000073e4      0x3a2 Src/sd_diskio.o
 .debug_abbrev  0x0000000000007786      0x29c Src/sdio.o
 .debug_abbrev  0x0000000000007a22      0x25c Src/spi.o
 .debug_abbrev  0x0000000000007c7e      0x202 Src/stm32f4xx_hal_msp.o
 .debug_abbrev  0x0000000000007e80      0x25c Src/stm32f4xx_it.o
 .debug_abbrev  0x00000000000080dc      0x1ca Src/system_stm32f4xx.o
 .debug_abbrev  0x00000000000082a6      0x32d Src/tim.o
 .debug_abbrev  0x00000000000085d3      0x25f Src/usart.o
 .debug_abbrev  0x0000000000008832       0x12 startup/startup_stm32f446xx.o

.debug_loc      0x0000000000000000    0x15785
 .debug_loc     0x0000000000000000      0x11b Drivers/STM32F4xx_HAL_Driver/Src/stm32f4xx_hal.o
 .debug_loc     0x000000000000011b      0x938 Drivers/STM32F4xx_HAL_Driver/Src/stm32f4xx_hal_can.o
 .debug_loc     0x0000000000000a53      0x4fb Drivers/STM32F4xx_HAL_Driver/Src/stm32f4xx_hal_cortex.o
 .debug_loc     0x0000000000000f4e      0x727 Drivers/STM32F4xx_HAL_Driver/Src/stm32f4xx_hal_dma.o
 .debug_loc     0x0000000000001675      0x3cd Drivers/STM32F4xx_HAL_Driver/Src/stm32f4xx_hal_gpio.o
 .debug_loc     0x0000000000001a42     0x2bba Drivers/STM32F4xx_HAL_Driver/Src/stm32f4xx_hal_i2c.o
 .debug_loc     0x00000000000045fc     0x1079 Drivers/STM32F4xx_HAL_Driver/Src/stm32f4xx_hal_qspi.o
 .debug_loc     0x0000000000005675      0x336 Drivers/STM32F4xx_HAL_Driver/Src/stm32f4xx_hal_rcc.o
 .debug_loc     0x00000000000059ab      0xa31 Drivers/STM32F4xx_HAL_Driver/Src/stm32f4xx_hal_rcc_ex.o
 .debug_loc     0x00000000000063dc     0x1b70 Drivers/STM32F4xx_HAL_Driver/Src/stm32f4xx_hal_sd.o
 .debug_loc     0x0000000000007f4c     0x150f Drivers/STM32F4xx_HAL_Driver/Src/stm32f4xx_hal_spi.o
 .debug_loc     0x000000000000945b     0x30b2 Drivers/STM32F4xx_HAL_Driver/Src/stm32f4xx_hal_tim.o
 .debug_loc     0x000000000000c50d      0x84a Drivers/STM32F4xx_HAL_Driver/Src/stm32f4xx_hal_tim_ex.o
 .debug_loc     0x000000000000cd57     0x132c Drivers/STM32F4xx_HAL_Driver/Src/stm32f4xx_hal_uart.o
 .debug_loc     0x000000000000e083      0x335 Drivers/STM32F4xx_HAL_Driver/Src/stm32f4xx_ll_adc.o
 .debug_loc     0x000000000000e3b8      0x476 Drivers/STM32F4xx_HAL_Driver/Src/stm32f4xx_ll_gpio.o
 .debug_loc     0x000000000000e82e      0xedf Drivers/STM32F4xx_HAL_Driver/Src/stm32f4xx_ll_sdmmc.o
 .debug_loc     0x000000000000f70d      0xeaa Drivers/STM32F4xx_HAL_Driver/Src/stm32f4xx_ll_tim.o
 .debug_loc     0x00000000000105b7      0x216 Middlewares/Third_Party/FatFs/src/ff_gen_drv.o
 .debug_loc     0x00000000000107cd     0x1038 Middlewares/Third_Party/FreeRTOS/Source/CMSIS_RTOS/cmsis_os.o
 .debug_loc     0x0000000000011805       0x94 Middlewares/Third_Party/FreeRTOS/Source/list.o
 .debug_loc     0x0000000000011899       0xcf Middlewares/Third_Party/FreeRTOS/Source/portable/GCC/ARM_CM4F/port.o
 .debug_loc     0x0000000000011968      0x390 Middlewares/Third_Party/FreeRTOS/Source/portable/MemMang/heap_4.o
 .debug_loc     0x0000000000011cf8      0xe2b Middlewares/Third_Party/FreeRTOS/Source/queue.o
 .debug_loc     0x0000000000012b23     0x1249 Middlewares/Third_Party/FreeRTOS/Source/tasks.o
 .debug_loc     0x0000000000013d6c       0xeb Src/CAN_communication.o
 .debug_loc     0x0000000000013e57       0x34 Src/Misc/physical_iface.o
 .debug_loc     0x0000000000013e8b      0x50b Src/Misc/state_machine.o
 .debug_loc     0x0000000000014396      0x248 Src/adc.o
 .debug_loc     0x00000000000145de      0x429 Src/bsp_driver_sd.o
 .debug_loc     0x0000000000014a07       0x58 Src/can.o
 .debug_loc     0x0000000000014a5f      0x129 Src/freertos.o
 .debug_loc     0x0000000000014b88       0x63 Src/i2c.o
 .debug_loc     0x0000000000014beb      0x2da Src/led.o
 .debug_loc     0x0000000000014ec5       0x58 Src/quadspi.o
 .debug_loc     0x0000000000014f1d      0x351 Src/sd_diskio.o
 .debug_loc     0x000000000001526e       0x63 Src/sdio.o
 .debug_loc     0x00000000000152d1       0x58 Src/spi.o
 .debug_loc     0x0000000000015329      0x11c Src/system_stm32f4xx.o
 .debug_loc     0x0000000000015445      0x2b1 Src/tim.o
 .debug_loc     0x00000000000156f6       0x8f Src/usart.o

.debug_aranges  0x0000000000000000     0x1aa8
 .debug_aranges
                0x0000000000000000       0xd8 Drivers/STM32F4xx_HAL_Driver/Src/stm32f4xx_hal.o
 .debug_aranges
                0x00000000000000d8       0xc8 Drivers/STM32F4xx_HAL_Driver/Src/stm32f4xx_hal_can.o
 .debug_aranges
                0x00000000000001a0       0xa8 Drivers/STM32F4xx_HAL_Driver/Src/stm32f4xx_hal_cortex.o
 .debug_aranges
                0x0000000000000248       0x80 Drivers/STM32F4xx_HAL_Driver/Src/stm32f4xx_hal_dma.o
 .debug_aranges
                0x00000000000002c8       0x58 Drivers/STM32F4xx_HAL_Driver/Src/stm32f4xx_hal_gpio.o
 .debug_aranges
                0x0000000000000320      0x190 Drivers/STM32F4xx_HAL_Driver/Src/stm32f4xx_hal_i2c.o
 .debug_aranges
                0x00000000000004b0      0x108 Drivers/STM32F4xx_HAL_Driver/Src/stm32f4xx_hal_qspi.o
 .debug_aranges
                0x00000000000005b8       0x88 Drivers/STM32F4xx_HAL_Driver/Src/stm32f4xx_hal_rcc.o
 .debug_aranges
                0x0000000000000640       0x78 Drivers/STM32F4xx_HAL_Driver/Src/stm32f4xx_hal_rcc_ex.o
 .debug_aranges
                0x00000000000006b8       0xf8 Drivers/STM32F4xx_HAL_Driver/Src/stm32f4xx_hal_sd.o
 .debug_aranges
                0x00000000000007b0      0x180 Drivers/STM32F4xx_HAL_Driver/Src/stm32f4xx_hal_spi.o
 .debug_aranges
                0x0000000000000930      0x250 Drivers/STM32F4xx_HAL_Driver/Src/stm32f4xx_hal_tim.o
 .debug_aranges
                0x0000000000000b80       0xf0 Drivers/STM32F4xx_HAL_Driver/Src/stm32f4xx_hal_tim_ex.o
 .debug_aranges
                0x0000000000000c70      0x170 Drivers/STM32F4xx_HAL_Driver/Src/stm32f4xx_hal_uart.o
 .debug_aranges
                0x0000000000000de0       0x68 Drivers/STM32F4xx_HAL_Driver/Src/stm32f4xx_ll_adc.o
 .debug_aranges
                0x0000000000000e48       0x40 Drivers/STM32F4xx_HAL_Driver/Src/stm32f4xx_ll_gpio.o
 .debug_aranges
                0x0000000000000e88      0x150 Drivers/STM32F4xx_HAL_Driver/Src/stm32f4xx_ll_sdmmc.o
 .debug_aranges
                0x0000000000000fd8       0x90 Drivers/STM32F4xx_HAL_Driver/Src/stm32f4xx_ll_tim.o
 .debug_aranges
                0x0000000000001068       0x40 Middlewares/Third_Party/FatFs/src/ff_gen_drv.o
 .debug_aranges
                0x00000000000010a8      0x190 Middlewares/Third_Party/FreeRTOS/Source/CMSIS_RTOS/cmsis_os.o
 .debug_aranges
                0x0000000000001238       0x40 Middlewares/Third_Party/FreeRTOS/Source/list.o
 .debug_aranges
                0x0000000000001278       0x80 Middlewares/Third_Party/FreeRTOS/Source/portable/GCC/ARM_CM4F/port.o
 .debug_aranges
                0x00000000000012f8       0x48 Middlewares/Third_Party/FreeRTOS/Source/portable/MemMang/heap_4.o
 .debug_aranges
                0x0000000000001340       0xc0 Middlewares/Third_Party/FreeRTOS/Source/queue.o
 .debug_aranges
                0x0000000000001400      0x170 Middlewares/Third_Party/FreeRTOS/Source/tasks.o
 .debug_aranges
                0x0000000000001570       0x30 Src/CAN_communication.o
 .debug_aranges
                0x00000000000015a0       0x28 Src/Misc/physical_iface.o
 .debug_aranges
                0x00000000000015c8       0x20 Src/Misc/state_machine.o
 .debug_aranges
                0x00000000000015e8       0x38 Src/adc.o
 .debug_aranges
                0x0000000000001620       0xa8 Src/bsp_driver_sd.o
 .debug_aranges
                0x00000000000016c8       0x30 Src/can.o
 .debug_aranges
                0x00000000000016f8       0x20 Src/dma.o
 .debug_aranges
                0x0000000000001718       0x28 Src/fatfs.o
 .debug_aranges
                0x0000000000001740       0x30 Src/freertos.o
 .debug_aranges
                0x0000000000001770       0x20 Src/gpio.o
 .debug_aranges
                0x0000000000001790       0x30 Src/i2c.o
 .debug_aranges
                0x00000000000017c0       0x40 Src/led.o
 .debug_aranges
                0x0000000000001800       0x30 Src/main.o
 .debug_aranges
                0x0000000000001830       0x30 Src/quadspi.o
 .debug_aranges
                0x0000000000001860       0x60 Src/sd_diskio.o
 .debug_aranges
                0x00000000000018c0       0x30 Src/sdio.o
 .debug_aranges
                0x00000000000018f0       0x30 Src/spi.o
 .debug_aranges
                0x0000000000001920       0x20 Src/stm32f4xx_hal_msp.o
 .debug_aranges
                0x0000000000001940       0x78 Src/stm32f4xx_it.o
 .debug_aranges
                0x00000000000019b8       0x28 Src/system_stm32f4xx.o
 .debug_aranges
                0x00000000000019e0       0x60 Src/tim.o
 .debug_aranges
                0x0000000000001a40       0x40 Src/usart.o
 .debug_aranges
                0x0000000000001a80       0x28 startup/startup_stm32f446xx.o

.debug_ranges   0x0000000000000000     0x2488
 .debug_ranges  0x0000000000000000       0xc8 Drivers/STM32F4xx_HAL_Driver/Src/stm32f4xx_hal.o
 .debug_ranges  0x00000000000000c8       0xb8 Drivers/STM32F4xx_HAL_Driver/Src/stm32f4xx_hal_can.o
 .debug_ranges  0x0000000000000180      0x138 Drivers/STM32F4xx_HAL_Driver/Src/stm32f4xx_hal_cortex.o
 .debug_ranges  0x00000000000002b8       0xc8 Drivers/STM32F4xx_HAL_Driver/Src/stm32f4xx_hal_dma.o
 .debug_ranges  0x0000000000000380       0x68 Drivers/STM32F4xx_HAL_Driver/Src/stm32f4xx_hal_gpio.o
 .debug_ranges  0x00000000000003e8      0x358 Drivers/STM32F4xx_HAL_Driver/Src/stm32f4xx_hal_i2c.o
 .debug_ranges  0x0000000000000740      0x110 Drivers/STM32F4xx_HAL_Driver/Src/stm32f4xx_hal_qspi.o
 .debug_ranges  0x0000000000000850       0xb0 Drivers/STM32F4xx_HAL_Driver/Src/stm32f4xx_hal_rcc.o
 .debug_ranges  0x0000000000000900       0x80 Drivers/STM32F4xx_HAL_Driver/Src/stm32f4xx_hal_rcc_ex.o
 .debug_ranges  0x0000000000000980      0x1f8 Drivers/STM32F4xx_HAL_Driver/Src/stm32f4xx_hal_sd.o
 .debug_ranges  0x0000000000000b78      0x1d0 Drivers/STM32F4xx_HAL_Driver/Src/stm32f4xx_hal_spi.o
 .debug_ranges  0x0000000000000d48      0x330 Drivers/STM32F4xx_HAL_Driver/Src/stm32f4xx_hal_tim.o
 .debug_ranges  0x0000000000001078       0xe0 Drivers/STM32F4xx_HAL_Driver/Src/stm32f4xx_hal_tim_ex.o