Archive member included to satisfy reference by file (symbol)

/opt/Atollic_TrueSTUDIO_for_STM32_x86_64_9.0.1/ARMTools/bin/../lib/gcc/arm-atollic-eabi/6.3.1/../../../../arm-atollic-eabi/lib/armv7e-m/fpu/libc_nano.a(lib_a-init.o)
                              startup/startup_stm32f446xx.o (__libc_init_array)
/opt/Atollic_TrueSTUDIO_for_STM32_x86_64_9.0.1/ARMTools/bin/../lib/gcc/arm-atollic-eabi/6.3.1/../../../../arm-atollic-eabi/lib/armv7e-m/fpu/libc_nano.a(lib_a-memcpy-stub.o)
                              Middlewares/Third_Party/FreeRTOS/Source/queue.o (memcpy)
/opt/Atollic_TrueSTUDIO_for_STM32_x86_64_9.0.1/ARMTools/bin/../lib/gcc/arm-atollic-eabi/6.3.1/../../../../arm-atollic-eabi/lib/armv7e-m/fpu/libc_nano.a(lib_a-memset.o)
                              Src/adc.o (memset)
/opt/Atollic_TrueSTUDIO_for_STM32_x86_64_9.0.1/ARMTools/bin/../lib/gcc/arm-atollic-eabi/6.3.1/../../../../arm-atollic-eabi/lib/armv7e-m/fpu/libm.a(lib_a-s_cos.o)
                              Src/gps_ekf.o (cos)
/opt/Atollic_TrueSTUDIO_for_STM32_x86_64_9.0.1/ARMTools/bin/../lib/gcc/arm-atollic-eabi/6.3.1/../../../../arm-atollic-eabi/lib/armv7e-m/fpu/libm.a(lib_a-s_sin.o)
                              Src/gps_ekf.o (sin)
/opt/Atollic_TrueSTUDIO_for_STM32_x86_64_9.0.1/ARMTools/bin/../lib/gcc/arm-atollic-eabi/6.3.1/../../../../arm-atollic-eabi/lib/armv7e-m/fpu/libm.a(lib_a-w_sqrt.o)
                              Src/src/tiny_ekf.o (sqrt)
/opt/Atollic_TrueSTUDIO_for_STM32_x86_64_9.0.1/ARMTools/bin/../lib/gcc/arm-atollic-eabi/6.3.1/../../../../arm-atollic-eabi/lib/armv7e-m/fpu/libm.a(lib_a-e_rem_pio2.o)
                              /opt/Atollic_TrueSTUDIO_for_STM32_x86_64_9.0.1/ARMTools/bin/../lib/gcc/arm-atollic-eabi/6.3.1/../../../../arm-atollic-eabi/lib/armv7e-m/fpu/libm.a(lib_a-s_cos.o) (__ieee754_rem_pio2)
/opt/Atollic_TrueSTUDIO_for_STM32_x86_64_9.0.1/ARMTools/bin/../lib/gcc/arm-atollic-eabi/6.3.1/../../../../arm-atollic-eabi/lib/armv7e-m/fpu/libm.a(lib_a-e_sqrt.o)
                              /opt/Atollic_TrueSTUDIO_for_STM32_x86_64_9.0.1/ARMTools/bin/../lib/gcc/arm-atollic-eabi/6.3.1/../../../../arm-atollic-eabi/lib/armv7e-m/fpu/libm.a(lib_a-w_sqrt.o) (__ieee754_sqrt)
/opt/Atollic_TrueSTUDIO_for_STM32_x86_64_9.0.1/ARMTools/bin/../lib/gcc/arm-atollic-eabi/6.3.1/../../../../arm-atollic-eabi/lib/armv7e-m/fpu/libm.a(lib_a-k_cos.o)
                              /opt/Atollic_TrueSTUDIO_for_STM32_x86_64_9.0.1/ARMTools/bin/../lib/gcc/arm-atollic-eabi/6.3.1/../../../../arm-atollic-eabi/lib/armv7e-m/fpu/libm.a(lib_a-s_cos.o) (__kernel_cos)
/opt/Atollic_TrueSTUDIO_for_STM32_x86_64_9.0.1/ARMTools/bin/../lib/gcc/arm-atollic-eabi/6.3.1/../../../../arm-atollic-eabi/lib/armv7e-m/fpu/libm.a(lib_a-k_rem_pio2.o)
                              /opt/Atollic_TrueSTUDIO_for_STM32_x86_64_9.0.1/ARMTools/bin/../lib/gcc/arm-atollic-eabi/6.3.1/../../../../arm-atollic-eabi/lib/armv7e-m/fpu/libm.a(lib_a-e_rem_pio2.o) (__kernel_rem_pio2)
/opt/Atollic_TrueSTUDIO_for_STM32_x86_64_9.0.1/ARMTools/bin/../lib/gcc/arm-atollic-eabi/6.3.1/../../../../arm-atollic-eabi/lib/armv7e-m/fpu/libm.a(lib_a-k_sin.o)
                              /opt/Atollic_TrueSTUDIO_for_STM32_x86_64_9.0.1/ARMTools/bin/../lib/gcc/arm-atollic-eabi/6.3.1/../../../../arm-atollic-eabi/lib/armv7e-m/fpu/libm.a(lib_a-s_cos.o) (__kernel_sin)
/opt/Atollic_TrueSTUDIO_for_STM32_x86_64_9.0.1/ARMTools/bin/../lib/gcc/arm-atollic-eabi/6.3.1/../../../../arm-atollic-eabi/lib/armv7e-m/fpu/libm.a(lib_a-s_fabs.o)
                              /opt/Atollic_TrueSTUDIO_for_STM32_x86_64_9.0.1/ARMTools/bin/../lib/gcc/arm-atollic-eabi/6.3.1/../../../../arm-atollic-eabi/lib/armv7e-m/fpu/libm.a(lib_a-e_rem_pio2.o) (fabs)
/opt/Atollic_TrueSTUDIO_for_STM32_x86_64_9.0.1/ARMTools/bin/../lib/gcc/arm-atollic-eabi/6.3.1/../../../../arm-atollic-eabi/lib/armv7e-m/fpu/libm.a(lib_a-s_floor.o)
                              /opt/Atollic_TrueSTUDIO_for_STM32_x86_64_9.0.1/ARMTools/bin/../lib/gcc/arm-atollic-eabi/6.3.1/../../../../arm-atollic-eabi/lib/armv7e-m/fpu/libm.a(lib_a-k_rem_pio2.o) (floor)
/opt/Atollic_TrueSTUDIO_for_STM32_x86_64_9.0.1/ARMTools/bin/../lib/gcc/arm-atollic-eabi/6.3.1/../../../../arm-atollic-eabi/lib/armv7e-m/fpu/libm.a(lib_a-s_lib_ver.o)
                              /opt/Atollic_TrueSTUDIO_for_STM32_x86_64_9.0.1/ARMTools/bin/../lib/gcc/arm-atollic-eabi/6.3.1/../../../../arm-atollic-eabi/lib/armv7e-m/fpu/libm.a(lib_a-w_sqrt.o) (__fdlib_version)
/opt/Atollic_TrueSTUDIO_for_STM32_x86_64_9.0.1/ARMTools/bin/../lib/gcc/arm-atollic-eabi/6.3.1/../../../../arm-atollic-eabi/lib/armv7e-m/fpu/libm.a(lib_a-s_matherr.o)
                              /opt/Atollic_TrueSTUDIO_for_STM32_x86_64_9.0.1/ARMTools/bin/../lib/gcc/arm-atollic-eabi/6.3.1/../../../../arm-atollic-eabi/lib/armv7e-m/fpu/libm.a(lib_a-w_sqrt.o) (matherr)
/opt/Atollic_TrueSTUDIO_for_STM32_x86_64_9.0.1/ARMTools/bin/../lib/gcc/arm-atollic-eabi/6.3.1/../../../../arm-atollic-eabi/lib/armv7e-m/fpu/libm.a(lib_a-s_scalbn.o)
[...]
Memory Configuration

Name             Origin             Length             Attributes
RAM              0x0000000020000000 0x0000000000020000 xrw
FLASH            0x0000000008000000 0x0000000000080000 xr
*default*        0x0000000000000000 0xffffffffffffffff

Linker script and memory map

LOAD /opt/Atollic_TrueSTUDIO_for_STM32_x86_64_9.0.1/ARMTools/bin/../lib/gcc/arm-atollic-eabi/6.3.1/armv7e-m/fpu/crti.o
LOAD /opt/Atollic_TrueSTUDIO_for_STM32_x86_64_9.0.1/ARMTools/bin/../lib/gcc/arm-atollic-eabi/6.3.1/armv7e-m/fpu/crtbegin.o
LOAD Drivers/STM32F4xx_HAL_Driver/Src/stm32f4xx_hal.o
LOAD Drivers/STM32F4xx_HAL_Driver/Src/stm32f4xx_hal_can.o
LOAD Drivers/STM32F4xx_HAL_Driver/Src/stm32f4xx_hal_cortex.o
LOAD Drivers/STM32F4xx_HAL_Driver/Src/stm32f4xx_hal_dma.o
LOAD Drivers/STM32F4xx_HAL_Driver/Src/stm32f4xx_hal_dma_ex.o
LOAD Drivers/STM32F4xx_HAL_Driver/Src/stm32f4xx_hal_flash.o
LOAD Drivers/STM32F4xx_HAL_Driver/Src/stm32f4xx_hal_flash_ex.o
LOAD Drivers/STM32F4xx_HAL_Driver/Src/stm32f4xx_hal_flash_ramfunc.o
LOAD Drivers/STM32F4xx_HAL_Driver/Src/stm32f4xx_hal_gpio.o
LOAD Drivers/STM32F4xx_HAL_Driver/Src/stm32f4xx_hal_i2c.o
LOAD Drivers/STM32F4xx_HAL_Driver/Src/stm32f4xx_hal_i2c_ex.o
LOAD Drivers/STM32F4xx_HAL_Driver/Src/stm32f4xx_hal_pwr.o
LOAD Drivers/STM32F4xx_HAL_Driver/Src/stm32f4xx_hal_pwr_ex.o
LOAD Drivers/STM32F4xx_HAL_Driver/Src/stm32f4xx_hal_qspi.o
LOAD Drivers/STM32F4xx_HAL_Driver/Src/stm32f4xx_hal_rcc.o
LOAD Drivers/STM32F4xx_HAL_Driver/Src/stm32f4xx_hal_rcc_ex.o
LOAD Drivers/STM32F4xx_HAL_Driver/Src/stm32f4xx_hal_sd.o
LOAD Drivers/STM32F4xx_HAL_Driver/Src/stm32f4xx_hal_spi.o
LOAD Drivers/STM32F4xx_HAL_Driver/Src/stm32f4xx_hal_tim.o
LOAD Drivers/STM32F4xx_HAL_Driver/Src/stm32f4xx_hal_tim_ex.o
LOAD Drivers/STM32F4xx_HAL_Driver/Src/stm32f4xx_hal_uart.o
LOAD Drivers/STM32F4xx_HAL_Driver/Src/stm32f4xx_ll_adc.o
LOAD Drivers/STM32F4xx_HAL_Driver/Src/stm32f4xx_ll_dma.o
LOAD Drivers/STM32F4xx_HAL_Driver/Src/stm32f4xx_ll_exti.o
LOAD Drivers/STM32F4xx_HAL_Driver/Src/stm32f4xx_ll_gpio.o
LOAD Drivers/STM32F4xx_HAL_Driver/Src/stm32f4xx_ll_rcc.o
LOAD Drivers/STM32F4xx_HAL_Driver/Src/stm32f4xx_ll_sdmmc.o
LOAD Drivers/STM32F4xx_HAL_Driver/Src/stm32f4xx_ll_tim.o
LOAD Drivers/STM32F4xx_HAL_Driver/Src/stm32f4xx_ll_utils.o
LOAD Middlewares/Third_Party/FatFs/src/diskio.o
LOAD Middlewares/Third_Party/FatFs/src/ff.o
LOAD Middlewares/Third_Party/FatFs/src/ff_gen_drv.o
LOAD Middlewares/Third_Party/FatFs/src/option/syscall.o
LOAD Middlewares/Third_Party/FreeRTOS/Source/CMSIS_RTOS/cmsis_os.o
LOAD Middlewares/Third_Party/FreeRTOS/Source/croutine.o
LOAD Middlewares/Third_Party/FreeRTOS/Source/event_groups.o
LOAD Middlewares/Third_Party/FreeRTOS/Source/list.o
LOAD Middlewares/Third_Party/FreeRTOS/Source/portable/GCC/ARM_CM4F/port.o
LOAD Middlewares/Third_Party/FreeRTOS/Source/portable/MemMang/heap_4.o
LOAD Middlewares/Third_Party/FreeRTOS/Source/queue.o
LOAD Middlewares/Third_Party/FreeRTOS/Source/tasks.o
LOAD Middlewares/Third_Party/FreeRTOS/Source/timers.o
LOAD Src/CAN_communication.o
LOAD Src/CAN_master.o
LOAD Src/Misc/physical_iface.o
LOAD Src/Misc/state_machine.o
LOAD Src/adc.o
LOAD Src/bsp_driver_sd.o
LOAD Src/can.o
LOAD Src/dma.o
LOAD Src/fatfs.o
LOAD Src/freertos.o
LOAD Src/gpio.o
LOAD Src/gps_ekf.o
LOAD Src/i2c.o
LOAD Src/led.o
LOAD Src/main.o
LOAD Src/quadspi.o
LOAD Src/sd_diskio.o
LOAD Src/sdio.o
LOAD Src/spi.o
LOAD Src/src/tiny_ekf.o
LOAD Src/stm32f4xx_hal_msp.o
LOAD Src/stm32f4xx_it.o
LOAD Src/system_stm32f4xx.o
LOAD Src/tim.o
LOAD Src/usart.o
LOAD startup/startup_stm32f446xx.o
                0x0000000000000080                malloc_getpagesize_P = 0x80
START GROUP
LOAD /opt/Atollic_TrueSTUDIO_for_STM32_x86_64_9.0.1/ARMTools/bin/../lib/gcc/arm-atollic-eabi/6.3.1/../../../../arm-atollic-eabi/lib/armv7e-m/fpu/libc_nano.a
LOAD /opt/Atollic_TrueSTUDIO_for_STM32_x86_64_9.0.1/ARMTools/bin/../lib/gcc/arm-atollic-eabi/6.3.1/../../../../arm-atollic-eabi/lib/armv7e-m/fpu/libm.a
END GROUP
START GROUP
LOAD /opt/Atollic_TrueSTUDIO_for_STM32_x86_64_9.0.1/ARMTools/bin/../lib/gcc/arm-atollic-eabi/6.3.1/armv7e-m/fpu/libgcc.a
LOAD /opt/Atollic_TrueSTUDIO_for_STM32_x86_64_9.0.1/ARMTools/bin/../lib/gcc/arm-atollic-eabi/6.3.1/../../../../arm-atollic-eabi/lib/armv7e-m/fpu/libc_nano.a
END GROUP
START GROUP
LOAD /opt/Atollic_TrueSTUDIO_for_STM32_x86_64_9.0.1/ARMTools/bin/../lib/gcc/arm-atollic-eabi/6.3.1/armv7e-m/fpu/libgcc.a
LOAD /opt/Atollic_TrueSTUDIO_for_STM32_x86_64_9.0.1/ARMTools/bin/../lib/gcc/arm-atollic-eabi/6.3.1/../../../../arm-atollic-eabi/lib/armv7e-m/fpu/libc_nano.a
LOAD /opt/Atollic_TrueSTUDIO_for_STM32_x86_64_9.0.1/ARMTools/bin/../lib/gcc/arm-atollic-eabi/6.3.1/../../../../arm-atollic-eabi/lib/armv7e-m/fpu/libnosys.a
END GROUP
START GROUP
LOAD /opt/Atollic_TrueSTUDIO_for_STM32_x86_64_9.0.1/ARMTools/bin/../lib/gcc/arm-atollic-eabi/6.3.1/armv7e-m/fpu/libgcc.a
LOAD /opt/Atollic_TrueSTUDIO_for_STM32_x86_64_9.0.1/ARMTools/bin/../lib/gcc/arm-atollic-eabi/6.3.1/../../../../arm-atollic-eabi/lib/armv7e-m/fpu/libc_nano.a
LOAD /opt/Atollic_TrueSTUDIO_for_STM32_x86_64_9.0.1/ARMTools/bin/../lib/gcc/arm-atollic-eabi/6.3.1/../../../../arm-atollic-eabi/lib/armv7e-m/fpu/libnosys.a
END GROUP
LOAD /opt/Atollic_TrueSTUDIO_for_STM32_x86_64_9.0.1/ARMTools/bin/../lib/gcc/arm-atollic-eabi/6.3.1/armv7e-m/fpu/crtend.o
LOAD /opt/Atollic_TrueSTUDIO_for_STM32_x86_64_9.0.1/ARMTools/bin/../lib/gcc/arm-atollic-eabi/6.3.1/armv7e-m/fpu/crtn.o
                0x0000000020020000                _estack = 0x20020000
                0x0000000000000200                _Min_Heap_Size = 0x200
                0x0000000000000400                _Min_Stack_Size = 0x400

.isr_vector     0x0000000008000000      0x1c4
                0x0000000008000000                . = ALIGN (0x4)
 *(.isr_vector)
 .isr_vector    0x0000000008000000      0x1c4 startup/startup_stm32f446xx.o
                0x0000000008000000                g_pfnVectors
                0x00000000080001c4                . = ALIGN (0x4)

.text           0x00000000080001d0     0x9874
                0x00000000080001d0                . = ALIGN (0x4)
 *(.text)
 .text          0x00000000080001d0       0x40 /opt/Atollic_TrueSTUDIO_for_STM32_x86_64_9.0.1/ARMTools/bin/../lib/gcc/arm-atollic-eabi/6.3.1/armv7e-m/fpu/crtbegin.o
 .text          0x0000000008000210      0x370 /opt/Atollic_TrueSTUDIO_for_STM32_x86_64_9.0.1/ARMTools/bin/../lib/gcc/arm-atollic-eabi/6.3.1/armv7e-m/fpu/libgcc.a(_arm_addsubdf3.o)
                0x0000000008000210                __aeabi_drsub
                0x0000000008000218                __aeabi_dsub
                0x0000000008000218                __subdf3
                0x000000000800021c                __adddf3
                0x000000000800021c                __aeabi_dadd
                0x0000000008000494                __aeabi_ui2d
                0x0000000008000494                __floatunsidf
                0x00000000080004b4                __floatsidf
                0x00000000080004b4                __aeabi_i2d
                0x00000000080004d8                __extendsfdf2
                0x00000000080004d8                __aeabi_f2d
                0x0000000008000514                __aeabi_ul2d
                0x0000000008000514                __floatundidf
                0x0000000008000524                __floatdidf
                0x0000000008000524                __aeabi_l2d
 .text          0x0000000008000580      0x424 /opt/Atollic_TrueSTUDIO_for_STM32_x86_64_9.0.1/ARMTools/bin/../lib/gcc/arm-atollic-eabi/6.3.1/armv7e-m/fpu/libgcc.a(_arm_muldivdf3.o)
                0x0000000008000580                __aeabi_dmul
                0x0000000008000580                __muldf3
                0x00000000080007d4                __aeabi_ddiv
                0x00000000080007d4                __divdf3
 .text          0x00000000080009a4      0x110 /opt/Atollic_TrueSTUDIO_for_STM32_x86_64_9.0.1/ARMTools/bin/../lib/gcc/arm-atollic-eabi/6.3.1/armv7e-m/fpu/libgcc.a(_arm_cmpdf2.o)
                0x00000000080009a4                __gtdf2
                0x00000000080009a4                __gedf2
                0x00000000080009ac                __ltdf2
                0x00000000080009ac                __ledf2
                0x00000000080009b4                __cmpdf2
                0x00000000080009b4                __eqdf2
                0x00000000080009b4                __nedf2
                0x0000000008000a30                __aeabi_cdrcmple
                0x0000000008000a40                __aeabi_cdcmple
                0x0000000008000a40                __aeabi_cdcmpeq
                0x0000000008000a50                __aeabi_dcmpeq
                0x0000000008000a64                __aeabi_dcmplt
                0x0000000008000a78                __aeabi_dcmple
                0x0000000008000a8c                __aeabi_dcmpge
                0x0000000008000aa0                __aeabi_dcmpgt
 .text          0x0000000008000ab4       0x2c /opt/Atollic_TrueSTUDIO_for_STM32_x86_64_9.0.1/ARMTools/bin/../lib/gcc/arm-atollic-eabi/6.3.1/armv7e-m/fpu/libgcc.a(_arm_unorddf2.o)
                0x0000000008000ab4                __aeabi_dcmpun
                0x0000000008000ab4                __unorddf2
 .text          0x0000000008000ae0       0x50 /opt/Atollic_TrueSTUDIO_for_STM32_x86_64_9.0.1/ARMTools/bin/../lib/gcc/arm-atollic-eabi/6.3.1/armv7e-m/fpu/libgcc.a(_arm_fixdfsi.o)
                0x0000000008000ae0                __fixdfsi
                0x0000000008000ae0                __aeabi_d2iz
 .text          0x0000000008000b30       0xa0 /opt/Atollic_TrueSTUDIO_for_STM32_x86_64_9.0.1/ARMTools/bin/../lib/gcc/arm-atollic-eabi/6.3.1/armv7e-m/fpu/libgcc.a(_arm_truncdfsf2.o)
                0x0000000008000b30                __aeabi_d2f
                0x0000000008000b30                __truncdfsf2
 .text          0x0000000008000bd0       0x30 /opt/Atollic_TrueSTUDIO_for_STM32_x86_64_9.0.1/ARMTools/bin/../lib/gcc/arm-atollic-eabi/6.3.1/armv7e-m/fpu/libgcc.a(_aeabi_uldivmod.o)
                0x0000000008000bd0                __aeabi_uldivmod
 .text          0x0000000008000c00      0x2dc /opt/Atollic_TrueSTUDIO_for_STM32_x86_64_9.0.1/ARMTools/bin/../lib/gcc/arm-atollic-eabi/6.3.1/armv7e-m/fpu/libgcc.a(_udivmoddi4.o)
                0x0000000008000c00                __udivmoddi4
 .text          0x0000000008000edc        0x4 /opt/Atollic_TrueSTUDIO_for_STM32_x86_64_9.0.1/ARMTools/bin/../lib/gcc/arm-atollic-eabi/6.3.1/armv7e-m/fpu/libgcc.a(_dvmd_tls.o)
                0x0000000008000edc                __aeabi_ldiv0
                0x0000000008000edc                __aeabi_idiv0
 *(.text*)
 .text.HAL_InitTick
                0x0000000008000ee0       0x48 Drivers/STM32F4xx_HAL_Driver/Src/stm32f4xx_hal.o
                0x0000000008000ee0                HAL_InitTick
 .text.HAL_Init
                0x0000000008000f28       0x34 Drivers/STM32F4xx_HAL_Driver/Src/stm32f4xx_hal.o
                0x0000000008000f28                HAL_Init
 .text.HAL_IncTick
                0x0000000008000f5c       0x18 Drivers/STM32F4xx_HAL_Driver/Src/stm32f4xx_hal.o
                0x0000000008000f5c                HAL_IncTick
 .text.HAL_GetTick
                0x0000000008000f74        0xc Drivers/STM32F4xx_HAL_Driver/Src/stm32f4xx_hal.o
                0x0000000008000f74                HAL_GetTick
 .text.HAL_Delay
                0x0000000008000f80       0x28 Drivers/STM32F4xx_HAL_Driver/Src/stm32f4xx_hal.o
                0x0000000008000f80                HAL_Delay
 .text.HAL_CAN_Init
                0x0000000008000fa8       0xf6 Drivers/STM32F4xx_HAL_Driver/Src/stm32f4xx_hal_can.o
                0x0000000008000fa8                HAL_CAN_Init
 *fill*         0x000000000800109e        0x2 
 .text.HAL_CAN_ConfigFilter
                0x00000000080010a0      0x114 Drivers/STM32F4xx_HAL_Driver/Src/stm32f4xx_hal_can.o
                0x00000000080010a0                HAL_CAN_ConfigFilter
 .text.HAL_CAN_Start
                0x00000000080011b4       0x56 Drivers/STM32F4xx_HAL_Driver/Src/stm32f4xx_hal_can.o
                0x00000000080011b4                HAL_CAN_Start
 .text.HAL_CAN_AddTxMessage
                0x000000000800120a       0x9e Drivers/STM32F4xx_HAL_Driver/Src/stm32f4xx_hal_can.o
                0x000000000800120a                HAL_CAN_AddTxMessage
 .text.HAL_CAN_GetRxMessage
                0x00000000080012a8       0xfc Drivers/STM32F4xx_HAL_Driver/Src/stm32f4xx_hal_can.o
                0x00000000080012a8                HAL_CAN_GetRxMessage
 .text.HAL_CAN_GetRxFifoFillLevel
                0x00000000080013a4       0x24 Drivers/STM32F4xx_HAL_Driver/Src/stm32f4xx_hal_can.o
                0x00000000080013a4                HAL_CAN_GetRxFifoFillLevel
 .text.HAL_NVIC_SetPriorityGrouping
                0x00000000080013c8       0x24 Drivers/STM32F4xx_HAL_Driver/Src/stm32f4xx_hal_cortex.o
                0x00000000080013c8                HAL_NVIC_SetPriorityGrouping
 .text.HAL_NVIC_SetPriority
                0x00000000080013ec       0x68 Drivers/STM32F4xx_HAL_Driver/Src/stm32f4xx_hal_cortex.o
                0x00000000080013ec                HAL_NVIC_SetPriority
 .text.HAL_NVIC_EnableIRQ
                0x0000000008001454       0x18 Drivers/STM32F4xx_HAL_Driver/Src/stm32f4xx_hal_cortex.o
                0x0000000008001454                HAL_NVIC_EnableIRQ
 .text.HAL_SYSTICK_Config
                0x000000000800146c       0x2c Drivers/STM32F4xx_HAL_Driver/Src/stm32f4xx_hal_cortex.o
                0x000000000800146c                HAL_SYSTICK_Config
 .text.DMA_CalcBaseAndBitshift
                0x0000000008001498       0x2c Drivers/STM32F4xx_HAL_Driver/Src/stm32f4xx_hal_dma.o
 .text.HAL_DMA_Init
                0x00000000080014c4       0xfc Drivers/STM32F4xx_HAL_Driver/Src/stm32f4xx_hal_dma.o
                0x00000000080014c4                HAL_DMA_Init
 .text.HAL_DMA_Start_IT
                0x00000000080015c0       0x7c Drivers/STM32F4xx_HAL_Driver/Src/stm32f4xx_hal_dma.o
                0x00000000080015c0                HAL_DMA_Start_IT
 .text.HAL_DMA_Abort_IT
                0x000000000800163c       0x24 Drivers/STM32F4xx_HAL_Driver/Src/stm32f4xx_hal_dma.o
                0x000000000800163c                HAL_DMA_Abort_IT
 .text.HAL_DMA_IRQHandler
                0x0000000008001660      0x174 Drivers/STM32F4xx_HAL_Driver/Src/stm32f4xx_hal_dma.o
                0x0000000008001660                HAL_DMA_IRQHandler
 .text.HAL_GPIO_Init
                0x00000000080017d4      0x1b4 Drivers/STM32F4xx_HAL_Driver/Src/stm32f4xx_hal_gpio.o
                0x00000000080017d4                HAL_GPIO_Init
 .text.HAL_I2C_Init
                0x0000000008001988       0xdc Drivers/STM32F4xx_HAL_Driver/Src/stm32f4xx_hal_i2c.o
                0x0000000008001988                HAL_I2C_Init
 .text.QSPI_WaitFlagStateUntilTimeout
                0x0000000008001a64       0x4c Drivers/STM32F4xx_HAL_Driver/Src/stm32f4xx_hal_qspi.o
 .text.HAL_QSPI_Init
                0x0000000008001ab0       0xb8 Drivers/STM32F4xx_HAL_Driver/Src/stm32f4xx_hal_qspi.o
                0x0000000008001ab0                HAL_QSPI_Init
 .text.HAL_RCC_ClockConfig
                0x0000000008001b68      0x134 Drivers/STM32F4xx_HAL_Driver/Src/stm32f4xx_hal_rcc.o
                0x0000000008001b68                HAL_RCC_ClockConfig
 .text.HAL_RCC_GetPCLK1Freq
                0x0000000008001c9c       0x20 Drivers/STM32F4xx_HAL_Driver/Src/stm32f4xx_hal_rcc.o
                0x0000000008001c9c                HAL_RCC_GetPCLK1Freq
 .text.HAL_RCC_GetPCLK2Freq
                0x0000000008001cbc       0x20 Drivers/STM32F4xx_HAL_Driver/Src/stm32f4xx_hal_rcc.o
                0x0000000008001cbc                HAL_RCC_GetPCLK2Freq
 .text.HAL_RCCEx_PeriphCLKConfig
                0x0000000008001cdc      0x410 Drivers/STM32F4xx_HAL_Driver/Src/stm32f4xx_hal_rcc_ex.o
                0x0000000008001cdc                HAL_RCCEx_PeriphCLKConfig
 .text.HAL_RCC_GetSysClockFreq
                0x00000000080020ec       0x90 Drivers/STM32F4xx_HAL_Driver/Src/stm32f4xx_hal_rcc_ex.o
                0x00000000080020ec                HAL_RCC_GetSysClockFreq
 .text.HAL_RCC_OscConfig
                0x000000000800217c      0x334 Drivers/STM32F4xx_HAL_Driver/Src/stm32f4xx_hal_rcc_ex.o
                0x000000000800217c                HAL_RCC_OscConfig
 .text.SD_DMATransmitCplt
                0x00000000080024b0        0xe Drivers/STM32F4xx_HAL_Driver/Src/stm32f4xx_hal_sd.o
 .text.SD_FindSCR
                0x00000000080024be       0xca Drivers/STM32F4xx_HAL_Driver/Src/stm32f4xx_hal_sd.o
 .text.HAL_SD_ReadBlocks_DMA
                0x0000000008002588      0x10c Drivers/STM32F4xx_HAL_Driver/Src/stm32f4xx_hal_sd.o
                0x0000000008002588                HAL_SD_ReadBlocks_DMA
 .text.HAL_SD_WriteBlocks_DMA
                0x0000000008002694      0x100 Drivers/STM32F4xx_HAL_Driver/Src/stm32f4xx_hal_sd.o
                0x0000000008002694                HAL_SD_WriteBlocks_DMA
 .text.HAL_SD_ErrorCallback
                0x0000000008002794        0x2 Drivers/STM32F4xx_HAL_Driver/Src/stm32f4xx_hal_sd.o
                0x0000000008002794                HAL_SD_ErrorCallback
 .text.SD_DMAReceiveCplt
                0x0000000008002796       0x3c Drivers/STM32F4xx_HAL_Driver/Src/stm32f4xx_hal_sd.o
 .text.HAL_SD_GetCardCSD
                0x00000000080027d2      0x1be Drivers/STM32F4xx_HAL_Driver/Src/stm32f4xx_hal_sd.o
                0x00000000080027d2                HAL_SD_GetCardCSD
 .text.HAL_SD_InitCard
                0x0000000008002990      0x1dc Drivers/STM32F4xx_HAL_Driver/Src/stm32f4xx_hal_sd.o
                0x0000000008002990                HAL_SD_InitCard
 .text.HAL_SD_Init
                0x0000000008002b6c       0x34 Drivers/STM32F4xx_HAL_Driver/Src/stm32f4xx_hal_sd.o
                0x0000000008002b6c                HAL_SD_Init
 .text.HAL_SD_GetCardInfo
                0x0000000008002ba0       0x24 Drivers/STM32F4xx_HAL_Driver/Src/stm32f4xx_hal_sd.o
                0x0000000008002ba0                HAL_SD_GetCardInfo
 .text.HAL_SD_ConfigWideBusOperation
                0x0000000008002bc4      0x108 Drivers/STM32F4xx_HAL_Driver/Src/stm32f4xx_hal_sd.o
                0x0000000008002bc4                HAL_SD_ConfigWideBusOperation
 .text.HAL_SD_GetCardState
                0x0000000008002ccc       0x28 Drivers/STM32F4xx_HAL_Driver/Src/stm32f4xx_hal_sd.o
                0x0000000008002ccc                HAL_SD_GetCardState
 .text.SD_DMAError
                0x0000000008002cf4       0x54 Drivers/STM32F4xx_HAL_Driver/Src/stm32f4xx_hal_sd.o
 .text.SD_DMATxAbort
                0x0000000008002d48       0x44 Drivers/STM32F4xx_HAL_Driver/Src/stm32f4xx_hal_sd.o
 .text.SD_DMARxAbort
                0x0000000008002d8c       0x44 Drivers/STM32F4xx_HAL_Driver/Src/stm32f4xx_hal_sd.o
 .text.HAL_SD_IRQHandler
                0x0000000008002dd0      0x1a8 Drivers/STM32F4xx_HAL_Driver/Src/stm32f4xx_hal_sd.o
                0x0000000008002dd0                HAL_SD_IRQHandler
 .text.HAL_SPI_Init
                0x0000000008002f78       0x7a Drivers/STM32F4xx_HAL_Driver/Src/stm32f4xx_hal_spi.o
                0x0000000008002f78                HAL_SPI_Init
 *fill*         0x0000000008002ff2        0x2 
 .text.TIM_OC1_SetConfig
                0x0000000008002ff4       0x58 Drivers/STM32F4xx_HAL_Driver/Src/stm32f4xx_hal_tim.o
 .text.TIM_OC3_SetConfig
                0x000000000800304c       0x60 Drivers/STM32F4xx_HAL_Driver/Src/stm32f4xx_hal_tim.o
 .text.TIM_OC4_SetConfig
                0x00000000080030ac       0x50 Drivers/STM32F4xx_HAL_Driver/Src/stm32f4xx_hal_tim.o
 .text.TIM_SlaveTimer_SetConfig
                0x00000000080030fc       0xaa Drivers/STM32F4xx_HAL_Driver/Src/stm32f4xx_hal_tim.o
 .text.HAL_TIM_OC_MspInit
                0x00000000080031a6        0x2 Drivers/STM32F4xx_HAL_Driver/Src/stm32f4xx_hal_tim.o
                0x00000000080031a6                HAL_TIM_OC_MspInit
 .text.HAL_TIM_IC_MspInit
                0x00000000080031a8        0x2 Drivers/STM32F4xx_HAL_Driver/Src/stm32f4xx_hal_tim.o
                0x00000000080031a8                HAL_TIM_IC_MspInit
 .text.HAL_TIM_ConfigClockSource
                0x00000000080031aa      0x172 Drivers/STM32F4xx_HAL_Driver/Src/stm32f4xx_hal_tim.o
                0x00000000080031aa                HAL_TIM_ConfigClockSource
 .text.HAL_TIM_SlaveConfigSynchronization
                0x000000000800331c       0x40 Drivers/STM32F4xx_HAL_Driver/Src/stm32f4xx_hal_tim.o
                0x000000000800331c                HAL_TIM_SlaveConfigSynchronization
 .text.TIM_Base_SetConfig
                0x000000000800335c       0xc8 Drivers/STM32F4xx_HAL_Driver/Src/stm32f4xx_hal_tim.o
                0x000000000800335c                TIM_Base_SetConfig
 .text.HAL_TIM_Base_Init
                0x0000000008003424       0x34 Drivers/STM32F4xx_HAL_Driver/Src/stm32f4xx_hal_tim.o
                0x0000000008003424                HAL_TIM_Base_Init
 .text.HAL_TIM_OC_Init
                0x0000000008003458       0x34 Drivers/STM32F4xx_HAL_Driver/Src/stm32f4xx_hal_tim.o
                0x0000000008003458                HAL_TIM_OC_Init
 .text.HAL_TIM_IC_Init
                0x000000000800348c       0x34 Drivers/STM32F4xx_HAL_Driver/Src/stm32f4xx_hal_tim.o
                0x000000000800348c                HAL_TIM_IC_Init
 .text.TIM_TI1_SetConfig
                0x00000000080034c0       0x74 Drivers/STM32F4xx_HAL_Driver/Src/stm32f4xx_hal_tim.o
                0x00000000080034c0                TIM_TI1_SetConfig
 .text.HAL_TIM_IC_ConfigChannel
                0x0000000008003534      0x110 Drivers/STM32F4xx_HAL_Driver/Src/stm32f4xx_hal_tim.o
                0x0000000008003534                HAL_TIM_IC_ConfigChannel
 .text.TIM_OC2_SetConfig
                0x0000000008003644       0x60 Drivers/STM32F4xx_HAL_Driver/Src/stm32f4xx_hal_tim.o
                0x0000000008003644                TIM_OC2_SetConfig
 .text.HAL_TIM_OC_ConfigChannel
                0x00000000080036a4       0x5c Drivers/STM32F4xx_HAL_Driver/Src/stm32f4xx_hal_tim.o
                0x00000000080036a4                HAL_TIM_OC_ConfigChannel
 .text.HAL_TIMEx_MasterConfigSynchronization
                0x0000000008003700       0x44 Drivers/STM32F4xx_HAL_Driver/Src/stm32f4xx_hal_tim_ex.o
                0x0000000008003700                HAL_TIMEx_MasterConfigSynchronization
 .text.HAL_TIMEx_ConfigBreakDeadTime
                0x0000000008003744       0x4c Drivers/STM32F4xx_HAL_Driver/Src/stm32f4xx_hal_tim_ex.o
                0x0000000008003744                HAL_TIMEx_ConfigBreakDeadTime
 .text.UART_SetConfig
                0x0000000008003790      0x234 Drivers/STM32F4xx_HAL_Driver/Src/stm32f4xx_hal_uart.o
 .text.HAL_UART_Init
                0x00000000080039c4       0x5c Drivers/STM32F4xx_HAL_Driver/Src/stm32f4xx_hal_uart.o
                0x00000000080039c4                HAL_UART_Init
 .text.LL_ADC_CommonInit
                0x0000000008003a20       0x48 Drivers/STM32F4xx_HAL_Driver/Src/stm32f4xx_ll_adc.o
                0x0000000008003a20                LL_ADC_CommonInit
 .text.LL_ADC_Init
                0x0000000008003a68       0x30 Drivers/STM32F4xx_HAL_Driver/Src/stm32f4xx_ll_adc.o
                0x0000000008003a68                LL_ADC_Init
 .text.LL_ADC_REG_Init
                0x0000000008003a98       0x48 Drivers/STM32F4xx_HAL_Driver/Src/stm32f4xx_ll_adc.o
                0x0000000008003a98                LL_ADC_REG_Init
 .text.LL_GPIO_Init
                0x0000000008003ae0      0x144 Drivers/STM32F4xx_HAL_Driver/Src/stm32f4xx_ll_gpio.o
                0x0000000008003ae0                LL_GPIO_Init
 .text.SDMMC_GetCmdResp2
                0x0000000008003c24       0x4c Drivers/STM32F4xx_HAL_Driver/Src/stm32f4xx_ll_sdmmc.o
 .text.SDMMC_GetCmdResp3
                0x0000000008003c70       0x40 Drivers/STM32F4xx_HAL_Driver/Src/stm32f4xx_ll_sdmmc.o
 .text.SDIO_Init
                0x0000000008003cb0       0x38 Drivers/STM32F4xx_HAL_Driver/Src/stm32f4xx_ll_sdmmc.o
                0x0000000008003cb0                SDIO_Init
 .text.SDIO_ReadFIFO
                0x0000000008003ce8        0x6 Drivers/STM32F4xx_HAL_Driver/Src/stm32f4xx_ll_sdmmc.o
                0x0000000008003ce8                SDIO_ReadFIFO
 .text.SDIO_WriteFIFO
                0x0000000008003cee        0xa Drivers/STM32F4xx_HAL_Driver/Src/stm32f4xx_ll_sdmmc.o
                0x0000000008003cee                SDIO_WriteFIFO
 .text.SDIO_PowerState_ON
                0x0000000008003cf8        0x8 Drivers/STM32F4xx_HAL_Driver/Src/stm32f4xx_ll_sdmmc.o
                0x0000000008003cf8                SDIO_PowerState_ON
 .text.SDIO_GetPowerState
                0x0000000008003d00        0x8 Drivers/STM32F4xx_HAL_Driver/Src/stm32f4xx_ll_sdmmc.o
                0x0000000008003d00                SDIO_GetPowerState
 .text.SDIO_SendCommand
                0x0000000008003d08       0x26 Drivers/STM32F4xx_HAL_Driver/Src/stm32f4xx_ll_sdmmc.o
                0x0000000008003d08                SDIO_SendCommand
 .text.SDIO_GetResponse
                0x0000000008003d2e       0x14 Drivers/STM32F4xx_HAL_Driver/Src/stm32f4xx_ll_sdmmc.o
                0x0000000008003d2e                SDIO_GetResponse
 *fill*         0x0000000008003d42        0x2 
 .text.SDMMC_GetCmdResp1
                0x0000000008003d44      0x120 Drivers/STM32F4xx_HAL_Driver/Src/stm32f4xx_ll_sdmmc.o
 .text.SDIO_ConfigData
                0x0000000008003e64       0x26 Drivers/STM32F4xx_HAL_Driver/Src/stm32f4xx_ll_sdmmc.o
                0x0000000008003e64                SDIO_ConfigData
 .text.SDMMC_CmdBlockLength
                0x0000000008003e8a       0x30 Drivers/STM32F4xx_HAL_Driver/Src/stm32f4xx_ll_sdmmc.o
                0x0000000008003e8a                SDMMC_CmdBlockLength
 .text.SDMMC_CmdReadSingleBlock
                0x0000000008003eba       0x30 Drivers/STM32F4xx_HAL_Driver/Src/stm32f4xx_ll_sdmmc.o
                0x0000000008003eba                SDMMC_CmdReadSingleBlock
 .text.SDMMC_CmdReadMultiBlock
                0x0000000008003eea       0x30 Drivers/STM32F4xx_HAL_Driver/Src/stm32f4xx_ll_sdmmc.o
                0x0000000008003eea                SDMMC_CmdReadMultiBlock
 .text.SDMMC_CmdWriteSingleBlock
                0x0000000008003f1a       0x30 Drivers/STM32F4xx_HAL_Driver/Src/stm32f4xx_ll_sdmmc.o
                0x0000000008003f1a                SDMMC_CmdWriteSingleBlock
 .text.SDMMC_CmdWriteMultiBlock
                0x0000000008003f4a       0x30 Drivers/STM32F4xx_HAL_Driver/Src/stm32f4xx_ll_sdmmc.o
                0x0000000008003f4a                SDMMC_CmdWriteMultiBlock
 *fill*         0x0000000008003f7a        0x2 
 .text.SDMMC_CmdStopTransfer
                0x0000000008003f7c       0x34 Drivers/STM32F4xx_HAL_Driver/Src/stm32f4xx_ll_sdmmc.o
                0x0000000008003f7c                SDMMC_CmdStopTransfer
 .text.SDMMC_CmdSelDesel
                0x0000000008003fb0       0x30 Drivers/STM32F4xx_HAL_Driver/Src/stm32f4xx_ll_sdmmc.o
                0x0000000008003fb0                SDMMC_CmdSelDesel
 .text.SDMMC_CmdGoIdleState
                0x0000000008003fe0       0x50 Drivers/STM32F4xx_HAL_Driver/Src/stm32f4xx_ll_sdmmc.o
                0x0000000008003fe0                SDMMC_CmdGoIdleState
 .text.SDMMC_CmdOperCond
                0x0000000008004030       0x70 Drivers/STM32F4xx_HAL_Driver/Src/stm32f4xx_ll_sdmmc.o
                0x0000000008004030                SDMMC_CmdOperCond
 .text.SDMMC_CmdAppCommand
                0x00000000080040a0       0x30 Drivers/STM32F4xx_HAL_Driver/Src/stm32f4xx_ll_sdmmc.o
                0x00000000080040a0                SDMMC_CmdAppCommand
 .text.SDMMC_CmdAppOperCommand
                0x00000000080040d0       0x32 Drivers/STM32F4xx_HAL_Driver/Src/stm32f4xx_ll_sdmmc.o
                0x00000000080040d0                SDMMC_CmdAppOperCommand
 .text.SDMMC_CmdSendSCR
                0x0000000008004102       0x30 Drivers/STM32F4xx_HAL_Driver/Src/stm32f4xx_ll_sdmmc.o
                0x0000000008004102                SDMMC_CmdSendSCR
 .text.SDMMC_CmdSendCID
                0x0000000008004132       0x2a Drivers/STM32F4xx_HAL_Driver/Src/stm32f4xx_ll_sdmmc.o
                0x0000000008004132                SDMMC_CmdSendCID
 .text.SDMMC_CmdSendCSD
                0x000000000800415c       0x2a Drivers/STM32F4xx_HAL_Driver/Src/stm32f4xx_ll_sdmmc.o
                0x000000000800415c                SDMMC_CmdSendCSD
 *fill*         0x0000000008004186        0x2 
 .text.SDMMC_CmdSetRelAdd
                0x0000000008004188       0xa8 Drivers/STM32F4xx_HAL_Driver/Src/stm32f4xx_ll_sdmmc.o
                0x0000000008004188                SDMMC_CmdSetRelAdd
 .text.SDMMC_CmdSendStatus
                0x0000000008004230       0x30 Drivers/STM32F4xx_HAL_Driver/Src/stm32f4xx_ll_sdmmc.o
                0x0000000008004230                SDMMC_CmdSendStatus
 .text.SDMMC_CmdSwitch
                0x0000000008004260       0x30 Drivers/STM32F4xx_HAL_Driver/Src/stm32f4xx_ll_sdmmc.o
                0x0000000008004260                SDMMC_CmdSwitch
 .text.SDMMC_CmdBusWidth
                0x0000000008004290        0x4 Drivers/STM32F4xx_HAL_Driver/Src/stm32f4xx_ll_sdmmc.o
                0x0000000008004290                SDMMC_CmdBusWidth
 .text.LL_TIM_Init
                0x0000000008004294       0xc8 Drivers/STM32F4xx_HAL_Driver/Src/stm32f4xx_ll_tim.o
                0x0000000008004294                LL_TIM_Init
 .text.LL_TIM_OC_Init
                0x000000000800435c      0x1b0 Drivers/STM32F4xx_HAL_Driver/Src/stm32f4xx_ll_tim.o
                0x000000000800435c                LL_TIM_OC_Init
 .text.LL_TIM_BDTR_Init
                0x000000000800450c       0x34 Drivers/STM32F4xx_HAL_Driver/Src/stm32f4xx_ll_tim.o
                0x000000000800450c                LL_TIM_BDTR_Init
 .text.FATFS_LinkDriverEx
                0x0000000008004540       0x44 Middlewares/Third_Party/FatFs/src/ff_gen_drv.o
                0x0000000008004540                FATFS_LinkDriverEx
 .text.FATFS_LinkDriver
                0x0000000008004584        0x6 Middlewares/Third_Party/FatFs/src/ff_gen_drv.o
                0x0000000008004584                FATFS_LinkDriver
 .text.osKernelStart
                0x000000000800458a        0xa Middlewares/Third_Party/FreeRTOS/Source/CMSIS_RTOS/cmsis_os.o
                0x000000000800458a                osKernelStart
 .text.osKernelRunning
                0x0000000008004594       0x10 Middlewares/Third_Party/FreeRTOS/Source/CMSIS_RTOS/cmsis_os.o
                0x0000000008004594                osKernelRunning
 .text.osKernelSysTick
                0x00000000080045a4        0xe Middlewares/Third_Party/FreeRTOS/Source/CMSIS_RTOS/cmsis_os.o
                0x00000000080045a4                osKernelSysTick
 .text.osThreadCreate
                0x00000000080045b2       0x30 Middlewares/Third_Party/FreeRTOS/Source/CMSIS_RTOS/cmsis_os.o
                0x00000000080045b2                osThreadCreate
 .text.osDelay  0x00000000080045e2       0x10 Middlewares/Third_Party/FreeRTOS/Source/CMSIS_RTOS/cmsis_os.o
                0x00000000080045e2                osDelay
 .text.osMessageCreate
                0x00000000080045f2        0x8 Middlewares/Third_Party/FreeRTOS/Source/CMSIS_RTOS/cmsis_os.o
                0x00000000080045f2                osMessageCreate
 *fill*         0x00000000080045fa        0x2 
 .text.osMessagePut
                0x00000000080045fc       0x50 Middlewares/Third_Party/FreeRTOS/Source/CMSIS_RTOS/cmsis_os.o
                0x00000000080045fc                osMessagePut
 .text.osMessageGet
                0x000000000800464c       0x74 Middlewares/Third_Party/FreeRTOS/Source/CMSIS_RTOS/cmsis_os.o
                0x000000000800464c                osMessageGet
 .text.osSystickHandler
                0x00000000080046c0       0x14 Middlewares/Third_Party/FreeRTOS/Source/CMSIS_RTOS/cmsis_os.o
                0x00000000080046c0                osSystickHandler
 .text.vListInitialise
                0x00000000080046d4       0x16 Middlewares/Third_Party/FreeRTOS/Source/list.o
                0x00000000080046d4                vListInitialise
 .text.vListInitialiseItem
                0x00000000080046ea        0x6 Middlewares/Third_Party/FreeRTOS/Source/list.o
                0x00000000080046ea                vListInitialiseItem
 .text.vListInsertEnd
                0x00000000080046f0       0x18 Middlewares/Third_Party/FreeRTOS/Source/list.o
                0x00000000080046f0                vListInsertEnd
 .text.vListInsert
                0x0000000008004708       0x2e Middlewares/Third_Party/FreeRTOS/Source/list.o
                0x0000000008004708                vListInsert
 .text.uxListRemove
                0x0000000008004736       0x20 Middlewares/Third_Party/FreeRTOS/Source/list.o
                0x0000000008004736                uxListRemove
 *fill*         0x0000000008004756        0x2 
 .text.prvTaskExitError
                0x0000000008004758       0x30 Middlewares/Third_Party/FreeRTOS/Source/portable/GCC/ARM_CM4F/port.o
 .text.prvPortStartFirstTask
                0x0000000008004788       0x20 Middlewares/Third_Party/FreeRTOS/Source/portable/GCC/ARM_CM4F/port.o
 .text.vPortEnableVFP
                0x00000000080047a8       0x14 Middlewares/Third_Party/FreeRTOS/Source/portable/GCC/ARM_CM4F/port.o
 .text.pxPortInitialiseStack
                0x00000000080047bc       0x2c Middlewares/Third_Party/FreeRTOS/Source/portable/GCC/ARM_CM4F/port.o
                0x00000000080047bc                pxPortInitialiseStack
 *fill*         0x00000000080047e8        0x8 
 .text.SVC_Handler
                0x00000000080047f0       0x24 Middlewares/Third_Party/FreeRTOS/Source/portable/GCC/ARM_CM4F/port.o
                0x00000000080047f0                SVC_Handler
 .text.vPortEnterCritical
                0x0000000008004814       0x44 Middlewares/Third_Party/FreeRTOS/Source/portable/GCC/ARM_CM4F/port.o
                0x0000000008004814                vPortEnterCritical
 .text.vPortExitCritical
                0x0000000008004858       0x28 Middlewares/Third_Party/FreeRTOS/Source/portable/GCC/ARM_CM4F/port.o
                0x0000000008004858                vPortExitCritical
 .text.PendSV_Handler
                0x0000000008004880       0x64 Middlewares/Third_Party/FreeRTOS/Source/portable/GCC/ARM_CM4F/port.o
                0x0000000008004880                PendSV_Handler
 .text.xPortSysTickHandler
                0x00000000080048e4       0x2c Middlewares/Third_Party/FreeRTOS/Source/portable/GCC/ARM_CM4F/port.o
                0x00000000080048e4                xPortSysTickHandler
 .text.vPortSetupTimerInterrupt
                0x0000000008004910       0x28 Middlewares/Third_Party/FreeRTOS/Source/portable/GCC/ARM_CM4F/port.o
                0x0000000008004910                vPortSetupTimerInterrupt
 .text.xPortStartScheduler
                0x0000000008004938       0xec Middlewares/Third_Party/FreeRTOS/Source/portable/GCC/ARM_CM4F/port.o
                0x0000000008004938                xPortStartScheduler
 .text.vPortValidateInterruptPriority
                0x0000000008004a24       0x5c Middlewares/Third_Party/FreeRTOS/Source/portable/GCC/ARM_CM4F/port.o
                0x0000000008004a24                vPortValidateInterruptPriority
 .text.unlikely.prvInsertBlockIntoFreeList
                0x0000000008004a80       0x48 Middlewares/Third_Party/FreeRTOS/Source/portable/MemMang/heap_4.o
 .text.pvPortMalloc
                0x0000000008004ac8      0x11c Middlewares/Third_Party/FreeRTOS/Source/portable/MemMang/heap_4.o
                0x0000000008004ac8                pvPortMalloc
 .text.vPortFree
                0x0000000008004be4       0x70 Middlewares/Third_Party/FreeRTOS/Source/portable/MemMang/heap_4.o
                0x0000000008004be4                vPortFree
 .text.unlikely.prvCopyDataToQueue
                0x0000000008004c54       0x66 Middlewares/Third_Party/FreeRTOS/Source/queue.o
 .text.unlikely.prvCopyDataFromQueue
                0x0000000008004cba       0x2a Middlewares/Third_Party/FreeRTOS/Source/queue.o
 .text.prvUnlockQueue
                0x0000000008004ce4       0x70 Middlewares/Third_Party/FreeRTOS/Source/queue.o
 .text.xQueueGenericReset
                0x0000000008004d54       0x80 Middlewares/Third_Party/FreeRTOS/Source/queue.o
                0x0000000008004d54                xQueueGenericReset
 .text.xQueueGenericCreate
                0x0000000008004dd4       0x42 Middlewares/Third_Party/FreeRTOS/Source/queue.o
                0x0000000008004dd4                xQueueGenericCreate
 *fill*         0x0000000008004e16        0x2 
 .text.xQueueGenericSend
                0x0000000008004e18      0x16c Middlewares/Third_Party/FreeRTOS/Source/queue.o
                0x0000000008004e18                xQueueGenericSend
 .text.xQueueGenericSendFromISR
                0x0000000008004f84       0xc4 Middlewares/Third_Party/FreeRTOS/Source/queue.o
                0x0000000008004f84                xQueueGenericSendFromISR
 .text.xQueueGenericReceive
                0x0000000008005048      0x188 Middlewares/Third_Party/FreeRTOS/Source/queue.o
                0x0000000008005048                xQueueGenericReceive
 .text.xQueueReceiveFromISR
                0x00000000080051d0       0xa0 Middlewares/Third_Party/FreeRTOS/Source/queue.o
                0x00000000080051d0                xQueueReceiveFromISR
 .text.prvResetNextTaskUnblockTime
                0x0000000008005270       0x24 Middlewares/Third_Party/FreeRTOS/Source/tasks.o
 .text.prvAddCurrentTaskToDelayedList
                0x0000000008005294       0x8c Middlewares/Third_Party/FreeRTOS/Source/tasks.o
 .text.vTaskSetTimeOutState.part.5
                0x0000000008005320       0x12 Middlewares/Third_Party/FreeRTOS/Source/tasks.o
 *fill*         0x0000000008005332        0x2 
 .text.xTaskCreate
                0x0000000008005334      0x1a0 Middlewares/Third_Party/FreeRTOS/Source/tasks.o
                0x0000000008005334                xTaskCreate
 .text.vTaskStartScheduler
                0x00000000080054d4       0x78 Middlewares/Third_Party/FreeRTOS/Source/tasks.o
                0x00000000080054d4                vTaskStartScheduler
 .text.vTaskSuspendAll
                0x000000000800554c       0x10 Middlewares/Third_Party/FreeRTOS/Source/tasks.o
                0x000000000800554c                vTaskSuspendAll
 .text.xTaskGetTickCount
                0x000000000800555c        0xc Middlewares/Third_Party/FreeRTOS/Source/tasks.o
                0x000000000800555c                xTaskGetTickCount
 .text.xTaskGetTickCountFromISR
                0x0000000008005568       0x10 Middlewares/Third_Party/FreeRTOS/Source/tasks.o
                0x0000000008005568                xTaskGetTickCountFromISR
 .text.xTaskIncrementTick
                0x0000000008005578      0x124 Middlewares/Third_Party/FreeRTOS/Source/tasks.o
                0x0000000008005578                xTaskIncrementTick
 .text.xTaskResumeAll
                0x000000000800569c       0xf0 Middlewares/Third_Party/FreeRTOS/Source/tasks.o
                0x000000000800569c                xTaskResumeAll
 .text.vTaskDelay
                0x000000000800578c       0x48 Middlewares/Third_Party/FreeRTOS/Source/tasks.o
                0x000000000800578c                vTaskDelay
 .text.prvIdleTask
                0x00000000080057d4       0x74 Middlewares/Third_Party/FreeRTOS/Source/tasks.o
 .text.vTaskSwitchContext
                0x0000000008005848       0x74 Middlewares/Third_Party/FreeRTOS/Source/tasks.o
                0x0000000008005848                vTaskSwitchContext
 .text.vTaskPlaceOnEventList
                0x00000000080058bc       0x34 Middlewares/Third_Party/FreeRTOS/Source/tasks.o
                0x00000000080058bc                vTaskPlaceOnEventList
 .text.xTaskRemoveFromEventList
                0x00000000080058f0       0x84 Middlewares/Third_Party/FreeRTOS/Source/tasks.o
                0x00000000080058f0                xTaskRemoveFromEventList
 .text.vTaskSetTimeOutState
                0x0000000008005974       0x20 Middlewares/Third_Party/FreeRTOS/Source/tasks.o
                0x0000000008005974                vTaskSetTimeOutState
 .text.xTaskCheckForTimeOut
                0x0000000008005994       0x74 Middlewares/Third_Party/FreeRTOS/Source/tasks.o
                0x0000000008005994                xTaskCheckForTimeOut
 .text.vTaskMissedYield
                0x0000000008005a08        0xc Middlewares/Third_Party/FreeRTOS/Source/tasks.o
                0x0000000008005a08                vTaskMissedYield
 .text.xTaskGetSchedulerState
                0x0000000008005a14       0x20 Middlewares/Third_Party/FreeRTOS/Source/tasks.o
                0x0000000008005a14                xTaskGetSchedulerState
 .text.vTaskPriorityInherit
                0x0000000008005a34       0x8c Middlewares/Third_Party/FreeRTOS/Source/tasks.o
                0x0000000008005a34                vTaskPriorityInherit
 .text.xTaskPriorityDisinherit
                0x0000000008005ac0       0xa0 Middlewares/Third_Party/FreeRTOS/Source/tasks.o
                0x0000000008005ac0                xTaskPriorityDisinherit
 .text.pvTaskIncrementMutexHeldCount
                0x0000000008005b60       0x18 Middlewares/Third_Party/FreeRTOS/Source/tasks.o
                0x0000000008005b60                pvTaskIncrementMutexHeldCount
 .text.CAN_Config
                0x0000000008005b78       0x78 Src/CAN_communication.o
                0x0000000008005b78                CAN_Config
 .text.setFrame
                0x0000000008005bf0       0x54 Src/CAN_communication.o
                0x0000000008005bf0                setFrame
 .text.readFrame
                0x0000000008005c44       0x58 Src/CAN_communication.o
                0x0000000008005c44                readFrame
 .text.longBip  0x0000000008005c9c        0x2 Src/Misc/physical_iface.o
                0x0000000008005c9c                longBip
 *fill*         0x0000000008005c9e        0x2 
 .text.TK_state_machine
                0x0000000008005ca0      0x314 Src/Misc/state_machine.o
                0x0000000008005ca0                TK_state_machine
 .text.LL_AHB1_GRP1_EnableClock
                0x0000000008005fb4       0x1c Src/adc.o
 .text.LL_ADC_SetChannelSamplingTime.constprop.0
                0x0000000008005fd0       0x42 Src/adc.o
 *fill*         0x0000000008006012        0x2 
 .text.MX_ADC1_Init
                0x0000000008006014       0xfc Src/adc.o
                0x0000000008006014                MX_ADC1_Init
 .text.MX_ADC2_Init
                0x0000000008006110       0xe0 Src/adc.o
                0x0000000008006110                MX_ADC2_Init
 .text.BSP_SD_Init
                0x00000000080061f0       0x34 Src/bsp_driver_sd.o
                0x00000000080061f0                BSP_SD_Init
 .text.BSP_SD_ReadBlocks_DMA
                0x0000000008006224       0x1c Src/bsp_driver_sd.o
                0x0000000008006224                BSP_SD_ReadBlocks_DMA
 .text.BSP_SD_WriteBlocks_DMA
                0x0000000008006240       0x1c Src/bsp_driver_sd.o
                0x0000000008006240                BSP_SD_WriteBlocks_DMA
 .text.BSP_SD_GetCardState
                0x000000000800625c       0x14 Src/bsp_driver_sd.o
                0x000000000800625c                BSP_SD_GetCardState
 .text.BSP_SD_GetCardInfo
                0x0000000008006270        0xc Src/bsp_driver_sd.o
                0x0000000008006270                BSP_SD_GetCardInfo
 .text.BSP_SD_AbortCallback
                0x000000000800627c        0x2 Src/bsp_driver_sd.o
                0x000000000800627c                BSP_SD_AbortCallback
 .text.HAL_SD_AbortCallback
                0x000000000800627e        0x8 Src/bsp_driver_sd.o
                0x000000000800627e                HAL_SD_AbortCallback
 .text.HAL_SD_TxCpltCallback
                0x0000000008006286        0x8 Src/bsp_driver_sd.o
                0x0000000008006286                HAL_SD_TxCpltCallback
 .text.HAL_SD_RxCpltCallback
                0x000000000800628e        0x8 Src/bsp_driver_sd.o
                0x000000000800628e                HAL_SD_RxCpltCallback
 *fill*         0x0000000008006296        0x2 
 .text.HAL_CAN_MspInit
                0x0000000008006298       0x9c Src/can.o
                0x0000000008006298                HAL_CAN_MspInit
 .text.MX_DMA_Init
                0x0000000008006334       0x88 Src/dma.o
                0x0000000008006334                MX_DMA_Init
 .text.MX_FATFS_Init
                0x00000000080063bc       0x1c Src/fatfs.o
                0x00000000080063bc                MX_FATFS_Init
 .text.StartDefaultTask
                0x00000000080063d8        0xe Src/freertos.o
                0x00000000080063d8                StartDefaultTask
 *fill*         0x00000000080063e6        0x2 
 .text.StartReadCAN
                0x00000000080063e8      0x154 Src/freertos.o
                0x00000000080063e8                StartReadCAN
 .text.MX_FREERTOS_Init
                0x000000000800653c       0x84 Src/freertos.o
                0x000000000800653c                MX_FREERTOS_Init
 .text.MX_GPIO_Init
                0x00000000080065c0       0x74 Src/gpio.o
                0x00000000080065c0                MX_GPIO_Init
 *fill*         0x0000000008006634        0x4 
 .text.TK_kalman
                0x0000000008006638      0x674 Src/gps_ekf.o
                0x0000000008006638                TK_kalman
 .text.MX_I2C3_Init
                0x0000000008006cac       0x40 Src/i2c.o
                0x0000000008006cac                MX_I2C3_Init
 .text.HAL_I2C_MspInit
                0x0000000008006cec       0xec Src/i2c.o
                0x0000000008006cec                HAL_I2C_MspInit
 .text.led_set_rgb
                0x0000000008006dd8       0x10 Src/led.o
                0x0000000008006dd8                led_set_rgb
 .text.led_init
                0x0000000008006de8       0x54 Src/led.o
                0x0000000008006de8                led_init
 .text.SystemClock_Config
                0x0000000008006e3c       0xb0 Src/main.o
                0x0000000008006e3c                SystemClock_Config
 .text.startup.main
                0x0000000008006eec       0x62 Src/main.o
                0x0000000008006eec                main
 .text.Error_Handler
                0x0000000008006f4e        0x2 Src/main.o
                0x0000000008006f4e                Error_Handler
 .text.MX_QUADSPI_Init
                0x0000000008006f50       0x38 Src/quadspi.o
                0x0000000008006f50                MX_QUADSPI_Init
 .text.HAL_QSPI_MspInit
                0x0000000008006f88       0xb0 Src/quadspi.o
                0x0000000008006f88                HAL_QSPI_MspInit
 .text.SD_CheckStatus.isra.0
                0x0000000008007038       0x20 Src/sd_diskio.o
 .text.SD_initialize
                0x0000000008007058       0x48 Src/sd_diskio.o
                0x0000000008007058                SD_initialize
 .text.SD_status
                0x00000000080070a0        0x4 Src/sd_diskio.o
                0x00000000080070a0                SD_status
 .text.SD_write.part.2
                0x00000000080070a4       0x22 Src/sd_diskio.o
 *fill*         0x00000000080070c6        0x2 
 .text.SD_read  0x00000000080070c8       0x40 Src/sd_diskio.o
                0x00000000080070c8                SD_read
 .text.SD_write
                0x0000000008007108       0x40 Src/sd_diskio.o
                0x0000000008007108                SD_write
 .text.SD_ioctl
                0x0000000008007148       0x50 Src/sd_diskio.o
                0x0000000008007148                SD_ioctl
 .text.BSP_SD_WriteCpltCallback
                0x0000000008007198       0x14 Src/sd_diskio.o
                0x0000000008007198                BSP_SD_WriteCpltCallback
 .text.BSP_SD_ReadCpltCallback
                0x00000000080071ac       0x14 Src/sd_diskio.o
                0x00000000080071ac                BSP_SD_ReadCpltCallback
 .text.MX_SDIO_SD_Init
                0x00000000080071c0       0x20 Src/sdio.o
                0x00000000080071c0                MX_SDIO_SD_Init
 .text.HAL_SD_MspInit
                0x00000000080071e0      0x190 Src/sdio.o
                0x00000000080071e0                HAL_SD_MspInit
 .text.MX_SPI2_Init
                0x0000000008007370       0x44 Src/spi.o
                0x0000000008007370                MX_SPI2_Init
 .text.HAL_SPI_MspInit
                0x00000000080073b4       0x9c Src/spi.o
                0x00000000080073b4                HAL_SPI_MspInit
 .text.zeros    0x0000000008007450       0x14 Src/src/tiny_ekf.o
 .text.mulmat   0x0000000008007464       0x68 Src/src/tiny_ekf.o
 .text.transpose
                0x00000000080074cc       0x36 Src/src/tiny_ekf.o
 .text.accum    0x0000000008007502       0x32 Src/src/tiny_ekf.o
 .text.unpack   0x0000000008007534       0x60 Src/src/tiny_ekf.o
 .text.mat_exp  0x0000000008007594       0xf8 Src/src/tiny_ekf.o
                0x0000000008007594                mat_exp
 .text.updateP  0x000000000800768c       0xe0 Src/src/tiny_ekf.o
                0x000000000800768c                updateP
 .text.ekf_init
                0x000000000800776c       0x56 Src/src/tiny_ekf.o
                0x000000000800776c                ekf_init
 *fill*         0x00000000080077c2        0x2 
 .text.ekf_step
                0x00000000080077c4      0x414 Src/src/tiny_ekf.o
                0x00000000080077c4                ekf_step
 .text.HAL_MspInit
                0x0000000008007bd8       0x44 Src/stm32f4xx_hal_msp.o
                0x0000000008007bd8                HAL_MspInit
 .text.NMI_Handler
                0x0000000008007c1c        0x2 Src/stm32f4xx_it.o
                0x0000000008007c1c                NMI_Handler
 .text.HardFault_Handler
                0x0000000008007c1e        0x2 Src/stm32f4xx_it.o
                0x0000000008007c1e                HardFault_Handler
 .text.MemManage_Handler
                0x0000000008007c20        0x2 Src/stm32f4xx_it.o
                0x0000000008007c20                MemManage_Handler
 .text.BusFault_Handler
                0x0000000008007c22        0x2 Src/stm32f4xx_it.o
                0x0000000008007c22                BusFault_Handler
 .text.UsageFault_Handler
                0x0000000008007c24        0x2 Src/stm32f4xx_it.o
                0x0000000008007c24                UsageFault_Handler
 .text.DebugMon_Handler
                0x0000000008007c26        0x2 Src/stm32f4xx_it.o
                0x0000000008007c26                DebugMon_Handler
 .text.SysTick_Handler
                0x0000000008007c28        0xe Src/stm32f4xx_it.o
                0x0000000008007c28                SysTick_Handler
 *fill*         0x0000000008007c36        0x2 
 .text.DMA1_Stream1_IRQHandler
                0x0000000008007c38        0xc Src/stm32f4xx_it.o
                0x0000000008007c38                DMA1_Stream1_IRQHandler
 .text.DMA1_Stream2_IRQHandler
                0x0000000008007c44        0xc Src/stm32f4xx_it.o
                0x0000000008007c44                DMA1_Stream2_IRQHandler
 .text.DMA1_Stream4_IRQHandler
                0x0000000008007c50        0xc Src/stm32f4xx_it.o
                0x0000000008007c50                DMA1_Stream4_IRQHandler
 .text.SDIO_IRQHandler
                0x0000000008007c5c        0xc Src/stm32f4xx_it.o
                0x0000000008007c5c                SDIO_IRQHandler
 .text.DMA2_Stream3_IRQHandler
                0x0000000008007c68        0xc Src/stm32f4xx_it.o
                0x0000000008007c68                DMA2_Stream3_IRQHandler
 .text.DMA2_Stream6_IRQHandler
                0x0000000008007c74        0xc Src/stm32f4xx_it.o
                0x0000000008007c74                DMA2_Stream6_IRQHandler
 .text.SystemInit
                0x0000000008007c80       0x4c Src/system_stm32f4xx.o
                0x0000000008007c80                SystemInit
 .text.MX_TIM3_Init
                0x0000000008007ccc       0x98 Src/tim.o
                0x0000000008007ccc                MX_TIM3_Init
 .text.MX_TIM8_Init
                0x0000000008007d64      0x170 Src/tim.o
                0x0000000008007d64                MX_TIM8_Init
 .text.HAL_TIM_Base_MspInit
                0x0000000008007ed4      0x120 Src/tim.o
                0x0000000008007ed4                HAL_TIM_Base_MspInit
 .text.HAL_TIM_MspPostInit
                0x0000000008007ff4      0x114 Src/tim.o
                0x0000000008007ff4                HAL_TIM_MspPostInit
 .text.MX_TIM1_Init
                0x0000000008008108       0xc8 Src/tim.o
                0x0000000008008108                MX_TIM1_Init
 .text.MX_TIM2_Init
                0x00000000080081d0       0xa4 Src/tim.o
                0x00000000080081d0                MX_TIM2_Init
 .text.MX_TIM4_Init
                0x0000000008008274       0x98 Src/tim.o
                0x0000000008008274                MX_TIM4_Init
 .text.MX_TIM5_Init
                0x000000000800830c       0xa8 Src/tim.o
                0x000000000800830c                MX_TIM5_Init
 .text.MX_USART1_UART_Init
                0x00000000080083b4       0x38 Src/usart.o
                0x00000000080083b4                MX_USART1_UART_Init
 .text.MX_USART3_UART_Init
                0x00000000080083ec       0x38 Src/usart.o
                0x00000000080083ec                MX_USART3_UART_Init
 .text.MX_USART6_UART_Init
                0x0000000008008424       0x38 Src/usart.o
                0x0000000008008424                MX_USART6_UART_Init
 .text.HAL_UART_MspInit
                0x000000000800845c      0x1cc Src/usart.o
                0x000000000800845c                HAL_UART_MspInit
 .text.Reset_Handler
                0x0000000008008628       0x50 startup/startup_stm32f446xx.o
                0x0000000008008628                Reset_Handler
 .text.Default_Handler
                0x0000000008008678        0x2 startup/startup_stm32f446xx.o
                0x0000000008008678                RTC_Alarm_IRQHandler
                0x0000000008008678                EXTI2_IRQHandler
                0x0000000008008678                TIM8_CC_IRQHandler
                0x0000000008008678                SPI4_IRQHandler
                0x0000000008008678                TIM1_CC_IRQHandler
                0x0000000008008678                DMA2_Stream5_IRQHandler
                0x0000000008008678                DMA1_Stream5_IRQHandler
                0x0000000008008678                PVD_IRQHandler
                0x0000000008008678                TAMP_STAMP_IRQHandler
                0x0000000008008678                CAN2_RX1_IRQHandler
                0x0000000008008678                EXTI3_IRQHandler
                0x0000000008008678                TIM8_TRG_COM_TIM14_IRQHandler
                0x0000000008008678                TIM1_UP_TIM10_IRQHandler
                0x0000000008008678                TIM8_UP_TIM13_IRQHandler
                0x0000000008008678                I2C3_ER_IRQHandler
                0x0000000008008678                FMPI2C1_Event_IRQHandler
                0x0000000008008678                EXTI0_IRQHandler
                0x0000000008008678                I2C2_EV_IRQHandler
                0x0000000008008678                CAN1_RX0_IRQHandler
                0x0000000008008678                FPU_IRQHandler
                0x0000000008008678                OTG_HS_WKUP_IRQHandler
                0x0000000008008678                CAN2_SCE_IRQHandler
                0x0000000008008678                DMA2_Stream2_IRQHandler
                0x0000000008008678                SPI1_IRQHandler
                0x0000000008008678                TIM6_DAC_IRQHandler
                0x0000000008008678                TIM1_BRK_TIM9_IRQHandler
                0x0000000008008678                DCMI_IRQHandler
                0x0000000008008678                CAN2_RX0_IRQHandler
                0x0000000008008678                SAI2_IRQHandler
                0x0000000008008678                USART6_IRQHandler
                0x0000000008008678                USART3_IRQHandler
                0x0000000008008678                CAN1_RX1_IRQHandler
                0x0000000008008678                UART5_IRQHandler
                0x0000000008008678                DMA2_Stream0_IRQHandler
                0x0000000008008678                TIM4_IRQHandler
                0x0000000008008678                QUADSPI_IRQHandler
                0x0000000008008678                I2C1_EV_IRQHandler
                0x0000000008008678                DMA1_Stream6_IRQHandler
                0x0000000008008678                UART4_IRQHandler
                0x0000000008008678                TIM3_IRQHandler
                0x0000000008008678                RCC_IRQHandler
                0x0000000008008678                TIM8_BRK_TIM12_IRQHandler
                0x0000000008008678                Default_Handler
                0x0000000008008678                CEC_IRQHandler
                0x0000000008008678                EXTI15_10_IRQHandler
                0x0000000008008678                ADC_IRQHandler
                0x0000000008008678                DMA1_Stream7_IRQHandler
                0x0000000008008678                TIM7_IRQHandler
                0x0000000008008678                CAN2_TX_IRQHandler
                0x0000000008008678                TIM5_IRQHandler
                0x0000000008008678                DMA2_Stream7_IRQHandler
                0x0000000008008678                I2C3_EV_IRQHandler
                0x0000000008008678                EXTI9_5_IRQHandler
                0x0000000008008678                RTC_WKUP_IRQHandler
                0x0000000008008678                SPDIF_RX_IRQHandler
                0x0000000008008678                SPI2_IRQHandler
                0x0000000008008678                OTG_HS_EP1_IN_IRQHandler
                0x0000000008008678                DMA1_Stream0_IRQHandler
                0x0000000008008678                CAN1_TX_IRQHandler
                0x0000000008008678                EXTI4_IRQHandler
                0x0000000008008678                OTG_HS_EP1_OUT_IRQHandler
                0x0000000008008678                WWDG_IRQHandler
                0x0000000008008678                TIM2_IRQHandler
                0x0000000008008678                OTG_FS_WKUP_IRQHandler
                0x0000000008008678                TIM1_TRG_COM_TIM11_IRQHandler
                0x0000000008008678                OTG_HS_IRQHandler
                0x0000000008008678                EXTI1_IRQHandler
                0x0000000008008678                USART2_IRQHandler
                0x0000000008008678                I2C2_ER_IRQHandler
                0x0000000008008678                DMA2_Stream1_IRQHandler
                0x0000000008008678                CAN1_SCE_IRQHandler
                0x0000000008008678                FLASH_IRQHandler
                0x0000000008008678                DMA2_Stream4_IRQHandler
                0x0000000008008678                USART1_IRQHandler
                0x0000000008008678                OTG_FS_IRQHandler
                0x0000000008008678                SPI3_IRQHandler
                0x0000000008008678                I2C1_ER_IRQHandler
                0x0000000008008678                FMC_IRQHandler
                0x0000000008008678                SAI1_IRQHandler
                0x0000000008008678                DMA1_Stream3_IRQHandler
                0x0000000008008678                FMPI2C1_Error_IRQHandler
 *fill*         0x000000000800867a        0x2 
 .text.__libc_init_array
                0x000000000800867c       0x48 /opt/Atollic_TrueSTUDIO_for_STM32_x86_64_9.0.1/ARMTools/bin/../lib/gcc/arm-atollic-eabi/6.3.1/../../../../arm-atollic-eabi/lib/armv7e-m/fpu/libc_nano.a(lib_a-init.o)
                0x000000000800867c                __libc_init_array
 .text.memcpy   0x00000000080086c4       0x16 /opt/Atollic_TrueSTUDIO_for_STM32_x86_64_9.0.1/ARMTools/bin/../lib/gcc/arm-atollic-eabi/6.3.1/../../../../arm-atollic-eabi/lib/armv7e-m/fpu/libc_nano.a(lib_a-memcpy-stub.o)
                0x00000000080086c4                memcpy
 .text.memset   0x00000000080086da       0x10 /opt/Atollic_TrueSTUDIO_for_STM32_x86_64_9.0.1/ARMTools/bin/../lib/gcc/arm-atollic-eabi/6.3.1/../../../../arm-atollic-eabi/lib/armv7e-m/fpu/libc_nano.a(lib_a-memset.o)
                0x00000000080086da                memset
 *fill*         0x00000000080086ea        0x6 
 .text.cos      0x00000000080086f0       0x88 /opt/Atollic_TrueSTUDIO_for_STM32_x86_64_9.0.1/ARMTools/bin/../lib/gcc/arm-atollic-eabi/6.3.1/../../../../arm-atollic-eabi/lib/armv7e-m/fpu/libm.a(lib_a-s_cos.o)
                0x00000000080086f0                cos
 .text.sin      0x0000000008008778       0x90 /opt/Atollic_TrueSTUDIO_for_STM32_x86_64_9.0.1/ARMTools/bin/../lib/gcc/arm-atollic-eabi/6.3.1/../../../../arm-atollic-eabi/lib/armv7e-m/fpu/libm.a(lib_a-s_sin.o)
                0x0000000008008778                sin
 .text.sqrt     0x0000000008008808       0xb4 /opt/Atollic_TrueSTUDIO_for_STM32_x86_64_9.0.1/ARMTools/bin/../lib/gcc/arm-atollic-eabi/6.3.1/../../../../arm-atollic-eabi/lib/armv7e-m/fpu/libm.a(lib_a-w_sqrt.o)
                0x0000000008008808                sqrt
 *fill*         0x00000000080088bc        0x4 
 .text.__ieee754_rem_pio2
                0x00000000080088c0      0x3e4 /opt/Atollic_TrueSTUDIO_for_STM32_x86_64_9.0.1/ARMTools/bin/../lib/gcc/arm-atollic-eabi/6.3.1/../../../../arm-atollic-eabi/lib/armv7e-m/fpu/libm.a(lib_a-e_rem_pio2.o)
                0x00000000080088c0                __ieee754_rem_pio2
 .text.__ieee754_sqrt
                0x0000000008008ca4      0x160 /opt/Atollic_TrueSTUDIO_for_STM32_x86_64_9.0.1/ARMTools/bin/../lib/gcc/arm-atollic-eabi/6.3.1/../../../../arm-atollic-eabi/lib/armv7e-m/fpu/libm.a(lib_a-e_sqrt.o)
                0x0000000008008ca4                __ieee754_sqrt
 *fill*         0x0000000008008e04        0x4 
 .text.__kernel_cos
                0x0000000008008e08      0x1cc /opt/Atollic_TrueSTUDIO_for_STM32_x86_64_9.0.1/ARMTools/bin/../lib/gcc/arm-atollic-eabi/6.3.1/../../../../arm-atollic-eabi/lib/armv7e-m/fpu/libm.a(lib_a-k_cos.o)
                0x0000000008008e08                __kernel_cos
 *fill*         0x0000000008008fd4        0x4 
 .text.__kernel_rem_pio2
                0x0000000008008fd8      0x69c /opt/Atollic_TrueSTUDIO_for_STM32_x86_64_9.0.1/ARMTools/bin/../lib/gcc/arm-atollic-eabi/6.3.1/../../../../arm-atollic-eabi/lib/armv7e-m/fpu/libm.a(lib_a-k_rem_pio2.o)
                0x0000000008008fd8                __kernel_rem_pio2
 *fill*         0x0000000008009674        0x4 
 .text.__kernel_sin
                0x0000000008009678      0x174 /opt/Atollic_TrueSTUDIO_for_STM32_x86_64_9.0.1/ARMTools/bin/../lib/gcc/arm-atollic-eabi/6.3.1/../../../../arm-atollic-eabi/lib/armv7e-m/fpu/libm.a(lib_a-k_sin.o)
                0x0000000008009678                __kernel_sin
 .text.fabs     0x00000000080097ec        0xe /opt/Atollic_TrueSTUDIO_for_STM32_x86_64_9.0.1/ARMTools/bin/../lib/gcc/arm-atollic-eabi/6.3.1/../../../../arm-atollic-eabi/lib/armv7e-m/fpu/libm.a(lib_a-s_fabs.o)
                0x00000000080097ec                fabs
 *fill*         0x00000000080097fa        0x6 
 .text.floor    0x0000000008009800      0x108 /opt/Atollic_TrueSTUDIO_for_STM32_x86_64_9.0.1/ARMTools/bin/../lib/gcc/arm-atollic-eabi/6.3.1/../../../../arm-atollic-eabi/lib/armv7e-m/fpu/libm.a(lib_a-s_floor.o)
                0x0000000008009800                floor
 .text.matherr  0x0000000008009908        0x4 /opt/Atollic_TrueSTUDIO_for_STM32_x86_64_9.0.1/ARMTools/bin/../lib/gcc/arm-atollic-eabi/6.3.1/../../../../arm-atollic-eabi/lib/armv7e-m/fpu/libm.a(lib_a-s_matherr.o)
                0x0000000008009908                matherr
 *fill*         0x000000000800990c        0x4 
 .text.scalbn   0x0000000008009910       0xf4 /opt/Atollic_TrueSTUDIO_for_STM32_x86_64_9.0.1/ARMTools/bin/../lib/gcc/arm-atollic-eabi/6.3.1/../../../../arm-atollic-eabi/lib/armv7e-m/fpu/libm.a(lib_a-s_scalbn.o)
                0x0000000008009910                scalbn
 .text.copysign
                0x0000000008009a04       0x1a /opt/Atollic_TrueSTUDIO_for_STM32_x86_64_9.0.1/ARMTools/bin/../lib/gcc/arm-atollic-eabi/6.3.1/../../../../arm-atollic-eabi/lib/armv7e-m/fpu/libm.a(lib_a-s_copysign.o)
                0x0000000008009a04                copysign
 *fill*         0x0000000008009a1e        0x2 
 .text.__errno  0x0000000008009a20        0xc /opt/Atollic_TrueSTUDIO_for_STM32_x86_64_9.0.1/ARMTools/bin/../lib/gcc/arm-atollic-eabi/6.3.1/../../../../arm-atollic-eabi/lib/armv7e-m/fpu/libc_nano.a(lib_a-errno.o)
                0x0000000008009a20                __errno
 *(.glue_7)
 .glue_7        0x0000000008009a2c        0x0 linker stubs
 *(.glue_7t)
 .glue_7t       0x0000000008009a2c        0x0 linker stubs
 *(.eh_frame)
 .eh_frame      0x0000000008009a2c        0x0 /opt/Atollic_TrueSTUDIO_for_STM32_x86_64_9.0.1/ARMTools/bin/../lib/gcc/arm-atollic-eabi/6.3.1/armv7e-m/fpu/crtbegin.o
 *(.init)
 .init          0x0000000008009a2c        0x4 /opt/Atollic_TrueSTUDIO_for_STM32_x86_64_9.0.1/ARMTools/bin/../lib/gcc/arm-atollic-eabi/6.3.1/armv7e-m/fpu/crti.o
                0x0000000008009a2c                _init
 .init          0x0000000008009a30        0x8 /opt/Atollic_TrueSTUDIO_for_STM32_x86_64_9.0.1/ARMTools/bin/../lib/gcc/arm-atollic-eabi/6.3.1/armv7e-m/fpu/crtn.o
 *(.fini)
 .fini          0x0000000008009a38        0x4 /opt/Atollic_TrueSTUDIO_for_STM32_x86_64_9.0.1/ARMTools/bin/../lib/gcc/arm-atollic-eabi/6.3.1/armv7e-m/fpu/crti.o
                0x0000000008009a38                _fini
 .fini          0x0000000008009a3c        0x8 /opt/Atollic_TrueSTUDIO_for_STM32_x86_64_9.0.1/ARMTools/bin/../lib/gcc/arm-atollic-eabi/6.3.1/armv7e-m/fpu/crtn.o
                0x0000000008009a44                . = ALIGN (0x4)
                0x0000000008009a44                _etext = .

.vfp11_veneer   0x0000000008009a44        0x0
 .vfp11_veneer  0x0000000008009a44        0x0 linker stubs

.v4_bx          0x0000000008009a44        0x0
 .v4_bx         0x0000000008009a44        0x0 linker stubs

.iplt           0x0000000008009a44        0x0
 .iplt          0x0000000008009a44        0x0 /opt/Atollic_TrueSTUDIO_for_STM32_x86_64_9.0.1/ARMTools/bin/../lib/gcc/arm-atollic-eabi/6.3.1/armv7e-m/fpu/crtbegin.o

.rodata         0x0000000008009a48      0x418
                0x0000000008009a48                . = ALIGN (0x4)
 *(.rodata)
 .rodata        0x0000000008009a48       0x50 Src/freertos.o
 .rodata        0x0000000008009a98      0x178 Src/gps_ekf.o
 .rodata        0x0000000008009c10        0x8 Src/sd_diskio.o
 *(.rodata*)
 .rodata.flagBitshiftOffset.9838
                0x0000000008009c18        0x8 Drivers/STM32F4xx_HAL_Driver/Src/stm32f4xx_hal_dma.o
 .rodata.vTaskStartScheduler.str1.1
                0x0000000008009c20        0x5 Middlewares/Third_Party/FreeRTOS/Source/tasks.o
 .rodata.str1.1
                0x0000000008009c25       0x29 Src/freertos.o
 *fill*         0x0000000008009c4e        0x2 
 .rodata.SD_Driver
                0x0000000008009c50       0x14 Src/sd_diskio.o
                0x0000000008009c50                SD_Driver
 .rodata.AHBPrescTable
                0x0000000008009c64       0x10 Src/system_stm32f4xx.o
                0x0000000008009c64                AHBPrescTable
 .rodata.APBPrescTable
                0x0000000008009c74        0x8 Src/system_stm32f4xx.o
                0x0000000008009c74                APBPrescTable
 .rodata.sqrt.str1.1
                0x0000000008009c7c        0x5 /opt/Atollic_TrueSTUDIO_for_STM32_x86_64_9.0.1/ARMTools/bin/../lib/gcc/arm-atollic-eabi/6.3.1/../../../../arm-atollic-eabi/lib/armv7e-m/fpu/libm.a(lib_a-w_sqrt.o)
 *fill*         0x0000000008009c81        0x3 
 .rodata.npio2_hw
                0x0000000008009c84       0x80 /opt/Atollic_TrueSTUDIO_for_STM32_x86_64_9.0.1/ARMTools/bin/../lib/gcc/arm-atollic-eabi/6.3.1/../../../../arm-atollic-eabi/lib/armv7e-m/fpu/libm.a(lib_a-e_rem_pio2.o)
 .rodata.two_over_pi
                0x0000000008009d04      0x108 /opt/Atollic_TrueSTUDIO_for_STM32_x86_64_9.0.1/ARMTools/bin/../lib/gcc/arm-atollic-eabi/6.3.1/../../../../arm-atollic-eabi/lib/armv7e-m/fpu/libm.a(lib_a-e_rem_pio2.o)
 *fill*         0x0000000008009e0c        0x4 
 .rodata.PIo2   0x0000000008009e10       0x40 /opt/Atollic_TrueSTUDIO_for_STM32_x86_64_9.0.1/ARMTools/bin/../lib/gcc/arm-atollic-eabi/6.3.1/../../../../arm-atollic-eabi/lib/armv7e-m/fpu/libm.a(lib_a-k_rem_pio2.o)
 .rodata.init_jk
                0x0000000008009e50       0x10 /opt/Atollic_TrueSTUDIO_for_STM32_x86_64_9.0.1/ARMTools/bin/../lib/gcc/arm-atollic-eabi/6.3.1/../../../../arm-atollic-eabi/lib/armv7e-m/fpu/libm.a(lib_a-k_rem_pio2.o)
                0x0000000008009e60                . = ALIGN (0x4)

.ARM.extab
 *(.ARM.extab* .gnu.linkonce.armextab.*)

.ARM            0x0000000008009e60        0x8
                0x0000000008009e60                __exidx_start = .
 *(.ARM.exidx*)
 .ARM.exidx     0x0000000008009e60        0x8 /opt/Atollic_TrueSTUDIO_for_STM32_x86_64_9.0.1/ARMTools/bin/../lib/gcc/arm-atollic-eabi/6.3.1/armv7e-m/fpu/libgcc.a(_udivmoddi4.o)
                0x0000000008009e68                __exidx_end = .

.rel.dyn        0x0000000008009e68        0x0
 .rel.iplt      0x0000000008009e68        0x0 /opt/Atollic_TrueSTUDIO_for_STM32_x86_64_9.0.1/ARMTools/bin/../lib/gcc/arm-atollic-eabi/6.3.1/armv7e-m/fpu/crtbegin.o

.preinit_array  0x0000000008009e68        0x0
                0x0000000008009e68                PROVIDE (__preinit_array_start, .)
 *(.preinit_array*)
                0x0000000008009e68                PROVIDE (__preinit_array_end, .)

.init_array     0x0000000008009e68        0x4
                0x0000000008009e68                PROVIDE (__init_array_start, .)
 *(SORT(.init_array.*))
 *(.init_array*)
 .init_array    0x0000000008009e68        0x4 /opt/Atollic_TrueSTUDIO_for_STM32_x86_64_9.0.1/ARMTools/bin/../lib/gcc/arm-atollic-eabi/6.3.1/armv7e-m/fpu/crtbegin.o
                0x0000000008009e6c                PROVIDE (__init_array_end, .)

.fini_array     0x0000000008009e6c        0x4
                [!provide]                        PROVIDE (__fini_array_start, .)
 *(SORT(.fini_array.*))
 *(.fini_array*)
 .fini_array    0x0000000008009e6c        0x4 /opt/Atollic_TrueSTUDIO_for_STM32_x86_64_9.0.1/ARMTools/bin/../lib/gcc/arm-atollic-eabi/6.3.1/armv7e-m/fpu/crtbegin.o
                [!provide]                        PROVIDE (__fini_array_end, .)
                0x0000000008009e70                _sidata = LOADADDR (.data)

.data           0x0000000020000000       0x7c load address 0x0000000008009e70
                0x0000000020000000                . = ALIGN (0x4)
                0x0000000020000000                _sdata = .
 *(.data)
 *(.data*)
 .data.uwTickFreq
                0x0000000020000000        0x1 Drivers/STM32F4xx_HAL_Driver/Src/stm32f4xx_hal.o
                0x0000000020000000                uwTickFreq
 *fill*         0x0000000020000001        0x3 
 .data.uwTickPrio
                0x0000000020000004        0x4 Drivers/STM32F4xx_HAL_Driver/Src/stm32f4xx_hal.o
                0x0000000020000004                uwTickPrio
 .data.uxCriticalNesting
                0x0000000020000008        0x4 Middlewares/Third_Party/FreeRTOS/Source/portable/GCC/ARM_CM4F/port.o
 .data.Stat     0x000000002000000c        0x1 Src/sd_diskio.o
 *fill*         0x000000002000000d        0x3 
 .data.SystemCoreClock
                0x0000000020000010        0x4 Src/system_stm32f4xx.o
                0x0000000020000010                SystemCoreClock
 .data.__fdlib_version
                0x0000000020000014        0x1 /opt/Atollic_TrueSTUDIO_for_STM32_x86_64_9.0.1/ARMTools/bin/../lib/gcc/arm-atollic-eabi/6.3.1/../../../../arm-atollic-eabi/lib/armv7e-m/fpu/libm.a(lib_a-s_lib_ver.o)
                0x0000000020000014                __fdlib_version
 *fill*         0x0000000020000015        0x3 
 .data._impure_ptr
                0x0000000020000018        0x4 /opt/Atollic_TrueSTUDIO_for_STM32_x86_64_9.0.1/ARMTools/bin/../lib/gcc/arm-atollic-eabi/6.3.1/../../../../arm-atollic-eabi/lib/armv7e-m/fpu/libc_nano.a(lib_a-impure.o)
                0x0000000020000018                _impure_ptr
 .data.impure_data
                0x000000002000001c       0x60 /opt/Atollic_TrueSTUDIO_for_STM32_x86_64_9.0.1/ARMTools/bin/../lib/gcc/arm-atollic-eabi/6.3.1/../../../../arm-atollic-eabi/lib/armv7e-m/fpu/libc_nano.a(lib_a-impure.o)
                0x000000002000007c                . = ALIGN (0x4)
                0x000000002000007c                _edata = .

.igot.plt       0x000000002000007c        0x0 load address 0x0000000008009eec
 .igot.plt      0x000000002000007c        0x0 /opt/Atollic_TrueSTUDIO_for_STM32_x86_64_9.0.1/ARMTools/bin/../lib/gcc/arm-atollic-eabi/6.3.1/armv7e-m/fpu/crtbegin.o

.ccmram         0x000000002000007c      0x1a0 load address 0x0000000008009eec
 .ccmram        0x000000002000007c      0x1a0 Src/freertos.o
                0x000000002000007c                IMU_buffer
                0x00000000200001bc                BARO_buffer
                0x000000002000021c                . = ALIGN (0x4)

.bss            0x000000002000021c     0x4814 load address 0x000000000800a08c
                0x000000002000021c                _sbss = .
                0x000000002000021c                __bss_start__ = _sbss
 *(.bss)
 .bss           0x000000002000021c       0x1c /opt/Atollic_TrueSTUDIO_for_STM32_x86_64_9.0.1/ARMTools/bin/../lib/gcc/arm-atollic-eabi/6.3.1/armv7e-m/fpu/crtbegin.o
 *(.bss*)
 .bss.disk      0x0000000020000238        0xc Middlewares/Third_Party/FatFs/src/ff_gen_drv.o
                0x0000000020000238                disk
 .bss.ucMaxSysCallPriority
                0x0000000020000244        0x1 Middlewares/Third_Party/FreeRTOS/Source/portable/GCC/ARM_CM4F/port.o
 *fill*         0x0000000020000245        0x3 
 .bss.ulMaxPRIGROUPValue
                0x0000000020000248        0x4 Middlewares/Third_Party/FreeRTOS/Source/portable/GCC/ARM_CM4F/port.o
 .bss.pxEnd     0x000000002000024c        0x4 Middlewares/Third_Party/FreeRTOS/Source/portable/MemMang/heap_4.o
 .bss.ucHeap    0x0000000020000250     0x3c00 Middlewares/Third_Party/FreeRTOS/Source/portable/MemMang/heap_4.o
 .bss.xBlockAllocatedBit
                0x0000000020003e50        0x4 Middlewares/Third_Party/FreeRTOS/Source/portable/MemMang/heap_4.o
 .bss.xFreeBytesRemaining
                0x0000000020003e54        0x4 Middlewares/Third_Party/FreeRTOS/Source/portable/MemMang/heap_4.o
 .bss.xMinimumEverFreeBytesRemaining
                0x0000000020003e58        0x4 Middlewares/Third_Party/FreeRTOS/Source/portable/MemMang/heap_4.o
 .bss.xStart    0x0000000020003e5c        0x8 Middlewares/Third_Party/FreeRTOS/Source/portable/MemMang/heap_4.o
 .bss.pxCurrentTCB
                0x0000000020003e64        0x4 Middlewares/Third_Party/FreeRTOS/Source/tasks.o
                0x0000000020003e64                pxCurrentTCB
 .bss.pxDelayedTaskList
                0x0000000020003e68        0x4 Middlewares/Third_Party/FreeRTOS/Source/tasks.o
 .bss.pxOverflowDelayedTaskList
                0x0000000020003e6c        0x4 Middlewares/Third_Party/FreeRTOS/Source/tasks.o
 .bss.pxReadyTasksLists
                0x0000000020003e70       0x8c Middlewares/Third_Party/FreeRTOS/Source/tasks.o
 .bss.uxCurrentNumberOfTasks
                0x0000000020003efc        0x4 Middlewares/Third_Party/FreeRTOS/Source/tasks.o
 .bss.uxDeletedTasksWaitingCleanUp
                0x0000000020003f00        0x4 Middlewares/Third_Party/FreeRTOS/Source/tasks.o
 .bss.uxPendedTicks
                0x0000000020003f04        0x4 Middlewares/Third_Party/FreeRTOS/Source/tasks.o
 .bss.uxSchedulerSuspended
                0x0000000020003f08        0x4 Middlewares/Third_Party/FreeRTOS/Source/tasks.o
 .bss.uxTaskNumber
                0x0000000020003f0c        0x4 Middlewares/Third_Party/FreeRTOS/Source/tasks.o
 .bss.uxTopReadyPriority
                0x0000000020003f10        0x4 Middlewares/Third_Party/FreeRTOS/Source/tasks.o
 .bss.xDelayedTaskList1
                0x0000000020003f14       0x14 Middlewares/Third_Party/FreeRTOS/Source/tasks.o
 .bss.xDelayedTaskList2
                0x0000000020003f28       0x14 Middlewares/Third_Party/FreeRTOS/Source/tasks.o
 .bss.xIdleTaskHandle
                0x0000000020003f3c        0x4 Middlewares/Third_Party/FreeRTOS/Source/tasks.o
 .bss.xNextTaskUnblockTime
                0x0000000020003f40        0x4 Middlewares/Third_Party/FreeRTOS/Source/tasks.o
 .bss.xNumOfOverflows
                0x0000000020003f44        0x4 Middlewares/Third_Party/FreeRTOS/Source/tasks.o
 .bss.xPendingReadyList
                0x0000000020003f48       0x14 Middlewares/Third_Party/FreeRTOS/Source/tasks.o
 .bss.xSchedulerRunning
                0x0000000020003f5c        0x4 Middlewares/Third_Party/FreeRTOS/Source/tasks.o
 .bss.xSuspendedTaskList
                0x0000000020003f60       0x14 Middlewares/Third_Party/FreeRTOS/Source/tasks.o
 .bss.xTasksWaitingTermination
                0x0000000020003f74       0x14 Middlewares/Third_Party/FreeRTOS/Source/tasks.o
 .bss.xTickCount
                0x0000000020003f88        0x4 Middlewares/Third_Party/FreeRTOS/Source/tasks.o
 .bss.xYieldPending
                0x0000000020003f8c        0x4 Middlewares/Third_Party/FreeRTOS/Source/tasks.o
 .bss.currentBaroSeqNumber
                0x0000000020003f90        0x4 Src/Misc/state_machine.o
                0x0000000020003f90                currentBaroSeqNumber
 .bss.currentImuSeqNumber
                0x0000000020003f94        0x4 Src/Misc/state_machine.o
                0x0000000020003f94                currentImuSeqNumber
 .bss.IMU_avail
                0x0000000020003f98        0x4 Src/freertos.o
                0x0000000020003f98                IMU_avail
 .bss.SDQueueID
                0x0000000020003f9c        0x4 Src/sd_diskio.o
 *(COMMON)
 COMMON         0x0000000020003fa0        0x4 Drivers/STM32F4xx_HAL_Driver/Src/stm32f4xx_hal.o
                0x0000000020003fa0                uwTick
 COMMON         0x0000000020003fa4       0x58 Src/CAN_communication.o
                0x0000000020003fa4                TxData
                0x0000000020003fac                TxMailbox
                0x0000000020003fb0                RxData
                0x0000000020003fb8                TxHeader
                0x0000000020003fd0                RxHeader
                0x0000000020003fec                current_msg
 COMMON         0x0000000020003ffc       0x1c Src/Misc/physical_iface.o
                0x0000000020003ffc                secondEventStartTime
                0x0000000020004000                currentState
                0x0000000020004004                LIFTOFF_TIME
                0x0000000020004008                airbrakes_angle
                0x000000002000400c                firstEventStartTime
                0x0000000020004010                flight_status
                0x0000000020004014                buzzerStartTime
 COMMON         0x0000000020004018        0x4 Src/Misc/state_machine.o
                0x0000000020004018                calib_initial_altitude
 COMMON         0x000000002000401c       0x28 Src/can.o
                0x000000002000401c                hcan1
 COMMON         0x0000000020004044      0x46c Src/fatfs.o
                0x0000000020004044                retSD
                0x0000000020004045                SDPath
                0x000000002000404c                SDFile
                0x000000002000427c                SDFatFS
 COMMON         0x00000000200044b0       0x10 Src/freertos.o
                0x00000000200044b0                defaultTaskHandle
                0x00000000200044b4                readCANHandle
                0x00000000200044b8                kalman_handle
                0x00000000200044bc                state_machineHandle
 COMMON         0x00000000200044c0       0x28 Src/gps_ekf.o
                0x00000000200044c0                zdata
                0x00000000200044d0                IMUb
 COMMON         0x00000000200044e8       0xb4 Src/i2c.o
                0x00000000200044e8                hi2c3
                0x000000002000453c                hdma_i2c3_rx
 COMMON         0x000000002000459c       0x4c Src/quadspi.o
                0x000000002000459c                hqspi
 COMMON         0x00000000200045e8      0x144 Src/sdio.o
                0x00000000200045e8                hdma_sdio_rx
                0x0000000020004648                hdma_sdio_tx
                0x00000000200046a8                hsd
 COMMON         0x000000002000472c       0x58 Src/spi.o
                0x000000002000472c                hspi2
 COMMON         0x0000000020004784      0x12c Src/tim.o
                0x0000000020004784                htim4
                0x00000000200047c0                htim5
                0x00000000200047fc                htim3
                0x0000000020004838                htim1
                0x0000000020004874                htim2
 COMMON         0x00000000200048b0      0x180 Src/usart.o
                0x00000000200048b0                hdma_usart3_rx
                0x0000000020004910                huart3
                0x0000000020004950                hdma_usart3_tx
                0x00000000200049b0                huart1
                0x00000000200049f0                huart6
                0x0000000020004a30                . = ALIGN (0x4)
                0x0000000020004a30                _ebss = .
                0x0000000020004a30                __bss_end__ = _ebss

._user_heap_stack
                0x0000000020004a30      0x600 load address 0x000000000800a08c
                0x0000000020004a30                . = ALIGN (0x4)
                [!provide]                        PROVIDE (end, .)
                [!provide]                        PROVIDE (_end, .)
                0x0000000020004c30                . = (. + _Min_Heap_Size)
 *fill*         0x0000000020004a30      0x200 
                0x0000000020005030                . = (. + _Min_Stack_Size)
 *fill*         0x0000000020004c30      0x400 
                0x0000000020005030                . = ALIGN (0x4)

/DISCARD/
 libc.a(*)
 libm.a(*)
 libgcc.a(*)

.ARM.attributes
                0x0000000000000000       0x30
 *(.ARM.attributes)
 .ARM.attributes
                0x0000000000000000       0x22 /opt/Atollic_TrueSTUDIO_for_STM32_x86_64_9.0.1/ARMTools/bin/../lib/gcc/arm-atollic-eabi/6.3.1/armv7e-m/fpu/crti.o
 .ARM.attributes
                0x0000000000000022       0x34 /opt/Atollic_TrueSTUDIO_for_STM32_x86_64_9.0.1/ARMTools/bin/../lib/gcc/arm-atollic-eabi/6.3.1/armv7e-m/fpu/crtbegin.o
 .ARM.attributes
                0x0000000000000056       0x39 Drivers/STM32F4xx_HAL_Driver/Src/stm32f4xx_hal.o
 .ARM.attributes
                0x000000000000008f       0x39 Drivers/STM32F4xx_HAL_Driver/Src/stm32f4xx_hal_can.o
 .ARM.attributes
                0x00000000000000c8       0x39 Drivers/STM32F4xx_HAL_Driver/Src/stm32f4xx_hal_cortex.o
 .ARM.attributes
                0x0000000000000101       0x39 Drivers/STM32F4xx_HAL_Driver/Src/stm32f4xx_hal_dma.o
 .ARM.attributes
                0x000000000000013a       0x39 Drivers/STM32F4xx_HAL_Driver/Src/stm32f4xx_hal_gpio.o
 .ARM.attributes
                0x0000000000000173       0x39 Drivers/STM32F4xx_HAL_Driver/Src/stm32f4xx_hal_i2c.o
 .ARM.attributes
                0x00000000000001ac       0x39 Drivers/STM32F4xx_HAL_Driver/Src/stm32f4xx_hal_qspi.o
 .ARM.attributes
                0x00000000000001e5       0x39 Drivers/STM32F4xx_HAL_Driver/Src/stm32f4xx_hal_rcc.o
 .ARM.attributes
                0x000000000000021e       0x39 Drivers/STM32F4xx_HAL_Driver/Src/stm32f4xx_hal_rcc_ex.o
 .ARM.attributes
                0x0000000000000257       0x39 Drivers/STM32F4xx_HAL_Driver/Src/stm32f4xx_hal_sd.o
 .ARM.attributes
                0x0000000000000290       0x39 Drivers/STM32F4xx_HAL_Driver/Src/stm32f4xx_hal_spi.o
 .ARM.attributes
                0x00000000000002c9       0x39 Drivers/STM32F4xx_HAL_Driver/Src/stm32f4xx_hal_tim.o
 .ARM.attributes
                0x0000000000000302       0x39 Drivers/STM32F4xx_HAL_Driver/Src/stm32f4xx_hal_tim_ex.o
 .ARM.attributes
                0x000000000000033b       0x39 Drivers/STM32F4xx_HAL_Driver/Src/stm32f4xx_hal_uart.o
 .ARM.attributes
                0x0000000000000374       0x39 Drivers/STM32F4xx_HAL_Driver/Src/stm32f4xx_ll_adc.o
 .ARM.attributes
                0x00000000000003ad       0x39 Drivers/STM32F4xx_HAL_Driver/Src/stm32f4xx_ll_gpio.o
 .ARM.attributes
                0x00000000000003e6       0x39 Drivers/STM32F4xx_HAL_Driver/Src/stm32f4xx_ll_sdmmc.o
 .ARM.attributes
                0x000000000000041f       0x39 Drivers/STM32F4xx_HAL_Driver/Src/stm32f4xx_ll_tim.o
 .ARM.attributes
                0x0000000000000458       0x39 Middlewares/Third_Party/FatFs/src/ff_gen_drv.o
 .ARM.attributes
                0x0000000000000491       0x39 Middlewares/Third_Party/FreeRTOS/Source/CMSIS_RTOS/cmsis_os.o
 .ARM.attributes
                0x00000000000004ca       0x39 Middlewares/Third_Party/FreeRTOS/Source/list.o
 .ARM.attributes
                0x0000000000000503       0x39 Middlewares/Third_Party/FreeRTOS/Source/portable/GCC/ARM_CM4F/port.o
 .ARM.attributes
                0x000000000000053c       0x39 Middlewares/Third_Party/FreeRTOS/Source/portable/MemMang/heap_4.o
 .ARM.attributes
                0x0000000000000575       0x39 Middlewares/Third_Party/FreeRTOS/Source/queue.o
 .ARM.attributes
                0x00000000000005ae       0x39 Middlewares/Third_Party/FreeRTOS/Source/tasks.o
 .ARM.attributes
                0x00000000000005e7       0x39 Src/CAN_communication.o
 .ARM.attributes
                0x0000000000000620       0x39 Src/Misc/physical_iface.o
 .ARM.attributes
                0x0000000000000659       0x39 Src/Misc/state_machine.o
 .ARM.attributes
                0x0000000000000692       0x39 Src/adc.o
 .ARM.attributes
                0x00000000000006cb       0x39 Src/bsp_driver_sd.o
 .ARM.attributes
                0x0000000000000704       0x39 Src/can.o
 .ARM.attributes
                0x000000000000073d       0x39 Src/dma.o
 .ARM.attributes
                0x0000000000000776       0x39 Src/fatfs.o
 .ARM.attributes
                0x00000000000007af       0x39 Src/freertos.o
 .ARM.attributes
                0x00000000000007e8       0x39 Src/gpio.o
 .ARM.attributes
                0x0000000000000821       0x39 Src/gps_ekf.o
 .ARM.attributes
                0x000000000000085a       0x39 Src/i2c.o
 .ARM.attributes
                0x0000000000000893       0x39 Src/led.o
 .ARM.attributes
                0x00000000000008cc       0x39 Src/main.o
 .ARM.attributes
                0x0000000000000905       0x39 Src/quadspi.o
 .ARM.attributes
                0x000000000000093e       0x39 Src/sd_diskio.o
 .ARM.attributes
                0x0000000000000977       0x39 Src/sdio.o
 .ARM.attributes
                0x00000000000009b0       0x39 Src/spi.o
 .ARM.attributes
                0x00000000000009e9       0x39 Src/src/tiny_ekf.o
 .ARM.attributes
                0x0000000000000a22       0x39 Src/stm32f4xx_hal_msp.o
 .ARM.attributes
                0x0000000000000a5b       0x39 Src/stm32f4xx_it.o
 .ARM.attributes
                0x0000000000000a94       0x39 Src/system_stm32f4xx.o
 .ARM.attributes
                0x0000000000000acd       0x39 Src/tim.o
 .ARM.attributes
                0x0000000000000b06       0x39 Src/usart.o
 .ARM.attributes
                0x0000000000000b3f       0x21 startup/startup_stm32f446xx.o
 .ARM.attributes
                0x0000000000000b60       0x34 /opt/Atollic_TrueSTUDIO_for_STM32_x86_64_9.0.1/ARMTools/bin/../lib/gcc/arm-atollic-eabi/6.3.1/../../../../arm-atollic-eabi/lib/armv7e-m/fpu/libc_nano.a(lib_a-init.o)
 .ARM.attributes
                0x0000000000000b94       0x34 /opt/Atollic_TrueSTUDIO_for_STM32_x86_64_9.0.1/ARMTools/bin/../lib/gcc/arm-atollic-eabi/6.3.1/../../../../arm-atollic-eabi/lib/armv7e-m/fpu/libc_nano.a(lib_a-memcpy-stub.o)
 .ARM.attributes
                0x0000000000000bc8       0x34 /opt/Atollic_TrueSTUDIO_for_STM32_x86_64_9.0.1/ARMTools/bin/../lib/gcc/arm-atollic-eabi/6.3.1/../../../../arm-atollic-eabi/lib/armv7e-m/fpu/libc_nano.a(lib_a-memset.o)
 .ARM.attributes
                0x0000000000000bfc       0x34 /opt/Atollic_TrueSTUDIO_for_STM32_x86_64_9.0.1/ARMTools/bin/../lib/gcc/arm-atollic-eabi/6.3.1/../../../../arm-atollic-eabi/lib/armv7e-m/fpu/libm.a(lib_a-s_cos.o)
 .ARM.attributes
                0x0000000000000c30       0x34 /opt/Atollic_TrueSTUDIO_for_STM32_x86_64_9.0.1/ARMTools/bin/../lib/gcc/arm-atollic-eabi/6.3.1/../../../../arm-atollic-eabi/lib/armv7e-m/fpu/libm.a(lib_a-s_sin.o)
 .ARM.attributes
                0x0000000000000c64       0x34 /opt/Atollic_TrueSTUDIO_for_STM32_x86_64_9.0.1/ARMTools/bin/../lib/gcc/arm-atollic-eabi/6.3.1/../../../../arm-atollic-eabi/lib/armv7e-m/fpu/libm.a(lib_a-w_sqrt.o)
 .ARM.attributes
                0x0000000000000c98       0x34 /opt/Atollic_TrueSTUDIO_for_STM32_x86_64_9.0.1/ARMTools/bin/../lib/gcc/arm-atollic-eabi/6.3.1/../../../../arm-atollic-eabi/lib/armv7e-m/fpu/libm.a(lib_a-e_rem_pio2.o)
 .ARM.attributes
                0x0000000000000ccc       0x34 /opt/Atollic_TrueSTUDIO_for_STM32_x86_64_9.0.1/ARMTools/bin/../lib/gcc/arm-atollic-eabi/6.3.1/../../../../arm-atollic-eabi/lib/armv7e-m/fpu/libm.a(lib_a-e_sqrt.o)
 .ARM.attributes
                0x0000000000000d00       0x34 /opt/Atollic_TrueSTUDIO_for_STM32_x86_64_9.0.1/ARMTools/bin/../lib/gcc/arm-atollic-eabi/6.3.1/../../../../arm-atollic-eabi/lib/armv7e-m/fpu/libm.a(lib_a-k_cos.o)
 .ARM.attributes
                0x0000000000000d34       0x34 /opt/Atollic_TrueSTUDIO_for_STM32_x86_64_9.0.1/ARMTools/bin/../lib/gcc/arm-atollic-eabi/6.3.1/../../../../arm-atollic-eabi/lib/armv7e-m/fpu/libm.a(lib_a-k_rem_pio2.o)
 .ARM.attributes
                0x0000000000000d68       0x34 /opt/Atollic_TrueSTUDIO_for_STM32_x86_64_9.0.1/ARMTools/bin/../lib/gcc/arm-atollic-eabi/6.3.1/../../../../arm-atollic-eabi/lib/armv7e-m/fpu/libm.a(lib_a-k_sin.o)
 .ARM.attributes
                0x0000000000000d9c       0x34 /opt/Atollic_TrueSTUDIO_for_STM32_x86_64_9.0.1/ARMTools/bin/../lib/gcc/arm-atollic-eabi/6.3.1/../../../../arm-atollic-eabi/lib/armv7e-m/fpu/libm.a(lib_a-s_fabs.o)
 .ARM.attributes
                0x0000000000000dd0       0x34 /opt/Atollic_TrueSTUDIO_for_STM32_x86_64_9.0.1/ARMTools/bin/../lib/gcc/arm-atollic-eabi/6.3.1/../../../../arm-atollic-eabi/lib/armv7e-m/fpu/libm.a(lib_a-s_floor.o)
 .ARM.attributes
                0x0000000000000e04       0x34 /opt/Atollic_TrueSTUDIO_for_STM32_x86_64_9.0.1/ARMTools/bin/../lib/gcc/arm-atollic-eabi/6.3.1/../../../../arm-atollic-eabi/lib/armv7e-m/fpu/libm.a(lib_a-s_lib_ver.o)
 .ARM.attributes
                0x0000000000000e38       0x34 /opt/Atollic_TrueSTUDIO_for_STM32_x86_64_9.0.1/ARMTools/bin/../lib/gcc/arm-atollic-eabi/6.3.1/../../../../arm-atollic-eabi/lib/armv7e-m/fpu/libm.a(lib_a-s_matherr.o)
 .ARM.attributes
                0x0000000000000e6c       0x34 /opt/Atollic_TrueSTUDIO_for_STM32_x86_64_9.0.1/ARMTools/bin/../lib/gcc/arm-atollic-eabi/6.3.1/../../../../arm-atollic-eabi/lib/armv7e-m/fpu/libm.a(lib_a-s_scalbn.o)
 .ARM.attributes
                0x0000000000000ea0       0x34 /opt/Atollic_TrueSTUDIO_for_STM32_x86_64_9.0.1/ARMTools/bin/../lib/gcc/arm-atollic-eabi/6.3.1/../../../../arm-atollic-eabi/lib/armv7e-m/fpu/libm.a(lib_a-s_copysign.o)
 .ARM.attributes
                0x0000000000000ed4       0x34 /opt/Atollic_TrueSTUDIO_for_STM32_x86_64_9.0.1/ARMTools/bin/../lib/gcc/arm-atollic-eabi/6.3.1/../../../../arm-atollic-eabi/lib/armv7e-m/fpu/libc_nano.a(lib_a-errno.o)
 .ARM.attributes
                0x0000000000000f08       0x34 /opt/Atollic_TrueSTUDIO_for_STM32_x86_64_9.0.1/ARMTools/bin/../lib/gcc/arm-atollic-eabi/6.3.1/../../../../arm-atollic-eabi/lib/armv7e-m/fpu/libc_nano.a(lib_a-impure.o)
 .ARM.attributes
                0x0000000000000f3c       0x22 /opt/Atollic_TrueSTUDIO_for_STM32_x86_64_9.0.1/ARMTools/bin/../lib/gcc/arm-atollic-eabi/6.3.1/armv7e-m/fpu/libgcc.a(_arm_addsubdf3.o)
 .ARM.attributes
                0x0000000000000f5e       0x22 /opt/Atollic_TrueSTUDIO_for_STM32_x86_64_9.0.1/ARMTools/bin/../lib/gcc/arm-atollic-eabi/6.3.1/armv7e-m/fpu/libgcc.a(_arm_muldivdf3.o)
 .ARM.attributes
                0x0000000000000f80       0x22 /opt/Atollic_TrueSTUDIO_for_STM32_x86_64_9.0.1/ARMTools/bin/../lib/gcc/arm-atollic-eabi/6.3.1/armv7e-m/fpu/libgcc.a(_arm_cmpdf2.o)
 .ARM.attributes
                0x0000000000000fa2       0x22 /opt/Atollic_TrueSTUDIO_for_STM32_x86_64_9.0.1/ARMTools/bin/../lib/gcc/arm-atollic-eabi/6.3.1/armv7e-m/fpu/libgcc.a(_arm_unorddf2.o)
 .ARM.attributes
                0x0000000000000fc4       0x22 /opt/Atollic_TrueSTUDIO_for_STM32_x86_64_9.0.1/ARMTools/bin/../lib/gcc/arm-atollic-eabi/6.3.1/armv7e-m/fpu/libgcc.a(_arm_fixdfsi.o)
 .ARM.attributes
                0x0000000000000fe6       0x22 /opt/Atollic_TrueSTUDIO_for_STM32_x86_64_9.0.1/ARMTools/bin/../lib/gcc/arm-atollic-eabi/6.3.1/armv7e-m/fpu/libgcc.a(_arm_truncdfsf2.o)
 .ARM.attributes
                0x0000000000001008       0x22 /opt/Atollic_TrueSTUDIO_for_STM32_x86_64_9.0.1/ARMTools/bin/../lib/gcc/arm-atollic-eabi/6.3.1/armv7e-m/fpu/libgcc.a(_aeabi_uldivmod.o)
 .ARM.attributes
                0x000000000000102a       0x34 /opt/Atollic_TrueSTUDIO_for_STM32_x86_64_9.0.1/ARMTools/bin/../lib/gcc/arm-atollic-eabi/6.3.1/armv7e-m/fpu/libgcc.a(_udivmoddi4.o)
 .ARM.attributes
                0x000000000000105e       0x22 /opt/Atollic_TrueSTUDIO_for_STM32_x86_64_9.0.1/ARMTools/bin/../lib/gcc/arm-atollic-eabi/6.3.1/armv7e-m/fpu/libgcc.a(_dvmd_tls.o)
 .ARM.attributes
                0x0000000000001080       0x22 /opt/Atollic_TrueSTUDIO_for_STM32_x86_64_9.0.1/ARMTools/bin/../lib/gcc/arm-atollic-eabi/6.3.1/armv7e-m/fpu/crtn.o
OUTPUT(new_ioc_test.elf elf32-littlearm)

.debug_info     0x0000000000000000    0x46d0b
 .debug_info    0x0000000000000000     0x123e Drivers/STM32F4xx_HAL_Driver/Src/stm32f4xx_hal.o
 .debug_info    0x000000000000123e     0x17e0 Drivers/STM32F4xx_HAL_Driver/Src/stm32f4xx_hal_can.o
 .debug_info    0x0000000000002a1e     0x1762 Drivers/STM32F4xx_HAL_Driver/Src/stm32f4xx_hal_cortex.o
 .debug_info    0x0000000000004180     0x125c Drivers/STM32F4xx_HAL_Driver/Src/stm32f4xx_hal_dma.o
 .debug_info    0x00000000000053dc      0xfd6 Drivers/STM32F4xx_HAL_Driver/Src/stm32f4xx_hal_gpio.o
 .debug_info    0x00000000000063b2     0x3799 Drivers/STM32F4xx_HAL_Driver/Src/stm32f4xx_hal_i2c.o
 .debug_info    0x0000000000009b4b     0x1edd Drivers/STM32F4xx_HAL_Driver/Src/stm32f4xx_hal_qspi.o
 .debug_info    0x000000000000ba28     0x12a9 Drivers/STM32F4xx_HAL_Driver/Src/stm32f4xx_hal_rcc.o
 .debug_info    0x000000000000ccd1     0x1404 Drivers/STM32F4xx_HAL_Driver/Src/stm32f4xx_hal_rcc_ex.o
 .debug_info    0x000000000000e0d5     0x2aa1 Drivers/STM32F4xx_HAL_Driver/Src/stm32f4xx_hal_sd.o
 .debug_info    0x0000000000010b76     0x23d2 Drivers/STM32F4xx_HAL_Driver/Src/stm32f4xx_hal_spi.o