stm32f4xx_ll_rcc.h:4223:26:LL_RCC_PLL_IsReady	0	static
stm32f4xx_ll_rcc.c:202:13:LL_RCC_DeInit	8	static
stm32f4xx_ll_rcc.c:825:10:LL_RCC_GetCECClockFreq	0	static
stm32f4xx_ll_rcc.c:1172:10:RCC_GetHCLKClockFreq	0	static
stm32f4xx_ll_rcc.c:1183:10:RCC_GetPCLK1ClockFreq	0	static
stm32f4xx_ll_rcc.c:1194:10:RCC_GetPCLK2ClockFreq	0	static
stm32f4xx_ll_rcc.c:1205:10:RCC_PLL_GetFreqDomain_SYS	8	static
stm32f4xx_ll_rcc.c:1134:10:RCC_GetSystemClockFreq	0	static
stm32f4xx_ll_rcc.c:318:6:LL_RCC_GetSystemClocksFreq	8	static
stm32f4xx_ll_rcc.c:341:10:LL_RCC_GetFMPI2CClockFreq	8	static
stm32f4xx_ll_rcc.c:1249:10:RCC_PLL_GetFreqDomain_48M	0	static
stm32f4xx_ll_rcc.c:1372:10:RCC_PLL_GetFreqDomain_SAI	0	static
stm32f4xx_ll_rcc.c:1341:10:RCC_PLL_GetFreqDomain_SPDIFRX	0	static
stm32f4xx_ll_rcc.c:1311:10:RCC_PLL_GetFreqDomain_I2S	0	static
stm32f4xx_ll_rcc.c:1413:10:RCC_PLLSAI_GetFreqDomain_SAI	8	static
stm32f4xx_ll_rcc.c:1445:10:RCC_PLLSAI_GetFreqDomain_48M	0	static
stm32f4xx_ll_rcc.c:697:10:LL_RCC_GetSDIOClockFreq	8	static
stm32f4xx_ll_rcc.c:863:10:LL_RCC_GetUSBClockFreq	8	static
stm32f4xx_ll_rcc.c:1513:10:RCC_PLLI2S_GetFreqDomain_SAI	8	static
stm32f4xx_ll_rcc.c:557:10:LL_RCC_GetSAIClockFreq	8	static
stm32f4xx_ll_rcc.c:1559:10:RCC_PLLI2S_GetFreqDomain_SPDIFRX	0	static
stm32f4xx_ll_rcc.c:1088:10:LL_RCC_GetSPDIFRXClockFreq	8	static
stm32f4xx_ll_rcc.c:1589:10:RCC_PLLI2S_GetFreqDomain_I2S	0	static
stm32f4xx_ll_rcc.c:385:10:LL_RCC_GetI2SClockFreq	8	static
