stm32f4xx_it.c:91:6:NMI_Handler	0	static
stm32f4xx_it.c:104:6:HardFault_Handler	0	static
stm32f4xx_it.c:119:6:MemManage_Handler	0	static
stm32f4xx_it.c:134:6:BusFault_Handler	0	static
stm32f4xx_it.c:149:6:UsageFault_Handler	0	static
stm32f4xx_it.c:164:6:DebugMon_Handler	0	static
stm32f4xx_it.c:177:6:SysTick_Handler	8	static
stm32f4xx_it.c:199:6:DMA1_Stream1_IRQHandler	0	static
stm32f4xx_it.c:213:6:DMA1_Stream2_IRQHandler	0	static
stm32f4xx_it.c:227:6:DMA1_Stream4_IRQHandler	0	static
stm32f4xx_it.c:241:6:SDIO_IRQHandler	0	static
stm32f4xx_it.c:255:6:DMA2_Stream3_IRQHandler	0	static
stm32f4xx_it.c:269:6:DMA2_Stream6_IRQHandler	0	static
